Component: ARM Compiler 5.06 update 6 (build 750) Tool: armlink [4d35ed]

==============================================================================

Section Cross References

    startup_stm32f10x_hd.o(STACK) refers (Special) to heapauxi.o(.text) for __use_two_region_memory
    startup_stm32f10x_hd.o(HEAP) refers (Special) to heapauxi.o(.text) for __use_two_region_memory
    startup_stm32f10x_hd.o(RESET) refers (Special) to heapauxi.o(.text) for __use_two_region_memory
    startup_stm32f10x_hd.o(RESET) refers to startup_stm32f10x_hd.o(STACK) for __initial_sp
    startup_stm32f10x_hd.o(RESET) refers to startup_stm32f10x_hd.o(.text) for Reset_Handler
    startup_stm32f10x_hd.o(RESET) refers to stm32f10x_it.o(i.NMI_Handler) for NMI_Handler
    startup_stm32f10x_hd.o(RESET) refers to stm32f10x_it.o(i.HardFault_Handler) for HardFault_Handler
    startup_stm32f10x_hd.o(RESET) refers to stm32f10x_it.o(i.MemManage_Handler) for MemManage_Handler
    startup_stm32f10x_hd.o(RESET) refers to stm32f10x_it.o(i.BusFault_Handler) for BusFault_Handler
    startup_stm32f10x_hd.o(RESET) refers to stm32f10x_it.o(i.UsageFault_Handler) for UsageFault_Handler
    startup_stm32f10x_hd.o(RESET) refers to stm32f10x_it.o(i.SVC_Handler) for SVC_Handler
    startup_stm32f10x_hd.o(RESET) refers to stm32f10x_it.o(i.DebugMon_Handler) for DebugMon_Handler
    startup_stm32f10x_hd.o(RESET) refers to stm32f10x_it.o(i.PendSV_Handler) for PendSV_Handler
    startup_stm32f10x_hd.o(RESET) refers to stm32f10x_it.o(i.SysTick_Handler) for SysTick_Handler
    startup_stm32f10x_hd.o(RESET) refers to usart.o(i.USART1_IRQHandler) for USART1_IRQHandler
    startup_stm32f10x_hd.o(.text) refers (Special) to heapauxi.o(.text) for __use_two_region_memory
    startup_stm32f10x_hd.o(.text) refers to system_stm32f10x.o(i.SystemInit) for SystemInit
    startup_stm32f10x_hd.o(.text) refers to __main.o(!!!main) for __main
    startup_stm32f10x_hd.o(.text) refers to startup_stm32f10x_hd.o(HEAP) for Heap_Mem
    startup_stm32f10x_hd.o(.text) refers to startup_stm32f10x_hd.o(STACK) for Stack_Mem
    system_stm32f10x.o(i.SystemCoreClockUpdate) refers to system_stm32f10x.o(.data) for SystemCoreClock
    system_stm32f10x.o(i.SystemInit) refers to system_stm32f10x.o(i._ZN40_INTERNAL_18_system_stm32f10x_c_5d646a6711SetSysClockEv) for [local to system_stm32f10x_c]::SetSysClock()
    system_stm32f10x.o(i._ZN40_INTERNAL_18_system_stm32f10x_c_5d646a6711SetSysClockEv) refers to system_stm32f10x.o(i._ZN40_INTERNAL_18_system_stm32f10x_c_5d646a6715SetSysClockTo72Ev) for [local to system_stm32f10x_c]::SetSysClockTo72()
    system_stm32f10x.o(.ARM.exidx) refers to system_stm32f10x.o(i._ZN40_INTERNAL_18_system_stm32f10x_c_5d646a6715SetSysClockTo72Ev) for i._ZN40_INTERNAL_18_system_stm32f10x_c_5d646a6715SetSysClockTo72Ev
    system_stm32f10x.o(.ARM.exidx) refers to system_stm32f10x.o(i._ZN40_INTERNAL_18_system_stm32f10x_c_5d646a6711SetSysClockEv) for i._ZN40_INTERNAL_18_system_stm32f10x_c_5d646a6711SetSysClockEv
    system_stm32f10x.o(.ARM.exidx) refers to system_stm32f10x.o(i.SystemInit) for i.SystemInit
    system_stm32f10x.o(.ARM.exidx) refers to system_stm32f10x.o(i.SystemCoreClockUpdate) for i.SystemCoreClockUpdate
    misc.o(.ARM.exidx) refers to misc.o(i.NVIC_PriorityGroupConfig) for i.NVIC_PriorityGroupConfig
    misc.o(.ARM.exidx) refers to misc.o(i.NVIC_Init) for i.NVIC_Init
    misc.o(.ARM.exidx) refers to misc.o(i.NVIC_SetVectorTable) for i.NVIC_SetVectorTable
    misc.o(.ARM.exidx) refers to misc.o(i.NVIC_SystemLPConfig) for i.NVIC_SystemLPConfig
    misc.o(.ARM.exidx) refers to misc.o(i.SysTick_CLKSourceConfig) for i.SysTick_CLKSourceConfig
    stm32f10x_adc.o(i.ADC_DeInit) refers to stm32f10x_rcc.o(i.RCC_APB2PeriphResetCmd) for RCC_APB2PeriphResetCmd
    stm32f10x_adc.o(.ARM.exidx) refers to stm32f10x_adc.o(i.ADC_DeInit) for i.ADC_DeInit
    stm32f10x_adc.o(.ARM.exidx) refers to stm32f10x_adc.o(i.ADC_Init) for i.ADC_Init
    stm32f10x_adc.o(.ARM.exidx) refers to stm32f10x_adc.o(i.ADC_StructInit) for i.ADC_StructInit
    stm32f10x_adc.o(.ARM.exidx) refers to stm32f10x_adc.o(i.ADC_Cmd) for i.ADC_Cmd
    stm32f10x_adc.o(.ARM.exidx) refers to stm32f10x_adc.o(i.ADC_DMACmd) for i.ADC_DMACmd
    stm32f10x_adc.o(.ARM.exidx) refers to stm32f10x_adc.o(i.ADC_ITConfig) for i.ADC_ITConfig
    stm32f10x_adc.o(.ARM.exidx) refers to stm32f10x_adc.o(i.ADC_ResetCalibration) for i.ADC_ResetCalibration
    stm32f10x_adc.o(.ARM.exidx) refers to stm32f10x_adc.o(i.ADC_GetResetCalibrationStatus) for i.ADC_GetResetCalibrationStatus
    stm32f10x_adc.o(.ARM.exidx) refers to stm32f10x_adc.o(i.ADC_StartCalibration) for i.ADC_StartCalibration
    stm32f10x_adc.o(.ARM.exidx) refers to stm32f10x_adc.o(i.ADC_GetCalibrationStatus) for i.ADC_GetCalibrationStatus
    stm32f10x_adc.o(.ARM.exidx) refers to stm32f10x_adc.o(i.ADC_SoftwareStartConvCmd) for i.ADC_SoftwareStartConvCmd
[...]
    __rt_lib_shutdown_heap_1                 0x0800025f   Thumb Code     0  libshutdown2.o(.ARM.Collect$$libshutdown$$0000000F)
    __rt_lib_shutdown_return                 0x0800025f   Thumb Code     0  libshutdown2.o(.ARM.Collect$$libshutdown$$00000010)
    __rt_lib_shutdown_signal_1               0x0800025f   Thumb Code     0  libshutdown2.o(.ARM.Collect$$libshutdown$$0000000A)
    __rt_lib_shutdown_stdio_1                0x0800025f   Thumb Code     0  libshutdown2.o(.ARM.Collect$$libshutdown$$00000004)
    __rt_lib_shutdown_user_alloc_1           0x0800025f   Thumb Code     0  libshutdown2.o(.ARM.Collect$$libshutdown$$0000000C)
    __rt_entry                               0x08000261   Thumb Code     0  __rtentry.o(.ARM.Collect$$rtentry$$00000000)
    __rt_entry_presh_1                       0x08000261   Thumb Code     0  __rtentry2.o(.ARM.Collect$$rtentry$$00000002)
    __rt_entry_sh                            0x08000261   Thumb Code     0  __rtentry4.o(.ARM.Collect$$rtentry$$00000004)
    __rt_entry_li                            0x08000267   Thumb Code     0  __rtentry2.o(.ARM.Collect$$rtentry$$0000000A)
    __rt_entry_postsh_1                      0x08000267   Thumb Code     0  __rtentry2.o(.ARM.Collect$$rtentry$$00000009)
    __rt_entry_main                          0x0800026b   Thumb Code     0  __rtentry2.o(.ARM.Collect$$rtentry$$0000000D)
    __rt_entry_postli_1                      0x0800026b   Thumb Code     0  __rtentry2.o(.ARM.Collect$$rtentry$$0000000C)
    __rt_exit                                0x08000273   Thumb Code     0  rtexit.o(.ARM.Collect$$rtexit$$00000000)
    __rt_exit_ls                             0x08000275   Thumb Code     0  rtexit2.o(.ARM.Collect$$rtexit$$00000003)
    __rt_exit_prels_1                        0x08000275   Thumb Code     0  rtexit2.o(.ARM.Collect$$rtexit$$00000002)
    __rt_exit_exit                           0x08000279   Thumb Code     0  rtexit2.o(.ARM.Collect$$rtexit$$00000004)
    Reset_Handler                            0x08000281   Thumb Code     8  startup_stm32f10x_hd.o(.text)
    _maybe_terminate_alloc                   0x08000281   Thumb Code     0  maybetermalloc1.o(.emb_text)
    ADC1_2_IRQHandler                        0x0800029b   Thumb Code     0  startup_stm32f10x_hd.o(.text)
    ADC3_IRQHandler                          0x0800029b   Thumb Code     0  startup_stm32f10x_hd.o(.text)
    CAN1_RX1_IRQHandler                      0x0800029b   Thumb Code     0  startup_stm32f10x_hd.o(.text)
    CAN1_SCE_IRQHandler                      0x0800029b   Thumb Code     0  startup_stm32f10x_hd.o(.text)
    DMA1_Channel1_IRQHandler                 0x0800029b   Thumb Code     0  startup_stm32f10x_hd.o(.text)
    DMA1_Channel2_IRQHandler                 0x0800029b   Thumb Code     0  startup_stm32f10x_hd.o(.text)
    DMA1_Channel3_IRQHandler                 0x0800029b   Thumb Code     0  startup_stm32f10x_hd.o(.text)
    DMA1_Channel4_IRQHandler                 0x0800029b   Thumb Code     0  startup_stm32f10x_hd.o(.text)
    DMA1_Channel5_IRQHandler                 0x0800029b   Thumb Code     0  startup_stm32f10x_hd.o(.text)
    DMA1_Channel6_IRQHandler                 0x0800029b   Thumb Code     0  startup_stm32f10x_hd.o(.text)
    DMA1_Channel7_IRQHandler                 0x0800029b   Thumb Code     0  startup_stm32f10x_hd.o(.text)
    DMA2_Channel1_IRQHandler                 0x0800029b   Thumb Code     0  startup_stm32f10x_hd.o(.text)
    DMA2_Channel2_IRQHandler                 0x0800029b   Thumb Code     0  startup_stm32f10x_hd.o(.text)
    DMA2_Channel3_IRQHandler                 0x0800029b   Thumb Code     0  startup_stm32f10x_hd.o(.text)
    DMA2_Channel4_5_IRQHandler               0x0800029b   Thumb Code     0  startup_stm32f10x_hd.o(.text)
    EXTI0_IRQHandler                         0x0800029b   Thumb Code     0  startup_stm32f10x_hd.o(.text)
    EXTI15_10_IRQHandler                     0x0800029b   Thumb Code     0  startup_stm32f10x_hd.o(.text)
    EXTI1_IRQHandler                         0x0800029b   Thumb Code     0  startup_stm32f10x_hd.o(.text)
    EXTI2_IRQHandler                         0x0800029b   Thumb Code     0  startup_stm32f10x_hd.o(.text)
    EXTI3_IRQHandler                         0x0800029b   Thumb Code     0  startup_stm32f10x_hd.o(.text)
    EXTI4_IRQHandler                         0x0800029b   Thumb Code     0  startup_stm32f10x_hd.o(.text)
    EXTI9_5_IRQHandler                       0x0800029b   Thumb Code     0  startup_stm32f10x_hd.o(.text)
    FLASH_IRQHandler                         0x0800029b   Thumb Code     0  startup_stm32f10x_hd.o(.text)
    FSMC_IRQHandler                          0x0800029b   Thumb Code     0  startup_stm32f10x_hd.o(.text)
    I2C1_ER_IRQHandler                       0x0800029b   Thumb Code     0  startup_stm32f10x_hd.o(.text)
    I2C1_EV_IRQHandler                       0x0800029b   Thumb Code     0  startup_stm32f10x_hd.o(.text)
    I2C2_ER_IRQHandler                       0x0800029b   Thumb Code     0  startup_stm32f10x_hd.o(.text)
    I2C2_EV_IRQHandler                       0x0800029b   Thumb Code     0  startup_stm32f10x_hd.o(.text)
    PVD_IRQHandler                           0x0800029b   Thumb Code     0  startup_stm32f10x_hd.o(.text)
    RCC_IRQHandler                           0x0800029b   Thumb Code     0  startup_stm32f10x_hd.o(.text)
    RTCAlarm_IRQHandler                      0x0800029b   Thumb Code     0  startup_stm32f10x_hd.o(.text)
    RTC_IRQHandler                           0x0800029b   Thumb Code     0  startup_stm32f10x_hd.o(.text)
    SDIO_IRQHandler                          0x0800029b   Thumb Code     0  startup_stm32f10x_hd.o(.text)
    SPI1_IRQHandler                          0x0800029b   Thumb Code     0  startup_stm32f10x_hd.o(.text)
    SPI2_IRQHandler                          0x0800029b   Thumb Code     0  startup_stm32f10x_hd.o(.text)
    SPI3_IRQHandler                          0x0800029b   Thumb Code     0  startup_stm32f10x_hd.o(.text)
    TAMPER_IRQHandler                        0x0800029b   Thumb Code     0  startup_stm32f10x_hd.o(.text)
    TIM1_BRK_IRQHandler                      0x0800029b   Thumb Code     0  startup_stm32f10x_hd.o(.text)
    TIM1_CC_IRQHandler                       0x0800029b   Thumb Code     0  startup_stm32f10x_hd.o(.text)
    TIM1_TRG_COM_IRQHandler                  0x0800029b   Thumb Code     0  startup_stm32f10x_hd.o(.text)
    TIM1_UP_IRQHandler                       0x0800029b   Thumb Code     0  startup_stm32f10x_hd.o(.text)
    TIM2_IRQHandler                          0x0800029b   Thumb Code     0  startup_stm32f10x_hd.o(.text)
    TIM3_IRQHandler                          0x0800029b   Thumb Code     0  startup_stm32f10x_hd.o(.text)
    TIM4_IRQHandler                          0x0800029b   Thumb Code     0  startup_stm32f10x_hd.o(.text)
    TIM5_IRQHandler                          0x0800029b   Thumb Code     0  startup_stm32f10x_hd.o(.text)
    TIM6_IRQHandler                          0x0800029b   Thumb Code     0  startup_stm32f10x_hd.o(.text)
    TIM7_IRQHandler                          0x0800029b   Thumb Code     0  startup_stm32f10x_hd.o(.text)
    TIM8_BRK_IRQHandler                      0x0800029b   Thumb Code     0  startup_stm32f10x_hd.o(.text)
    TIM8_CC_IRQHandler                       0x0800029b   Thumb Code     0  startup_stm32f10x_hd.o(.text)
    TIM8_TRG_COM_IRQHandler                  0x0800029b   Thumb Code     0  startup_stm32f10x_hd.o(.text)
    TIM8_UP_IRQHandler                       0x0800029b   Thumb Code     0  startup_stm32f10x_hd.o(.text)
    UART4_IRQHandler                         0x0800029b   Thumb Code     0  startup_stm32f10x_hd.o(.text)
    UART5_IRQHandler                         0x0800029b   Thumb Code     0  startup_stm32f10x_hd.o(.text)
    USART2_IRQHandler                        0x0800029b   Thumb Code     0  startup_stm32f10x_hd.o(.text)
    USART3_IRQHandler                        0x0800029b   Thumb Code     0  startup_stm32f10x_hd.o(.text)
    USBWakeUp_IRQHandler                     0x0800029b   Thumb Code     0  startup_stm32f10x_hd.o(.text)
    USB_HP_CAN1_TX_IRQHandler                0x0800029b   Thumb Code     0  startup_stm32f10x_hd.o(.text)
    USB_LP_CAN1_RX0_IRQHandler               0x0800029b   Thumb Code     0  startup_stm32f10x_hd.o(.text)
    WWDG_IRQHandler                          0x0800029b   Thumb Code     0  startup_stm32f10x_hd.o(.text)
    __user_initial_stackheap                 0x0800029d   Thumb Code     0  startup_stm32f10x_hd.o(.text)
    free                                     0x080002c1   Thumb Code    78  h1_free.o(.text)
    asprintf                                 0x0800030f   Thumb Code    54  asprintf.o(.text)
    __aeabi_memclr4                          0x08000345   Thumb Code     0  rt_memclr_w.o(.text)
    __aeabi_memclr8                          0x08000345   Thumb Code     0  rt_memclr_w.o(.text)
    __rt_memclr_w                            0x08000345   Thumb Code    78  rt_memclr_w.o(.text)
    _memset_w                                0x08000349   Thumb Code     0  rt_memclr_w.o(.text)
    __use_two_region_memory                  0x08000393   Thumb Code     2  heapauxi.o(.text)
    __rt_heap_escrow                         0x08000395   Thumb Code     2  heapauxi.o(.text)
    __rt_heap_expand                         0x08000397   Thumb Code     2  heapauxi.o(.text)
    __rt_heap_descriptor                     0x08000399   Thumb Code     8  rt_heap_descriptor_intlibspace.o(.text)
    __use_no_heap                            0x080003a1   Thumb Code     2  hguard.o(.text)
    __heap$guard                             0x080003a3   Thumb Code     2  hguard.o(.text)
    _terminate_user_alloc                    0x080003a5   Thumb Code     2  init_alloc.o(.text)
    _init_user_alloc                         0x080003a7   Thumb Code     2  init_alloc.o(.text)
    __Heap_Full                              0x080003a9   Thumb Code    34  init_alloc.o(.text)
    __Heap_Broken                            0x080003cb   Thumb Code     6  init_alloc.o(.text)
    _init_alloc                              0x080003d1   Thumb Code    94  init_alloc.o(.text)
    malloc                                   0x0800042f   Thumb Code    94  h1_alloc.o(.text)
    __read_errno                             0x0800048d   Thumb Code    10  _rserrno.o(.text)
    __set_errno                              0x08000497   Thumb Code    12  _rserrno.o(.text)
    vsnprintf                                0x080004a5   Thumb Code    48  vsnprintf.o(.text)
    _printf_pre_padding                      0x080004d9   Thumb Code    44  _printf_pad.o(.text)
    _printf_post_padding                     0x08000505   Thumb Code    34  _printf_pad.o(.text)
    _printf_truncate_signed                  0x08000527   Thumb Code    18  _printf_truncate.o(.text)
    _printf_truncate_unsigned                0x08000539   Thumb Code    18  _printf_truncate.o(.text)
    _printf_str                              0x0800054b   Thumb Code    82  _printf_str.o(.text)
    _printf_int_dec                          0x0800059d   Thumb Code   104  _printf_dec.o(.text)
    _printf_charcount                        0x08000615   Thumb Code    40  _printf_charcount.o(.text)
    _printf_wctomb                           0x0800063d   Thumb Code   182  _printf_wctomb.o(.text)
    _printf_longlong_dec                     0x080006f9   Thumb Code   108  _printf_longlong_dec.o(.text)
    _printf_longlong_oct                     0x08000775   Thumb Code    66  _printf_oct_int_ll.o(.text)
    _printf_int_oct                          0x080007b7   Thumb Code    24  _printf_oct_int_ll.o(.text)
    _printf_ll_oct                           0x080007cf   Thumb Code    12  _printf_oct_int_ll.o(.text)
    _printf_longlong_hex                     0x080007e5   Thumb Code    86  _printf_hex_int_ll_ptr.o(.text)
    _printf_int_hex                          0x0800083b   Thumb Code    28  _printf_hex_int_ll_ptr.o(.text)
    _printf_ll_hex                           0x08000857   Thumb Code    12  _printf_hex_int_ll_ptr.o(.text)
    _printf_hex_ptr                          0x08000863   Thumb Code    18  _printf_hex_int_ll_ptr.o(.text)
    __printf                                 0x08000879   Thumb Code   388  __printf_flags_ss_wp.o(.text)
    __user_libspace                          0x08000a01   Thumb Code     8  libspace.o(.text)
    __user_perproc_libspace                  0x08000a01   Thumb Code     0  libspace.o(.text)
    __user_perthread_libspace                0x08000a01   Thumb Code     0  libspace.o(.text)
    __aeabi_errno_addr                       0x08000a09   Thumb Code     8  rt_errno_addr_intlibspace.o(.text)
    __errno$intlibspace                      0x08000a09   Thumb Code     0  rt_errno_addr_intlibspace.o(.text)
    __rt_errno_addr$intlibspace              0x08000a09   Thumb Code     0  rt_errno_addr_intlibspace.o(.text)
    __Heap_Initialize                        0x08000a11   Thumb Code    10  h1_init.o(.text)
    __Heap_DescSize                          0x08000a1b   Thumb Code     4  h1_init.o(.text)
    __Heap_ProvideMemory                     0x08000a1f   Thumb Code    52  h1_extend.o(.text)
    _ll_udiv10                               0x08000a53   Thumb Code   138  lludiv10.o(.text)
    _printf_int_common                       0x08000add   Thumb Code   178  _printf_intcommon.o(.text)
    __lib_sel_fp_printf                      0x08000b8f   Thumb Code     2  _printf_fp_dec.o(.text)
    _printf_fp_dec_real                      0x08000d41   Thumb Code   620  _printf_fp_dec.o(.text)
    _printf_fp_hex_real                      0x08000fad   Thumb Code   756  _printf_fp_hex.o(.text)
    _printf_char_common                      0x080012b3   Thumb Code    32  _printf_char_common.o(.text)
    _sputc                                   0x080012d9   Thumb Code    10  _sputc.o(.text)
    _snputc                                  0x080012e3   Thumb Code    16  _snputc.o(.text)
    _printf_cs_common                        0x080012f3   Thumb Code    20  _printf_char.o(.text)
    _printf_char                             0x08001307   Thumb Code    16  _printf_char.o(.text)
    _printf_string                           0x08001317   Thumb Code     8  _printf_char.o(.text)
    _printf_lcs_common                       0x0800131f   Thumb Code    20  _printf_wchar.o(.text)
    _printf_wchar                            0x08001333   Thumb Code    16  _printf_wchar.o(.text)
    _printf_wstring                          0x08001343   Thumb Code     8  _printf_wchar.o(.text)
    _wcrtomb                                 0x0800134b   Thumb Code    64  _wcrtomb.o(.text)
    __rt_SIGRTMEM                            0x0800138b   Thumb Code    14  defsig_rtmem_outer.o(.text)
    __user_setup_stackheap                   0x08001399   Thumb Code    74  sys_stackheap_outer.o(.text)
    __rt_ctype_table                         0x080013e5   Thumb Code    16  rt_ctype_table.o(.text)
    __rt_locale                              0x080013f5   Thumb Code     8  rt_locale_intlibspace.o(.text)
    _printf_fp_infnan                        0x080013fd   Thumb Code   112  _printf_fp_infnan.o(.text)
    _btod_etento                             0x0800147d   Thumb Code   224  bigflt0.o(.text)
    exit                                     0x08001561   Thumb Code    18  exit.o(.text)
    __sig_exit                               0x08001573   Thumb Code    10  defsig_exit.o(.text)
    __rt_SIGRTMEM_inner                      0x0800157d   Thumb Code    22  defsig_rtmem_inner.o(.text)
    _sys_exit                                0x080015cd   Thumb Code     8  sys_exit.o(.text)
    __I$use$semihosting                      0x080015d9   Thumb Code     0  use_no_semi.o(.text)
    __use_no_semihosting_swi                 0x080015d9   Thumb Code     2  use_no_semi.o(.text)
    __default_signal_display                 0x080015db   Thumb Code    50  defsig_general.o(.text)
    __semihosting_library_function           0x080015db   Thumb Code     0  indicate_semi.o(.text)
    strcmp                                   0x0800160d   Thumb Code   128  strcmpv7m.o(.text)
    _ttywrch                                 0x0800168d   Thumb Code    14  sys_wrch.o(.text)
    _btod_d2e                                0x0800169b   Thumb Code    62  btod.o(CL$$btod_d2e)
    _d2e_denorm_low                          0x080016d9   Thumb Code    70  btod.o(CL$$btod_d2e_denorm_low)
    _d2e_norm_op1                            0x0800171f   Thumb Code    96  btod.o(CL$$btod_d2e_norm_op1)
    __btod_div_common                        0x0800177f   Thumb Code   696  btod.o(CL$$btod_div_common)
    _e2e                                     0x08001ab7   Thumb Code   220  btod.o(CL$$btod_e2e)
    _btod_ediv                               0x08001b93   Thumb Code    42  btod.o(CL$$btod_ediv)
    _btod_emul                               0x08001bbd   Thumb Code    42  btod.o(CL$$btod_emul)
    __btod_mult_common                       0x08001be7   Thumb Code   580  btod.o(CL$$btod_mult_common)
    BKP_TamperPinCmd                         0x08001e2d   Thumb Code     6  stm32f10x_bkp.o(i.BKP_TamperPinCmd)
    BusFault_Handler                         0x08001e39   Thumb Code     4  stm32f10x_it.o(i.BusFault_Handler)
    DebugMon_Handler                         0x08001e3d   Thumb Code     2  stm32f10x_it.o(i.DebugMon_Handler)
    GPIO_Init                                0x08001e3f   Thumb Code   278  stm32f10x_gpio.o(i.GPIO_Init)
    GPIO_PinRemapConfig                      0x08001f55   Thumb Code   138  stm32f10x_gpio.o(i.GPIO_PinRemapConfig)
    HardFault_Handler                        0x08001fe5   Thumb Code     4  stm32f10x_it.o(i.HardFault_Handler)
    IIC_Ack                                  0x08001fe9   Thumb Code    66  sim-iic.o(i.IIC_Ack)
    IIC_Init                                 0x08002039   Thumb Code    52  sim-iic.o(i.IIC_Init)
    IIC_NAck                                 0x08002079   Thumb Code    66  sim-iic.o(i.IIC_NAck)
    IIC_Read_Byte                            0x080020c9   Thumb Code    98  sim-iic.o(i.IIC_Read_Byte)
    IIC_Send_Byte                            0x08002139   Thumb Code    90  sim-iic.o(i.IIC_Send_Byte)
    IIC_Start                                0x080021a1   Thumb Code    64  sim-iic.o(i.IIC_Start)
    IIC_Stop                                 0x080021ed   Thumb Code    64  sim-iic.o(i.IIC_Stop)
    IIC_Wait_Ack                             0x08002239   Thumb Code    86  sim-iic.o(i.IIC_Wait_Ack)
    MemManage_Handler                        0x0800229d   Thumb Code     4  stm32f10x_it.o(i.MemManage_Handler)
    NMI_Handler                              0x080022a1   Thumb Code     2  stm32f10x_it.o(i.NMI_Handler)
    NVIC_Init                                0x080022a5   Thumb Code   100  misc.o(i.NVIC_Init)
    NVIC_PriorityGroupConfig                 0x08002315   Thumb Code    10  misc.o(i.NVIC_PriorityGroupConfig)
    PWR_BackupAccessCmd                      0x08002329   Thumb Code     6  stm32f10x_pwr.o(i.PWR_BackupAccessCmd)
    PendSV_Handler                           0x08002335   Thumb Code     2  stm32f10x_it.o(i.PendSV_Handler)
    RCC_APB1PeriphClockCmd                   0x08002339   Thumb Code    26  stm32f10x_rcc.o(i.RCC_APB1PeriphClockCmd)
    RCC_APB2PeriphClockCmd                   0x08002359   Thumb Code    26  stm32f10x_rcc.o(i.RCC_APB2PeriphClockCmd)
    RCC_GetClocksFreq                        0x08002379   Thumb Code   192  stm32f10x_rcc.o(i.RCC_GetClocksFreq)
    RCC_LSEConfig                            0x0800244d   Thumb Code    46  stm32f10x_rcc.o(i.RCC_LSEConfig)
    SVC_Handler                              0x08002481   Thumb Code     2  stm32f10x_it.o(i.SVC_Handler)
    SysTick_CLKSourceConfig                  0x08002483   Thumb Code    40  misc.o(i.SysTick_CLKSourceConfig)
    SysTick_Handler                          0x080024ab   Thumb Code     2  stm32f10x_it.o(i.SysTick_Handler)
    SystemInit                               0x080024ad   Thumb Code    78  system_stm32f10x.o(i.SystemInit)
    TIM_ARRPreloadConfig                     0x0800250d   Thumb Code    24  stm32f10x_tim.o(i.TIM_ARRPreloadConfig)
    TIM_ClearFlag                            0x08002525   Thumb Code     6  stm32f10x_tim.o(i.TIM_ClearFlag)
    TIM_Cmd                                  0x0800252b   Thumb Code    24  stm32f10x_tim.o(i.TIM_Cmd)
    TIM_CtrlPWMOutputs                       0x08002543   Thumb Code    30  stm32f10x_tim.o(i.TIM_CtrlPWMOutputs)
    TIM_EncoderInterfaceConfig               0x08002561   Thumb Code    66  stm32f10x_tim.o(i.TIM_EncoderInterfaceConfig)
    TIM_ICInit                               0x080025a5   Thumb Code   150  stm32f10x_tim.o(i.TIM_ICInit)
    TIM_ICStructInit                         0x08002651   Thumb Code    18  stm32f10x_tim.o(i.TIM_ICStructInit)
    TIM_ITConfig                             0x08002663   Thumb Code    18  stm32f10x_tim.o(i.TIM_ITConfig)
    TIM_OC1Init                              0x08002675   Thumb Code   132  stm32f10x_tim.o(i.TIM_OC1Init)
    TIM_OC1PreloadConfig                     0x0800270d   Thumb Code    18  stm32f10x_tim.o(i.TIM_OC1PreloadConfig)
    TIM_OC2Init                              0x08002721   Thumb Code   154  stm32f10x_tim.o(i.TIM_OC2Init)
    TIM_OC2PreloadConfig                     0x080027c5   Thumb Code    26  stm32f10x_tim.o(i.TIM_OC2PreloadConfig)
    TIM_OC3Init                              0x080027e1   Thumb Code   150  stm32f10x_tim.o(i.TIM_OC3Init)
    TIM_OC3PreloadConfig                     0x08002881   Thumb Code    18  stm32f10x_tim.o(i.TIM_OC3PreloadConfig)
    TIM_OC4Init                              0x08002895   Thumb Code   114  stm32f10x_tim.o(i.TIM_OC4Init)
    TIM_OC4PreloadConfig                     0x08002911   Thumb Code    26  stm32f10x_tim.o(i.TIM_OC4PreloadConfig)
    TIM_SetCounter                           0x0800292b   Thumb Code     4  stm32f10x_tim.o(i.TIM_SetCounter)
    TIM_SetIC1Prescaler                      0x0800292f   Thumb Code    18  stm32f10x_tim.o(i.TIM_SetIC1Prescaler)
    TIM_SetIC2Prescaler                      0x08002941   Thumb Code    26  stm32f10x_tim.o(i.TIM_SetIC2Prescaler)
    TIM_SetIC3Prescaler                      0x0800295b   Thumb Code    18  stm32f10x_tim.o(i.TIM_SetIC3Prescaler)
    TIM_SetIC4Prescaler                      0x0800296d   Thumb Code    26  stm32f10x_tim.o(i.TIM_SetIC4Prescaler)
    TIM_TimeBaseInit                         0x08002989   Thumb Code   122  stm32f10x_tim.o(i.TIM_TimeBaseInit)
    TIM_TimeBaseStructInit                   0x08002a2d   Thumb Code    18  stm32f10x_tim.o(i.TIM_TimeBaseStructInit)
    USART1_IRQHandler                        0x08002a41   Thumb Code   244  usart.o(i.USART1_IRQHandler)
    USART_ClearITPendingBit                  0x08002b5d   Thumb Code    30  stm32f10x_usart.o(i.USART_ClearITPendingBit)
    USART_Cmd                                0x08002b7b   Thumb Code    24  stm32f10x_usart.o(i.USART_Cmd)
    USART_GetFlagStatus                      0x08002b93   Thumb Code    26  stm32f10x_usart.o(i.USART_GetFlagStatus)
    USART_GetITStatus                        0x08002bad   Thumb Code    84  stm32f10x_usart.o(i.USART_GetITStatus)
    USART_ITConfig                           0x08002c01   Thumb Code    74  stm32f10x_usart.o(i.USART_ITConfig)
    USART_Init                               0x08002c4d   Thumb Code   210  stm32f10x_usart.o(i.USART_Init)
    USART_SendData                           0x08002d25   Thumb Code     8  stm32f10x_usart.o(i.USART_SendData)
    UsageFault_Handler                       0x08002d2d   Thumb Code     4  stm32f10x_it.o(i.UsageFault_Handler)
    CImu::MPU9250_READ_MAG()                 0x08003411   Thumb Code   174  imu.o(i._ZN4CImu16MPU9250_READ_MAGEv)
    CImu::MPU9250_Read_Reg(unsigned char, unsigned char) 0x080034bf   Thumb Code    82  imu.o(i._ZN4CImu16MPU9250_Read_RegEhh)
    CImu::MPU9250_READ_GYRO()                0x08003511   Thumb Code   138  imu.o(i._ZN4CImu17MPU9250_READ_GYROEv)
    CImu::MPU9250_Write_Reg(unsigned char, unsigned char, unsigned char) 0x0800359b   Thumb Code    58  imu.o(i._ZN4CImu17MPU9250_Write_RegEhhh)
    CImu::MPU9250_READ_ACCEL()               0x080035d5   Thumb Code   138  imu.o(i._ZN4CImu18MPU9250_READ_ACCELEv)
    CImu::ReadData()                         0x08003661   Thumb Code   224  imu.o(i._ZN4CImu8ReadDataEv)
    CImu::CImu(CDebug*)                      0x0800375d   Thumb Code   172  imu.o(i._ZN4CImuC1EP6CDebug)
    CImu::CImu__sub_object(CDebug*)          0x0800375d   Thumb Code     0  imu.o(i._ZN4CImuC1EP6CDebug)
    CKey::KEY_Click()                        0x08003841   Thumb Code    34  key.o(i._ZN4CKey9KEY_ClickEv)
    CKey::CKey()                             0x0800386d   Thumb Code    52  key.o(i._ZN4CKeyC1Ev)
    CKey::CKey__sub_object()                 0x0800386d   Thumb Code     0  key.o(i._ZN4CKeyC1Ev)
    CPS2::PS2_SetInit()                      0x080038a9   Thumb Code    42  pstwo.o(i._ZN4CPS211PS2_SetInitEv)
    CPS2::PS2_ReadData()                     0x080038d5   Thumb Code   188  pstwo.o(i._ZN4CPS212PS2_ReadDataEv)
    CPS2::PS2_ClearData()                    0x080039a5   Thumb Code    22  pstwo.o(i._ZN4CPS213PS2_ClearDataEv)
    CPS2::PS2_ShortPoll()                    0x080039bd   Thumb Code    72  pstwo.o(i._ZN4CPS213PS2_ShortPollEv)
    CPS2::PS2_AnologData(PS2_POLL)           0x08003a0d   Thumb Code     8  pstwo.o(i._ZN4CPS214PS2_AnologDataE8PS2_POLL)
    CPS2::PS2_ExitConfing()                  0x08003a15   Thumb Code   104  pstwo.o(i._ZN4CPS215PS2_ExitConfingEv)
    CPS2::PS2_GPIO_Config()                  0x08003a85   Thumb Code    84  pstwo.o(i._ZN4CPS215PS2_GPIO_ConfigEv)
    CPS2::PS2_EnterConfing()                 0x08003ae1   Thumb Code   104  pstwo.o(i._ZN4CPS216PS2_EnterConfingEv)
    CPS2::PS2_IfKeyBnClicked(PS2_KEY)        0x08003b51   Thumb Code    54  pstwo.o(i._ZN4CPS218PS2_IfKeyBnClickedE7PS2_KEY)
    CPS2::PS2_IfKeyBnPressed(PS2_KEY)        0x08003b8d   Thumb Code    16  pstwo.o(i._ZN4CPS218PS2_IfKeyBnPressedE7PS2_KEY)
    CPS2::PS2_TurnOnAnalogMode()             0x08003b9d   Thumb Code    98  pstwo.o(i._ZN4CPS220PS2_TurnOnAnalogModeEv)
    CPS2::PS2_Cmd(unsigned char)             0x08003c09   Thumb Code   122  pstwo.o(i._ZN4CPS27PS2_CmdEh)
    CPS2::CPS2(CDebug*)                      0x08003c95   Thumb Code    48  pstwo.o(i._ZN4CPS2C1EP6CDebug)
    CPS2::CPS2__sub_object(CDebug*)          0x08003c95   Thumb Code     0  pstwo.o(i._ZN4CPS2C1EP6CDebug)
    CTim::WaitForTime(CTim::CNT_STATE, unsigned char) 0x08003ce9   Thumb Code   144  timer.o(i._ZN4CTim11WaitForTimeENS_9CNT_STATEEh)
    CTim::CTim(CDebug*)                      0x08003d99   Thumb Code    50  timer.o(i._ZN4CTimC1EP6CDebug)
    CTim::CTim__sub_object(CDebug*)          0x08003d99   Thumb Code     0  timer.o(i._ZN4CTimC1EP6CDebug)
    CDebug::OLED_Clear()                     0x08003df5   Thumb Code    38  debug.o(i._ZN6CDebug10OLED_ClearEv)
    CDebug::ErrorHandle(const char*, const char*) 0x08003e1d   Thumb Code    66  debug.o(i._ZN6CDebug11ErrorHandleEPKcS1_)
    CDebug::LED_Control(LED_STATE, unsigned char) 0x08003e69   Thumb Code    24  debug.o(i._ZN6CDebug11LED_ControlE9LED_STATEh)
    CDebug::OLED_WR_Byte(unsigned char, unsigned char) 0x08003e85   Thumb Code    82  debug.o(i._ZN6CDebug12OLED_WR_ByteEhh)
    CDebug::OLED_ShowChar(unsigned char, unsigned char, unsigned char, unsigned char, unsigned char) 0x08003edd   Thumb Code   170  debug.o(i._ZN6CDebug13OLED_ShowCharEhhhhh)
    CDebug::OLED_DrawPoint(unsigned char, unsigned char, unsigned char) 0x08003f91   Thumb Code   110  debug.o(i._ZN6CDebug14OLED_DrawPointEhhh)
    CDebug::OLED_ShowNumber(unsigned char, unsigned char, unsigned, unsigned char, unsigned char) 0x08003fff   Thumb Code   152  debug.o(i._ZN6CDebug15OLED_ShowNumberEhhjhh)
    CDebug::OLED_ShowString(unsigned char, unsigned char, const char*) 0x08004097   Thumb Code    76  debug.o(i._ZN6CDebug15OLED_ShowStringEhhPKc)
    CDebug::OLED_Refresh_Gram()              0x080040e3   Thumb Code    78  debug.o(i._ZN6CDebug17OLED_Refresh_GramEv)
    CDebug::ShowInfo(const char*, const char*) 0x08004131   Thumb Code    58  debug.o(i._ZN6CDebug8ShowInfoEPKcS1_)
    CDebug::OLED_Init()                      0x08004175   Thumb Code   306  debug.o(i._ZN6CDebug9OLED_InitEv)
    CDebug::CDebug(CKey*)                    0x080042b1   Thumb Code    68  debug.o(i._ZN6CDebugC1EP4CKey)
    CDebug::CDebug__sub_object(CKey*)        0x080042b1   Thumb Code     0  debug.o(i._ZN6CDebugC1EP4CKey)
    CMotor::MotorSpeedSet(short, short)      0x0800431d   Thumb Code   126  motor.o(i._ZN6CMotor13MotorSpeedSetEss)
    CMotor::ServoCompareSet(float)           0x080043a5   Thumb Code    40  motor.o(i._ZN6CMotor15ServoCompareSetEf)
    CMotor::CMotor(CDebug*)                  0x080043d9   Thumb Code    70  motor.o(i._ZN6CMotorC1EP6CDebug)
    CMotor::CMotor__sub_object(CDebug*)      0x080043d9   Thumb Code     0  motor.o(i._ZN6CMotorC1EP6CDebug)
    CUSART::IsDataRefreshed()                0x08004449   Thumb Code     8  usart.o(i._ZN6CUSART15IsDataRefreshedEv)
    CUSART::RecvData()                       0x08004455   Thumb Code    16  usart.o(i._ZN6CUSART8RecvDataEv)
    CUSART::SendData(const unsigned char*, unsigned short) 0x0800446d   Thumb Code    60  usart.o(i._ZN6CUSART8SendDataEPKht)
    CUSART::SendData(const CUSART::Data_Sended&) 0x080044ad   Thumb Code    66  usart.o(i._ZN6CUSART8SendDataERKNS_11Data_SendedE)
    CUSART::CUSART(CDebug*)                  0x080044f5   Thumb Code   196  usart.o(i._ZN6CUSARTC1EP6CDebug)
    CUSART::CUSART__sub_object(CDebug*)      0x080044f5   Thumb Code     0  usart.o(i._ZN6CUSARTC1EP6CDebug)
    CControl::AnglePretreat(unsigned char)   0x080045e9   Thumb Code    46  control.o(i._ZN8CControl13AnglePretreatEh)
    CControl::SpeedPretreat(unsigned char)   0x0800461d   Thumb Code    48  control.o(i._ZN8CControl13SpeedPretreatEh)
    CControl::Kinematic_Analysis(float, float, int, int, bool, bool) 0x08004651   Thumb Code  1312  control.o(i._ZN8CControl18Kinematic_AnalysisEffiibb)
    CControl::Incremental_PI_Left(int, int)  0x08004b71   Thumb Code   156  control.o(i._ZN8CControl19Incremental_PI_LeftEii)
    CControl::Incremental_PI_Right(int, int) 0x08004c19   Thumb Code   170  control.o(i._ZN8CControl20Incremental_PI_RightEii)
    CControl::kallman_filtering_left(float)  0x08004cd5   Thumb Code   170  control.o(i._ZN8CControl22kallman_filtering_leftEf)
    CControl::kallman_filtering_right(float) 0x08004d8d   Thumb Code   170  control.o(i._ZN8CControl23kallman_filtering_rightEf)
    CControl::CControl(CDebug*, CEncoder*, CMotor*) 0x08004e45   Thumb Code    82  control.o(i._ZN8CControlC1EP6CDebugP8CEncoderP6CMotor)
    CControl::CControl__sub_object(CDebug*, CEncoder*, CMotor*) 0x08004e45   Thumb Code     0  control.o(i._ZN8CControlC1EP6CDebugP8CEncoderP6CMotor)
    CEncoder::Read_LEncoder()                0x08004ecd   Thumb Code    34  encoder.o(i._ZN8CEncoder13Read_LEncoderEv)
    CEncoder::Read_REncoder()                0x08004ef1   Thumb Code    30  encoder.o(i._ZN8CEncoder13Read_REncoderEv)
    CEncoder::CEncoder(CDebug*)              0x08004f15   Thumb Code    44  encoder.o(i._ZN8CEncoderC1EP6CDebug)
    CEncoder::CEncoder__sub_object(CDebug*)  0x08004f15   Thumb Code     0  encoder.o(i._ZN8CEncoderC1EP6CDebug)
    __ARM_fpclassify                         0x08004f69   Thumb Code    40  fpclassify.o(i.__ARM_fpclassify)
    __ieee754_rem_pio2                       0x08004f91   Thumb Code   828  rred.o(i.__ieee754_rem_pio2)
    __kernel_poly                            0x08005319   Thumb Code   170  poly.o(i.__kernel_poly)
    __kernel_tan                             0x080053c5   Thumb Code   586  tan_i.o(i.__kernel_tan)
    __mathlib_dbl_infnan                     0x08005641   Thumb Code     6  dunder.o(i.__mathlib_dbl_infnan)
    __mathlib_dbl_invalid                    0x08005647   Thumb Code    12  dunder.o(i.__mathlib_dbl_invalid)
    __mathlib_dbl_underflow                  0x08005655   Thumb Code    10  dunder.o(i.__mathlib_dbl_underflow)
    _is_digit                                0x08005665   Thumb Code    14  __printf_wp.o(i._is_digit)
    delay_init                               0x08005675   Thumb Code    50  delay.o(i.delay_init)
    delay_ms                                 0x080056b9   Thumb Code    72  delay.o(i.delay_ms)
    delay_us                                 0x08005705   Thumb Code    72  delay.o(i.delay_us)
    main                                     0x08005751   Thumb Code  1256  main.o(i.main)
    tan                                      0x08005c4d   Thumb Code    90  tan.o(i.tan)
    _get_lc_numeric                          0x08005cb1   Thumb Code    44  lc_numeric_c.o(locale$$code)
    _get_lc_ctype                            0x08005cdd   Thumb Code    44  lc_ctype_c.o(locale$$code)
    __aeabi_d2f                              0x08005d09   Thumb Code     0  d2f.o(x$fpl$d2f)
    _d2f                                     0x08005d09   Thumb Code    98  d2f.o(x$fpl$d2f)
    __aeabi_dadd                             0x08005d6d   Thumb Code     0  daddsub_clz.o(x$fpl$dadd)
    _dadd                                    0x08005d6d   Thumb Code   332  daddsub_clz.o(x$fpl$dadd)
    __fpl_dcheck_NaN1                        0x08005ebd   Thumb Code    10  dcheck1.o(x$fpl$dcheck1)
    __aeabi_ddiv                             0x08005ecd   Thumb Code     0  ddiv.o(x$fpl$ddiv)
    _ddiv                                    0x08005ecd   Thumb Code   552  ddiv.o(x$fpl$ddiv)
    __aeabi_d2iz                             0x0800617d   Thumb Code     0  dfix.o(x$fpl$dfix)
    _dfix                                    0x0800617d   Thumb Code    94  dfix.o(x$fpl$dfix)
    __aeabi_d2uiz                            0x080061dd   Thumb Code     0  dfixu.o(x$fpl$dfixu)
    _dfixu                                   0x080061dd   Thumb Code    90  dfixu.o(x$fpl$dfixu)
    __aeabi_i2d                              0x08006237   Thumb Code     0  dflt_clz.o(x$fpl$dflt)
    _dflt                                    0x08006237   Thumb Code    46  dflt_clz.o(x$fpl$dflt)
    __aeabi_ui2d                             0x08006265   Thumb Code     0  dflt_clz.o(x$fpl$dfltu)
    _dfltu                                   0x08006265   Thumb Code    38  dflt_clz.o(x$fpl$dfltu)
    __aeabi_dmul                             0x0800628d   Thumb Code     0  dmul.o(x$fpl$dmul)
    _dmul                                    0x0800628d   Thumb Code   332  dmul.o(x$fpl$dmul)
    __fpl_dnaninf                            0x080063e1   Thumb Code   156  dnaninf.o(x$fpl$dnaninf)
    __fpl_dretinf                            0x0800647d   Thumb Code    12  dretinf.o(x$fpl$dretinf)
    __aeabi_drsub                            0x08006489   Thumb Code     0  daddsub_clz.o(x$fpl$drsb)
    _drsb                                    0x08006489   Thumb Code    22  daddsub_clz.o(x$fpl$drsb)
    __aeabi_dsub                             0x080064a1   Thumb Code     0  daddsub_clz.o(x$fpl$dsub)
    _dsub                                    0x080064a1   Thumb Code   464  daddsub_clz.o(x$fpl$dsub)
    __aeabi_f2d                              0x08006675   Thumb Code     0  f2d.o(x$fpl$f2d)
    _f2d                                     0x08006675   Thumb Code    86  f2d.o(x$fpl$f2d)
    __aeabi_fadd                             0x080066cd   Thumb Code     0  faddsub_clz.o(x$fpl$fadd)
    _fadd                                    0x080066cd   Thumb Code   196  faddsub_clz.o(x$fpl$fadd)
    __fpl_fcmp_Inf                           0x08006791   Thumb Code    24  fcmpi.o(x$fpl$fcmpinf)
    __aeabi_fdiv                             0x080067a9   Thumb Code     0  fdiv.o(x$fpl$fdiv)
    _fdiv                                    0x080067a9   Thumb Code   384  fdiv.o(x$fpl$fdiv)
    __aeabi_f2iz                             0x0800692d   Thumb Code     0  ffix.o(x$fpl$ffix)
    _ffix                                    0x0800692d   Thumb Code    54  ffix.o(x$fpl$ffix)
    __aeabi_f2uiz                            0x08006965   Thumb Code     0  ffixu.o(x$fpl$ffixu)
    _ffixu                                   0x08006965   Thumb Code    62  ffixu.o(x$fpl$ffixu)
    __aeabi_i2f                              0x080069a5   Thumb Code     0  fflt_clz.o(x$fpl$fflt)
    _fflt                                    0x080069a5   Thumb Code    48  fflt_clz.o(x$fpl$fflt)
    __aeabi_cfcmple                          0x080069d5   Thumb Code     0  fleqf.o(x$fpl$fleqf)
    _fcmple                                  0x080069d5   Thumb Code   104  fleqf.o(x$fpl$fleqf)
    __fpl_fcmple_InfNaN                      0x08006a27   Thumb Code     0  fleqf.o(x$fpl$fleqf)
    __aeabi_fmul                             0x08006a3d   Thumb Code     0  fmul.o(x$fpl$fmul)
    _fmul                                    0x08006a3d   Thumb Code   258  fmul.o(x$fpl$fmul)
    __fpl_fnaninf                            0x08006b3f   Thumb Code   140  fnaninf.o(x$fpl$fnaninf)
    __fpl_fretinf                            0x08006bcb   Thumb Code    10  fretinf.o(x$fpl$fretinf)
    __aeabi_cfrcmple                         0x08006bd5   Thumb Code     0  frleqf.o(x$fpl$frleqf)
    _frcmple                                 0x08006bd5   Thumb Code    98  frleqf.o(x$fpl$frleqf)
    __aeabi_frsub                            0x08006c37   Thumb Code     0  faddsub_clz.o(x$fpl$frsb)
    _frsb                                    0x08006c37   Thumb Code    20  faddsub_clz.o(x$fpl$frsb)
    __aeabi_fsub                             0x08006c4d   Thumb Code     0  faddsub_clz.o(x$fpl$fsub)
    _fsub                                    0x08006c4d   Thumb Code   234  faddsub_clz.o(x$fpl$fsub)
    _printf_fp_dec                           0x08006d37   Thumb Code     4  printf1.o(x$fpl$printf1)
    _printf_fp_hex                           0x08006d3b   Thumb Code     4  printf2.o(x$fpl$printf2)
    __fpl_return_NaN                         0x08006d3f   Thumb Code   100  retnan.o(x$fpl$retnan)
    __ARM_scalbn                             0x08006da3   Thumb Code    92  scalbn.o(x$fpl$scalbn)
    __fpl_cmpreturn                          0x08006dff   Thumb Code    48  trapv.o(x$fpl$trapveneer)
    CPS2::Comd                               0x08006e2e   Data           2  pstwo.o(.constdata)
    __I$use$fp                               0x08006e2e   Number         0  usenofp.o(x$fpl$usenofp)
    CUSART::std_head                         0x08006e30   Data           3  usart.o(.constdata)
    CUSART::std_tail                         0x08006e33   Data           3  usart.o(.constdata)
    Region$$Table$$Base                      0x08007ac4   Number         0  anon$$obj.o(Region$$Table)
    Region$$Table$$Limit                     0x08007ae4   Number         0  anon$$obj.o(Region$$Table)
    __ctype                                  0x08007b0d   Data           0  lc_ctype_c.o(locale$$data)
    SystemCoreClock                          0x20000000   Data           4  system_stm32f10x.o(.data)
    AHBPrescTable                            0x20000004   Data          16  system_stm32f10x.o(.data)
    CImu::is_unique                          0x20000028   Data           1  imu.o(.data)
    CEncoder::is_unique                      0x20000029   Data           1  encoder.o(.data)
    CKey::is_unique                          0x2000002a   Data           1  key.o(.data)
    CMotor::is_unique                        0x2000002c   Data           1  motor.o(.data)
    CPS2::is_unique                          0x2000002e   Data           1  pstwo.o(.data)
    CUSART::is_unique                        0x2000003d   Data           1  usart.o(.data)
    CTim::is_unique                          0x20000047   Data           1  timer.o(.data)
    CDebug::is_unique                        0x2000004c   Data           1  debug.o(.data)
    CControl::is_unique                      0x20000050   Data           1  control.o(.data)
    __libspace_start                         0x20000088   Data          96  libspace.o(.bss)
    __temporary_stack_top$libspace           0x200000e8   Data           0  libspace.o(.bss)



==============================================================================

Memory Map of the image

  Image Entry point : 0x08000131

  Load Region LR_IROM1 (Base: 0x08000000, Size: 0x00007c98, Max: 0x00040000, ABSOLUTE)

    Execution Region ER_IROM1 (Exec base: 0x08000000, Load base: 0x08000000, Size: 0x00007c10, Max: 0x00040000, ABSOLUTE)

    Exec Addr    Load Addr    Size         Type   Attr      Idx    E Section Name        Object

    0x08000000   0x08000000   0x00000130   Data   RO            3    RESET               startup_stm32f10x_hd.o
    0x08000130   0x08000130   0x00000008   Code   RO         4605  * !!!main             c_w.l(__main.o)
    0x08000138   0x08000138   0x00000034   Code   RO         5102    !!!scatter          c_w.l(__scatter.o)
    0x0800016c   0x0800016c   0x0000001a   Code   RO         5104    !!handler_copy      c_w.l(__scatter_copy.o)
    0x08000186   0x08000186   0x00000002   PAD
    0x08000188   0x08000188   0x0000001c   Code   RO         5106    !!handler_zi        c_w.l(__scatter_zi.o)
    0x080001a4   0x080001a4   0x00000000   Code   RO         4786    .ARM.Collect$$_printf_percent$$00000000  c_w.l(_printf_percent.o)
    0x080001a4   0x080001a4   0x00000006   Code   RO         4775    .ARM.Collect$$_printf_percent$$00000001  c_w.l(_printf_n.o)
    0x080001aa   0x080001aa   0x00000006   Code   RO         4777    .ARM.Collect$$_printf_percent$$00000002  c_w.l(_printf_p.o)
    0x080001b0   0x080001b0   0x00000006   Code   RO         4782    .ARM.Collect$$_printf_percent$$00000003  c_w.l(_printf_f.o)
    0x080001b6   0x080001b6   0x00000006   Code   RO         4783    .ARM.Collect$$_printf_percent$$00000004  c_w.l(_printf_e.o)
    0x080001bc   0x080001bc   0x00000006   Code   RO         4784    .ARM.Collect$$_printf_percent$$00000005  c_w.l(_printf_g.o)
    0x080001c2   0x080001c2   0x00000006   Code   RO         4785    .ARM.Collect$$_printf_percent$$00000006  c_w.l(_printf_a.o)
    0x080001c8   0x080001c8   0x0000000a   Code   RO         4790    .ARM.Collect$$_printf_percent$$00000007  c_w.l(_printf_ll.o)
    0x080001d2   0x080001d2   0x00000006   Code   RO         4779    .ARM.Collect$$_printf_percent$$00000008  c_w.l(_printf_i.o)
    0x080001d8   0x080001d8   0x00000006   Code   RO         4780    .ARM.Collect$$_printf_percent$$00000009  c_w.l(_printf_d.o)
    0x080001de   0x080001de   0x00000006   Code   RO         4781    .ARM.Collect$$_printf_percent$$0000000A  c_w.l(_printf_u.o)
    0x080001e4   0x080001e4   0x00000006   Code   RO         4778    .ARM.Collect$$_printf_percent$$0000000B  c_w.l(_printf_o.o)
    0x080001ea   0x080001ea   0x00000006   Code   RO         4776    .ARM.Collect$$_printf_percent$$0000000C  c_w.l(_printf_x.o)
    0x080001f0   0x080001f0   0x00000006   Code   RO         4787    .ARM.Collect$$_printf_percent$$0000000D  c_w.l(_printf_lli.o)
    0x080001f6   0x080001f6   0x00000006   Code   RO         4788    .ARM.Collect$$_printf_percent$$0000000E  c_w.l(_printf_lld.o)
    0x080001fc   0x080001fc   0x00000006   Code   RO         4789    .ARM.Collect$$_printf_percent$$0000000F  c_w.l(_printf_llu.o)
    0x08000202   0x08000202   0x00000006   Code   RO         4794    .ARM.Collect$$_printf_percent$$00000010  c_w.l(_printf_llo.o)
    0x08000208   0x08000208   0x00000006   Code   RO         4795    .ARM.Collect$$_printf_percent$$00000011  c_w.l(_printf_llx.o)
    0x0800020e   0x0800020e   0x0000000a   Code   RO         4791    .ARM.Collect$$_printf_percent$$00000012  c_w.l(_printf_l.o)
    0x08000218   0x08000218   0x00000006   Code   RO         4773    .ARM.Collect$$_printf_percent$$00000013  c_w.l(_printf_c.o)
    0x0800021e   0x0800021e   0x00000006   Code   RO         4774    .ARM.Collect$$_printf_percent$$00000014  c_w.l(_printf_s.o)
    0x08000224   0x08000224   0x00000006   Code   RO         4792    .ARM.Collect$$_printf_percent$$00000015  c_w.l(_printf_lc.o)
    0x0800022a   0x0800022a   0x00000006   Code   RO         4793    .ARM.Collect$$_printf_percent$$00000016  c_w.l(_printf_ls.o)
    0x08000230   0x08000230   0x00000004   Code   RO         4894    .ARM.Collect$$_printf_percent$$00000017  c_w.l(_printf_percent_end.o)
    0x08000234   0x08000234   0x00000002   Code   RO         5019    .ARM.Collect$$libinit$$00000000  c_w.l(libinit.o)
    0x08000236   0x08000236   0x00000000   Code   RO         4907    .ARM.Collect$$libinit$$00000002  c_w.l(libinit2.o)
    0x08000236   0x08000236   0x00000000   Code   RO         4909    .ARM.Collect$$libinit$$00000004  c_w.l(libinit2.o)
    0x08000236   0x08000236   0x00000008   Code   RO         4910    .ARM.Collect$$libinit$$00000005  c_w.l(libinit2.o)
    0x0800023e   0x0800023e   0x00000000   Code   RO         4912    .ARM.Collect$$libinit$$0000000A  c_w.l(libinit2.o)
    0x0800023e   0x0800023e   0x00000000   Code   RO         4914    .ARM.Collect$$libinit$$0000000C  c_w.l(libinit2.o)
    0x0800023e   0x0800023e   0x00000000   Code   RO         4916    .ARM.Collect$$libinit$$0000000E  c_w.l(libinit2.o)
    0x0800023e   0x0800023e   0x00000006   Code   RO         4917    .ARM.Collect$$libinit$$0000000F  c_w.l(libinit2.o)
    0x08000244   0x08000244   0x00000000   Code   RO         4919    .ARM.Collect$$libinit$$00000011  c_w.l(libinit2.o)
    0x08000244   0x08000244   0x0000000c   Code   RO         4920    .ARM.Collect$$libinit$$00000012  c_w.l(libinit2.o)
    0x08000250   0x08000250   0x00000000   Code   RO         4921    .ARM.Collect$$libinit$$00000013  c_w.l(libinit2.o)
    0x08000250   0x08000250   0x00000000   Code   RO         4923    .ARM.Collect$$libinit$$00000015  c_w.l(libinit2.o)
    0x08000250   0x08000250   0x0000000a   Code   RO         4924    .ARM.Collect$$libinit$$00000016  c_w.l(libinit2.o)
    0x0800025a   0x0800025a   0x00000000   Code   RO         4925    .ARM.Collect$$libinit$$00000017  c_w.l(libinit2.o)
    0x0800025a   0x0800025a   0x00000000   Code   RO         4927    .ARM.Collect$$libinit$$00000019  c_w.l(libinit2.o)
    0x0800025a   0x0800025a   0x00000000   Code   RO         4929    .ARM.Collect$$libinit$$0000001B  c_w.l(libinit2.o)
    0x0800025a   0x0800025a   0x00000000   Code   RO         4931    .ARM.Collect$$libinit$$0000001D  c_w.l(libinit2.o)
    0x0800025a   0x0800025a   0x00000000   Code   RO         4933    .ARM.Collect$$libinit$$0000001F  c_w.l(libinit2.o)
    0x0800025a   0x0800025a   0x00000000   Code   RO         4935    .ARM.Collect$$libinit$$00000021  c_w.l(libinit2.o)
    0x0800025a   0x0800025a   0x00000000   Code   RO         4937    .ARM.Collect$$libinit$$00000023  c_w.l(libinit2.o)
    0x0800025a   0x0800025a   0x00000000   Code   RO         4939    .ARM.Collect$$libinit$$00000025  c_w.l(libinit2.o)
    0x0800025a   0x0800025a   0x00000000   Code   RO         4943    .ARM.Collect$$libinit$$0000002C  c_w.l(libinit2.o)
    0x0800025a   0x0800025a   0x00000000   Code   RO         4945    .ARM.Collect$$libinit$$0000002E  c_w.l(libinit2.o)
    0x0800025a   0x0800025a   0x00000000   Code   RO         4947    .ARM.Collect$$libinit$$00000030  c_w.l(libinit2.o)
    0x0800025a   0x0800025a   0x00000000   Code   RO         4949    .ARM.Collect$$libinit$$00000032  c_w.l(libinit2.o)
    0x0800025a   0x0800025a   0x00000002   Code   RO         4950    .ARM.Collect$$libinit$$00000033  c_w.l(libinit2.o)
    0x0800025c   0x0800025c   0x00000002   Code   RO         5099    .ARM.Collect$$libshutdown$$00000000  c_w.l(libshutdown.o)
    0x0800025e   0x0800025e   0x00000000   Code   RO         5051    .ARM.Collect$$libshutdown$$00000002  c_w.l(libshutdown2.o)
    0x0800025e   0x0800025e   0x00000000   Code   RO         5053    .ARM.Collect$$libshutdown$$00000004  c_w.l(libshutdown2.o)
    0x0800025e   0x0800025e   0x00000000   Code   RO         5056    .ARM.Collect$$libshutdown$$00000007  c_w.l(libshutdown2.o)
    0x0800025e   0x0800025e   0x00000000   Code   RO         5059    .ARM.Collect$$libshutdown$$0000000A  c_w.l(libshutdown2.o)
    0x0800025e   0x0800025e   0x00000000   Code   RO         5061    .ARM.Collect$$libshutdown$$0000000C  c_w.l(libshutdown2.o)
    0x0800025e   0x0800025e   0x00000000   Code   RO         5064    .ARM.Collect$$libshutdown$$0000000F  c_w.l(libshutdown2.o)
    0x0800025e   0x0800025e   0x00000002   Code   RO         5065    .ARM.Collect$$libshutdown$$00000010  c_w.l(libshutdown2.o)
    0x08000260   0x08000260   0x00000000   Code   RO         4677    .ARM.Collect$$rtentry$$00000000  c_w.l(__rtentry.o)
    0x08000260   0x08000260   0x00000000   Code   RO         4846    .ARM.Collect$$rtentry$$00000002  c_w.l(__rtentry2.o)
    0x08000260   0x08000260   0x00000006   Code   RO         4858    .ARM.Collect$$rtentry$$00000004  c_w.l(__rtentry4.o)
    0x08000266   0x08000266   0x00000000   Code   RO         4848    .ARM.Collect$$rtentry$$00000009  c_w.l(__rtentry2.o)
    0x08000266   0x08000266   0x00000004   Code   RO         4849    .ARM.Collect$$rtentry$$0000000A  c_w.l(__rtentry2.o)
    0x0800026a   0x0800026a   0x00000000   Code   RO         4851    .ARM.Collect$$rtentry$$0000000C  c_w.l(__rtentry2.o)
    0x0800026a   0x0800026a   0x00000008   Code   RO         4852    .ARM.Collect$$rtentry$$0000000D  c_w.l(__rtentry2.o)
    0x08000272   0x08000272   0x00000002   Code   RO         5031    .ARM.Collect$$rtexit$$00000000  c_w.l(rtexit.o)
    0x08000274   0x08000274   0x00000000   Code   RO         5071    .ARM.Collect$$rtexit$$00000002  c_w.l(rtexit2.o)
    0x08000274   0x08000274   0x00000004   Code   RO         5072    .ARM.Collect$$rtexit$$00000003  c_w.l(rtexit2.o)
    0x08000278   0x08000278   0x00000006   Code   RO         5073    .ARM.Collect$$rtexit$$00000004  c_w.l(rtexit2.o)
    0x0800027e   0x0800027e   0x00000002   PAD
    0x08000280   0x08000280   0x00000000   Code   RO         4865    .emb_text           c_w.l(maybetermalloc1.o)
    0x08000280   0x08000280   0x00000040   Code   RO            4    .text               startup_stm32f10x_hd.o
    0x080002c0   0x080002c0   0x0000004e   Code   RO         4545    .text               c_w.l(h1_free.o)
    0x0800030e   0x0800030e   0x00000036   Code   RO         4599    .text               c_w.l(asprintf.o)
    0x08000344   0x08000344   0x0000004e   Code   RO         4601    .text               c_w.l(rt_memclr_w.o)
    0x08000392   0x08000392   0x00000006   Code   RO         4603    .text               c_w.l(heapauxi.o)
    0x08000398   0x08000398   0x00000008   Code   RO         4681    .text               c_w.l(rt_heap_descriptor_intlibspace.o)
    0x080003a0   0x080003a0   0x00000004   Code   RO         4683    .text               c_w.l(hguard.o)
    0x080003a4   0x080003a4   0x0000008a   Code   RO         4685    .text               c_w.l(init_alloc.o)
    0x0800042e   0x0800042e   0x0000005e   Code   RO         4691    .text               c_w.l(h1_alloc.o)
    0x0800048c   0x0800048c   0x00000016   Code   RO         4705    .text               c_w.l(_rserrno.o)
    0x080004a2   0x080004a2   0x00000002   PAD
    0x080004a4   0x080004a4   0x00000034   Code   RO         4707    .text               c_w.l(vsnprintf.o)
    0x080004d8   0x080004d8   0x0000004e   Code   RO         4711    .text               c_w.l(_printf_pad.o)
    0x08000526   0x08000526   0x00000024   Code   RO         4713    .text               c_w.l(_printf_truncate.o)
    0x0800054a   0x0800054a   0x00000052   Code   RO         4715    .text               c_w.l(_printf_str.o)
    0x0800059c   0x0800059c   0x00000078   Code   RO         4717    .text               c_w.l(_printf_dec.o)
    0x08000614   0x08000614   0x00000028   Code   RO         4719    .text               c_w.l(_printf_charcount.o)
    0x0800063c   0x0800063c   0x000000bc   Code   RO         4721    .text               c_w.l(_printf_wctomb.o)
    0x080006f8   0x080006f8   0x0000007c   Code   RO         4724    .text               c_w.l(_printf_longlong_dec.o)
    0x08000774   0x08000774   0x00000070   Code   RO         4730    .text               c_w.l(_printf_oct_int_ll.o)
    0x080007e4   0x080007e4   0x00000094   Code   RO         4750    .text               c_w.l(_printf_hex_int_ll_ptr.o)
    0x08000878   0x08000878   0x00000188   Code   RO         4770    .text               c_w.l(__printf_flags_ss_wp.o)
    0x08000a00   0x08000a00   0x00000008   Code   RO         4842    .text               c_w.l(libspace.o)
    0x08000a08   0x08000a08   0x00000008   Code   RO         4863    .text               c_w.l(rt_errno_addr_intlibspace.o)
    0x08000a10   0x08000a10   0x0000000e   Code   RO         4867    .text               c_w.l(h1_init.o)
    0x08000a1e   0x08000a1e   0x00000034   Code   RO         4869    .text               c_w.l(h1_extend.o)
    0x08000a52   0x08000a52   0x0000008a   Code   RO         4875    .text               c_w.l(lludiv10.o)
    0x08000adc   0x08000adc   0x000000b2   Code   RO         4877    .text               c_w.l(_printf_intcommon.o)
    0x08000b8e   0x08000b8e   0x0000041e   Code   RO         4879    .text               c_w.l(_printf_fp_dec.o)
    0x08000fac   0x08000fac   0x000002fc   Code   RO         4881    .text               c_w.l(_printf_fp_hex.o)
    0x080012a8   0x080012a8   0x00000030   Code   RO         4884    .text               c_w.l(_printf_char_common.o)
    0x080012d8   0x080012d8   0x0000000a   Code   RO         4886    .text               c_w.l(_sputc.o)
    0x080012e2   0x080012e2   0x00000010   Code   RO         4888    .text               c_w.l(_snputc.o)
    0x080012f2   0x080012f2   0x0000002c   Code   RO         4890    .text               c_w.l(_printf_char.o)
    0x0800131e   0x0800131e   0x0000002c   Code   RO         4892    .text               c_w.l(_printf_wchar.o)
    0x0800134a   0x0800134a   0x00000040   Code   RO         4895    .text               c_w.l(_wcrtomb.o)
    0x0800138a   0x0800138a   0x0000000e   Code   RO         4897    .text               c_w.l(defsig_rtmem_outer.o)
    0x08001398   0x08001398   0x0000004a   Code   RO         4959    .text               c_w.l(sys_stackheap_outer.o)
    0x080013e2   0x080013e2   0x00000002   PAD
    0x080013e4   0x080013e4   0x00000010   Code   RO         4961    .text               c_w.l(rt_ctype_table.o)
    0x080013f4   0x080013f4   0x00000008   Code   RO         4968    .text               c_w.l(rt_locale_intlibspace.o)
    0x080013fc   0x080013fc   0x00000080   Code   RO         4974    .text               c_w.l(_printf_fp_infnan.o)
    0x0800147c   0x0800147c   0x000000e4   Code   RO         4978    .text               c_w.l(bigflt0.o)
    0x08001560   0x08001560   0x00000012   Code   RO         5006    .text               c_w.l(exit.o)
    0x08001572   0x08001572   0x0000000a   Code   RO         5008    .text               c_w.l(defsig_exit.o)
    0x0800157c   0x0800157c   0x00000050   Code   RO         5010    .text               c_w.l(defsig_rtmem_inner.o)
    0x080015cc   0x080015cc   0x0000000c   Code   RO         5026    .text               c_w.l(sys_exit.o)
    0x080015d8   0x080015d8   0x00000002   Code   RO         5028    .text               c_w.l(use_no_semi.o)
    0x080015da   0x080015da   0x00000000   Code   RO         5030    .text               c_w.l(indicate_semi.o)
    0x080015da   0x080015da   0x00000032   Code   RO         5042    .text               c_w.l(defsig_general.o)
    0x0800160c   0x0800160c   0x00000080   Code   RO         5044    .text               c_w.l(strcmpv7m.o)
    0x0800168c   0x0800168c   0x0000000e   Code   RO         5068    .text               c_w.l(sys_wrch.o)
    0x0800169a   0x0800169a   0x0000003e   Code   RO         4981    CL$$btod_d2e        c_w.l(btod.o)
    0x080016d8   0x080016d8   0x00000046   Code   RO         4983    CL$$btod_d2e_denorm_low  c_w.l(btod.o)
    0x0800171e   0x0800171e   0x00000060   Code   RO         4982    CL$$btod_d2e_norm_op1  c_w.l(btod.o)
    0x0800177e   0x0800177e   0x00000338   Code   RO         4991    CL$$btod_div_common  c_w.l(btod.o)
    0x08001ab6   0x08001ab6   0x000000dc   Code   RO         4988    CL$$btod_e2e        c_w.l(btod.o)
    0x08001b92   0x08001b92   0x0000002a   Code   RO         4985    CL$$btod_ediv       c_w.l(btod.o)
    0x08001bbc   0x08001bbc   0x0000002a   Code   RO         4984    CL$$btod_emul       c_w.l(btod.o)
    0x08001be6   0x08001be6   0x00000244   Code   RO         4990    CL$$btod_mult_common  c_w.l(btod.o)
    0x08001e2a   0x08001e2a   0x00000002   PAD
    0x08001e2c   0x08001e2c   0x0000000c   Code   RO          443    i.BKP_TamperPinCmd  stm32f10x_bkp.o
    0x08001e38   0x08001e38   0x00000004   Code   RO         3574    i.BusFault_Handler  stm32f10x_it.o
    0x08001e3c   0x08001e3c   0x00000002   Code   RO         3575    i.DebugMon_Handler  stm32f10x_it.o
    0x08001e3e   0x08001e3e   0x00000116   Code   RO         1465    i.GPIO_Init         stm32f10x_gpio.o
    0x08001f54   0x08001f54   0x00000090   Code   RO         1467    i.GPIO_PinRemapConfig  stm32f10x_gpio.o
    0x08001fe4   0x08001fe4   0x00000004   Code   RO         3576    i.HardFault_Handler  stm32f10x_it.o
    0x08001fe8   0x08001fe8   0x00000050   Code   RO         3822    i.IIC_Ack           sim-iic.o
    0x08002038   0x08002038   0x00000040   Code   RO         3823    i.IIC_Init          sim-iic.o
    0x08002078   0x08002078   0x00000050   Code   RO         3824    i.IIC_NAck          sim-iic.o
    0x080020c8   0x080020c8   0x00000070   Code   RO         3825    i.IIC_Read_Byte     sim-iic.o
    0x08002138   0x08002138   0x00000068   Code   RO         3826    i.IIC_Send_Byte     sim-iic.o
    0x080021a0   0x080021a0   0x0000004c   Code   RO         3827    i.IIC_Start         sim-iic.o
    0x080021ec   0x080021ec   0x0000004c   Code   RO         3828    i.IIC_Stop          sim-iic.o
    0x08002238   0x08002238   0x00000064   Code   RO         3829    i.IIC_Wait_Ack      sim-iic.o
    0x0800229c   0x0800229c   0x00000004   Code   RO         3577    i.MemManage_Handler  stm32f10x_it.o
    0x080022a0   0x080022a0   0x00000002   Code   RO         3578    i.NMI_Handler       stm32f10x_it.o
    0x080022a2   0x080022a2   0x00000002   PAD
    0x080022a4   0x080022a4   0x00000070   Code   RO          131    i.NVIC_Init         misc.o
    0x08002314   0x08002314   0x00000014   Code   RO          132    i.NVIC_PriorityGroupConfig  misc.o
    0x08002328   0x08002328   0x0000000c   Code   RO         1876    i.PWR_BackupAccessCmd  stm32f10x_pwr.o
    0x08002334   0x08002334   0x00000002   Code   RO         3579    i.PendSV_Handler    stm32f10x_it.o
    0x08002336   0x08002336   0x00000002   PAD
    0x08002338   0x08002338   0x00000020   Code   RO         1947    i.RCC_APB1PeriphClockCmd  stm32f10x_rcc.o
    0x08002358   0x08002358   0x00000020   Code   RO         1949    i.RCC_APB2PeriphClockCmd  stm32f10x_rcc.o
    0x08002378   0x08002378   0x000000d4   Code   RO         1957    i.RCC_GetClocksFreq  stm32f10x_rcc.o
    0x0800244c   0x0800244c   0x00000034   Code   RO         1965    i.RCC_LSEConfig     stm32f10x_rcc.o
    0x08002480   0x08002480   0x00000002   Code   RO         3580    i.SVC_Handler       stm32f10x_it.o
    0x08002482   0x08002482   0x00000028   Code   RO          135    i.SysTick_CLKSourceConfig  misc.o
    0x080024aa   0x080024aa   0x00000002   Code   RO         3581    i.SysTick_Handler   stm32f10x_it.o
    0x080024ac   0x080024ac   0x00000060   Code   RO           11    i.SystemInit        system_stm32f10x.o
    0x0800250c   0x0800250c   0x00000018   Code   RO         2664    i.TIM_ARRPreloadConfig  stm32f10x_tim.o
    0x08002524   0x08002524   0x00000006   Code   RO         2670    i.TIM_ClearFlag     stm32f10x_tim.o
    0x0800252a   0x0800252a   0x00000018   Code   RO         2676    i.TIM_Cmd           stm32f10x_tim.o
    0x08002542   0x08002542   0x0000001e   Code   RO         2678    i.TIM_CtrlPWMOutputs  stm32f10x_tim.o
    0x08002560   0x08002560   0x00000042   Code   RO         2685    i.TIM_EncoderInterfaceConfig  stm32f10x_tim.o
    0x080025a2   0x080025a2   0x00000002   PAD
    0x080025a4   0x080025a4   0x000000ac   Code   RO         2699    i.TIM_ICInit        stm32f10x_tim.o
    0x08002650   0x08002650   0x00000012   Code   RO         2700    i.TIM_ICStructInit  stm32f10x_tim.o
    0x08002662   0x08002662   0x00000012   Code   RO         2701    i.TIM_ITConfig      stm32f10x_tim.o
    0x08002674   0x08002674   0x00000098   Code   RO         2705    i.TIM_OC1Init       stm32f10x_tim.o
    0x0800270c   0x0800270c   0x00000012   Code   RO         2708    i.TIM_OC1PreloadConfig  stm32f10x_tim.o
    0x0800271e   0x0800271e   0x00000002   PAD
    0x08002720   0x08002720   0x000000a4   Code   RO         2710    i.TIM_OC2Init       stm32f10x_tim.o
    0x080027c4   0x080027c4   0x0000001a   Code   RO         2713    i.TIM_OC2PreloadConfig  stm32f10x_tim.o
    0x080027de   0x080027de   0x00000002   PAD
    0x080027e0   0x080027e0   0x000000a0   Code   RO         2715    i.TIM_OC3Init       stm32f10x_tim.o
    0x08002880   0x08002880   0x00000012   Code   RO         2718    i.TIM_OC3PreloadConfig  stm32f10x_tim.o
    0x08002892   0x08002892   0x00000002   PAD
    0x08002894   0x08002894   0x0000007c   Code   RO         2720    i.TIM_OC4Init       stm32f10x_tim.o
    0x08002910   0x08002910   0x0000001a   Code   RO         2722    i.TIM_OC4PreloadConfig  stm32f10x_tim.o
    0x0800292a   0x0800292a   0x00000004   Code   RO         2741    i.TIM_SetCounter    stm32f10x_tim.o
    0x0800292e   0x0800292e   0x00000012   Code   RO         2742    i.TIM_SetIC1Prescaler  stm32f10x_tim.o
    0x08002940   0x08002940   0x0000001a   Code   RO         2743    i.TIM_SetIC2Prescaler  stm32f10x_tim.o
    0x0800295a   0x0800295a   0x00000012   Code   RO         2744    i.TIM_SetIC3Prescaler  stm32f10x_tim.o
    0x0800296c   0x0800296c   0x0000001a   Code   RO         2745    i.TIM_SetIC4Prescaler  stm32f10x_tim.o
    0x08002986   0x08002986   0x00000002   PAD
    0x08002988   0x08002988   0x000000a4   Code   RO         2747    i.TIM_TimeBaseInit  stm32f10x_tim.o
    0x08002a2c   0x08002a2c   0x00000012   Code   RO         2748    i.TIM_TimeBaseStructInit  stm32f10x_tim.o
    0x08002a3e   0x08002a3e   0x00000002   PAD
    0x08002a40   0x08002a40   0x0000011c   Code   RO         4130    i.USART1_IRQHandler  usart.o
    0x08002b5c   0x08002b5c   0x0000001e   Code   RO         3304    i.USART_ClearITPendingBit  stm32f10x_usart.o
    0x08002b7a   0x08002b7a   0x00000018   Code   RO         3307    i.USART_Cmd         stm32f10x_usart.o
    0x08002b92   0x08002b92   0x0000001a   Code   RO         3310    i.USART_GetFlagStatus  stm32f10x_usart.o
    0x08002bac   0x08002bac   0x00000054   Code   RO         3311    i.USART_GetITStatus  stm32f10x_usart.o
    0x08002c00   0x08002c00   0x0000004a   Code   RO         3313    i.USART_ITConfig    stm32f10x_usart.o
    0x08002c4a   0x08002c4a   0x00000002   PAD
    0x08002c4c   0x08002c4c   0x000000d8   Code   RO         3314    i.USART_Init        stm32f10x_usart.o
    0x08002d24   0x08002d24   0x00000008   Code   RO         3324    i.USART_SendData    stm32f10x_usart.o
    0x08002d2c   0x08002d2c   0x00000004   Code   RO         3582    i.UsageFault_Handler  stm32f10x_it.o
    0x08002d30   0x08002d30   0x00000034   Code   RO         3646    i._ZN25_INTERNAL_8_main_cpp_main11System_initEv  main.o
    0x08002d64   0x08002d64   0x0000002c   Code   RO         4335    i._ZN30_INTERNAL_9_debug_cpp_3bafe52b13LED_GPIO_InitEv  debug.o
    0x08002d90   0x08002d90   0x00000034   Code   RO         4336    i._ZN30_INTERNAL_9_debug_cpp_3bafe52b14OLED_GPIO_InitEv  debug.o
    0x08002dc4   0x08002dc4   0x00000016   Code   RO         4337    i._ZN30_INTERNAL_9_debug_cpp_3bafe52b8oled_powEhh  debug.o
    0x08002dda   0x08002dda   0x00000002   PAD
    0x08002ddc   0x08002ddc   0x000000c8   Code   RO         3969    i._ZN30_INTERNAL_9_motor_cpp_0548bb2914Motor_PWM_InitEtt  motor.o
    0x08002ea4   0x08002ea4   0x0000009c   Code   RO         3970    i._ZN30_INTERNAL_9_motor_cpp_0548bb2914Servo_PWM_InitEtt  motor.o
    0x08002f40   0x08002f40   0x00000038   Code   RO         4189    i._ZN30_INTERNAL_9_timer_cpp_1e739adc13TIM6_Int_InitEtt  timer.o
    0x08002f78   0x08002f78   0x000000d4   Code   RO         3884    i._ZN33_INTERNAL_11_encoder_cpp_c282109617Encoder_Init_TIM2Ev  encoder.o
    0x0800304c   0x0800304c   0x0000009c   Code   RO         3885    i._ZN33_INTERNAL_11_encoder_cpp_c282109617Encoder_Init_TIM3Ev  encoder.o
    0x080030e8   0x080030e8   0x00000080   Code   RO         2751    i._ZN37_INTERNAL_15_stm32f10x_tim_c_c458916b10TI1_ConfigEP11TIM_TypeDefttt  stm32f10x_tim.o
    0x08003168   0x08003168   0x00000098   Code   RO         2752    i._ZN37_INTERNAL_15_stm32f10x_tim_c_c458916b10TI2_ConfigEP11TIM_TypeDefttt  stm32f10x_tim.o
    0x08003200   0x08003200   0x00000090   Code   RO         2753    i._ZN37_INTERNAL_15_stm32f10x_tim_c_c458916b10TI3_ConfigEP11TIM_TypeDefttt  stm32f10x_tim.o
    0x08003290   0x08003290   0x00000098   Code   RO         2754    i._ZN37_INTERNAL_15_stm32f10x_tim_c_c458916b10TI4_ConfigEP11TIM_TypeDefttt  stm32f10x_tim.o
    0x08003328   0x08003328   0x00000008   Code   RO           12    i._ZN40_INTERNAL_18_system_stm32f10x_c_5d646a6711SetSysClockEv  system_stm32f10x.o
    0x08003330   0x08003330   0x000000e0   Code   RO           13    i._ZN40_INTERNAL_18_system_stm32f10x_c_5d646a6715SetSysClockTo72Ev  system_stm32f10x.o
    0x08003410   0x08003410   0x000000ae   Code   RO         3761    i._ZN4CImu16MPU9250_READ_MAGEv  imu.o
    0x080034be   0x080034be   0x00000052   Code   RO         3762    i._ZN4CImu16MPU9250_Read_RegEhh  imu.o
    0x08003510   0x08003510   0x0000008a   Code   RO         3763    i._ZN4CImu17MPU9250_READ_GYROEv  imu.o
    0x0800359a   0x0800359a   0x0000003a   Code   RO         3764    i._ZN4CImu17MPU9250_Write_RegEhhh  imu.o
    0x080035d4   0x080035d4   0x0000008a   Code   RO         3765    i._ZN4CImu18MPU9250_READ_ACCELEv  imu.o
    0x0800365e   0x0800365e   0x00000002   PAD
    0x08003660   0x08003660   0x000000fc   Code   RO         3766    i._ZN4CImu8ReadDataEv  imu.o
    0x0800375c   0x0800375c   0x000000e4   Code   RO         3767    i._ZN4CImuC1EP6CDebug  imu.o
    0x08003840   0x08003840   0x0000002c   Code   RO         3930    i._ZN4CKey9KEY_ClickEv  key.o
    0x0800386c   0x0800386c   0x0000003c   Code   RO         3931    i._ZN4CKeyC1Ev      key.o
    0x080038a8   0x080038a8   0x0000002a   Code   RO         4019    i._ZN4CPS211PS2_SetInitEv  pstwo.o
    0x080038d2   0x080038d2   0x00000002   PAD
    0x080038d4   0x080038d4   0x000000d0   Code   RO         4020    i._ZN4CPS212PS2_ReadDataEv  pstwo.o
    0x080039a4   0x080039a4   0x00000016   Code   RO         4022    i._ZN4CPS213PS2_ClearDataEv  pstwo.o
    0x080039ba   0x080039ba   0x00000002   PAD
    0x080039bc   0x080039bc   0x00000050   Code   RO         4023    i._ZN4CPS213PS2_ShortPollEv  pstwo.o
    0x08003a0c   0x08003a0c   0x00000008   Code   RO         4025    i._ZN4CPS214PS2_AnologDataE8PS2_POLL  pstwo.o
    0x08003a14   0x08003a14   0x00000070   Code   RO         4026    i._ZN4CPS215PS2_ExitConfingEv  pstwo.o
    0x08003a84   0x08003a84   0x0000005c   Code   RO         4027    i._ZN4CPS215PS2_GPIO_ConfigEv  pstwo.o
    0x08003ae0   0x08003ae0   0x00000070   Code   RO         4028    i._ZN4CPS216PS2_EnterConfingEv  pstwo.o
    0x08003b50   0x08003b50   0x0000003c   Code   RO         4030    i._ZN4CPS218PS2_IfKeyBnClickedE7PS2_KEY  pstwo.o
    0x08003b8c   0x08003b8c   0x00000010   Code   RO         4031    i._ZN4CPS218PS2_IfKeyBnPressedE7PS2_KEY  pstwo.o
    0x08003b9c   0x08003b9c   0x0000006c   Code   RO         4032    i._ZN4CPS220PS2_TurnOnAnalogModeEv  pstwo.o
    0x08003c08   0x08003c08   0x0000008c   Code   RO         4033    i._ZN4CPS27PS2_CmdEh  pstwo.o
    0x08003c94   0x08003c94   0x00000054   Code   RO         4034    i._ZN4CPS2C1EP6CDebug  pstwo.o
    0x08003ce8   0x08003ce8   0x000000b0   Code   RO         4190    i._ZN4CTim11WaitForTimeENS_9CNT_STATEEh  timer.o
    0x08003d98   0x08003d98   0x0000005c   Code   RO         4192    i._ZN4CTimC1EP6CDebug  timer.o
    0x08003df4   0x08003df4   0x00000026   Code   RO         4339    i._ZN6CDebug10OLED_ClearEv  debug.o
    0x08003e1a   0x08003e1a   0x00000002   PAD
    0x08003e1c   0x08003e1c   0x0000004c   Code   RO         4340    i._ZN6CDebug11ErrorHandleEPKcS1_  debug.o
    0x08003e68   0x08003e68   0x0000001c   Code   RO         4341    i._ZN6CDebug11LED_ControlE9LED_STATEh  debug.o
    0x08003e84   0x08003e84   0x00000058   Code   RO         4342    i._ZN6CDebug12OLED_WR_ByteEhh  debug.o
    0x08003edc   0x08003edc   0x000000b4   Code   RO         4343    i._ZN6CDebug13OLED_ShowCharEhhhhh  debug.o
    0x08003f90   0x08003f90   0x0000006e   Code   RO         4344    i._ZN6CDebug14OLED_DrawPointEhhh  debug.o
    0x08003ffe   0x08003ffe   0x00000098   Code   RO         4347    i._ZN6CDebug15OLED_ShowNumberEhhjhh  debug.o
    0x08004096   0x08004096   0x0000004c   Code   RO         4348    i._ZN6CDebug15OLED_ShowStringEhhPKc  debug.o
    0x080040e2   0x080040e2   0x0000004e   Code   RO         4352    i._ZN6CDebug17OLED_Refresh_GramEv  debug.o
    0x08004130   0x08004130   0x00000044   Code   RO         4353    i._ZN6CDebug8ShowInfoEPKcS1_  debug.o
    0x08004174   0x08004174   0x0000013c   Code   RO         4354    i._ZN6CDebug9OLED_InitEv  debug.o
    0x080042b0   0x080042b0   0x0000006c   Code   RO         4355    i._ZN6CDebugC1EP4CKey  debug.o
    0x0800431c   0x0800431c   0x00000088   Code   RO         3972    i._ZN6CMotor13MotorSpeedSetEss  motor.o
    0x080043a4   0x080043a4   0x00000034   Code   RO         3973    i._ZN6CMotor15ServoCompareSetEf  motor.o
    0x080043d8   0x080043d8   0x00000070   Code   RO         3974    i._ZN6CMotorC1EP6CDebug  motor.o
    0x08004448   0x08004448   0x0000000c   Code   RO         4132    i._ZN6CUSART15IsDataRefreshedEv  usart.o
    0x08004454   0x08004454   0x00000018   Code   RO         4133    i._ZN6CUSART8RecvDataEv  usart.o
    0x0800446c   0x0800446c   0x00000040   Code   RO         4134    i._ZN6CUSART8SendDataEPKht  usart.o
    0x080044ac   0x080044ac   0x00000048   Code   RO         4135    i._ZN6CUSART8SendDataERKNS_11Data_SendedE  usart.o
    0x080044f4   0x080044f4   0x000000f4   Code   RO         4136    i._ZN6CUSARTC1EP6CDebug  usart.o
    0x080045e8   0x080045e8   0x00000034   Code   RO         4479    i._ZN8CControl13AnglePretreatEh  control.o
    0x0800461c   0x0800461c   0x00000034   Code   RO         4480    i._ZN8CControl13SpeedPretreatEh  control.o
    0x08004650   0x08004650   0x00000520   Code   RO         4481    i._ZN8CControl18Kinematic_AnalysisEffiibb  control.o
    0x08004b70   0x08004b70   0x000000a8   Code   RO         4482    i._ZN8CControl19Incremental_PI_LeftEii  control.o
    0x08004c18   0x08004c18   0x000000bc   Code   RO         4483    i._ZN8CControl20Incremental_PI_RightEii  control.o
    0x08004cd4   0x08004cd4   0x000000b8   Code   RO         4484    i._ZN8CControl22kallman_filtering_leftEf  control.o
    0x08004d8c   0x08004d8c   0x000000b8   Code   RO         4485    i._ZN8CControl23kallman_filtering_rightEf  control.o
    0x08004e44   0x08004e44   0x00000088   Code   RO         4486    i._ZN8CControlC1EP6CDebugP8CEncoderP6CMotor  control.o
    0x08004ecc   0x08004ecc   0x00000022   Code   RO         3886    i._ZN8CEncoder13Read_LEncoderEv  encoder.o
    0x08004eee   0x08004eee   0x00000002   PAD
    0x08004ef0   0x08004ef0   0x00000024   Code   RO         3887    i._ZN8CEncoder13Read_REncoderEv  encoder.o
    0x08004f14   0x08004f14   0x00000054   Code   RO         3888    i._ZN8CEncoderC1EP6CDebug  encoder.o
    0x08004f68   0x08004f68   0x00000028   Code   RO         4953    i.__ARM_fpclassify  m_ws.l(fpclassify.o)
    0x08004f90   0x08004f90   0x00000388   Code   RO         4831    i.__ieee754_rem_pio2  m_ws.l(rred.o)
    0x08005318   0x08005318   0x000000aa   Code   RO         4955    i.__kernel_poly     m_ws.l(poly.o)
    0x080053c2   0x080053c2   0x00000002   PAD
    0x080053c4   0x080053c4   0x0000027c   Code   RO         4836    i.__kernel_tan      m_ws.l(tan_i.o)
    0x08005640   0x08005640   0x00000006   Code   RO         4818    i.__mathlib_dbl_infnan  m_ws.l(dunder.o)
    0x08005646   0x08005646   0x0000000c   Code   RO         4820    i.__mathlib_dbl_invalid  m_ws.l(dunder.o)
    0x08005652   0x08005652   0x00000002   PAD
    0x08005654   0x08005654   0x00000010   Code   RO         4823    i.__mathlib_dbl_underflow  m_ws.l(dunder.o)
    0x08005664   0x08005664   0x0000000e   Code   RO         4763    i._is_digit         c_w.l(__printf_wp.o)
    0x08005672   0x08005672   0x00000002   PAD
    0x08005674   0x08005674   0x00000044   Code   RO         4233    i.delay_init        delay.o
    0x080056b8   0x080056b8   0x0000004c   Code   RO         4234    i.delay_ms          delay.o
    0x08005704   0x08005704   0x0000004c   Code   RO         4235    i.delay_us          delay.o
    0x08005750   0x08005750   0x000004fc   Code   RO         3647    i.main              main.o
    0x08005c4c   0x08005c4c   0x00000064   Code   RO         4668    i.tan               m_ws.l(tan.o)
    0x08005cb0   0x08005cb0   0x0000002c   Code   RO         5004    locale$$code        c_w.l(lc_numeric_c.o)
    0x08005cdc   0x08005cdc   0x0000002c   Code   RO         5038    locale$$code        c_w.l(lc_ctype_c.o)
    0x08005d08   0x08005d08   0x00000062   Code   RO         4607    x$fpl$d2f           fz_ws.l(d2f.o)
    0x08005d6a   0x08005d6a   0x00000002   PAD
    0x08005d6c   0x08005d6c   0x00000150   Code   RO         4609    x$fpl$dadd          fz_ws.l(daddsub_clz.o)
    0x08005ebc   0x08005ebc   0x00000010   Code   RO         5020    x$fpl$dcheck1       fz_ws.l(dcheck1.o)
    0x08005ecc   0x08005ecc   0x000002b0   Code   RO         4616    x$fpl$ddiv          fz_ws.l(ddiv.o)
    0x0800617c   0x0800617c   0x0000005e   Code   RO         4619    x$fpl$dfix          fz_ws.l(dfix.o)
    0x080061da   0x080061da   0x00000002   PAD
    0x080061dc   0x080061dc   0x0000005a   Code   RO         4623    x$fpl$dfixu         fz_ws.l(dfixu.o)
    0x08006236   0x08006236   0x0000002e   Code   RO         4628    x$fpl$dflt          fz_ws.l(dflt_clz.o)
    0x08006264   0x08006264   0x00000026   Code   RO         4627    x$fpl$dfltu         fz_ws.l(dflt_clz.o)
    0x0800628a   0x0800628a   0x00000002   PAD
    0x0800628c   0x0800628c   0x00000154   Code   RO         4633    x$fpl$dmul          fz_ws.l(dmul.o)
    0x080063e0   0x080063e0   0x0000009c   Code   RO         4798    x$fpl$dnaninf       fz_ws.l(dnaninf.o)
    0x0800647c   0x0800647c   0x0000000c   Code   RO         4800    x$fpl$dretinf       fz_ws.l(dretinf.o)
    0x08006488   0x08006488   0x00000016   Code   RO         4610    x$fpl$drsb          fz_ws.l(daddsub_clz.o)
    0x0800649e   0x0800649e   0x00000002   PAD
    0x080064a0   0x080064a0   0x000001d4   Code   RO         4611    x$fpl$dsub          fz_ws.l(daddsub_clz.o)
    0x08006674   0x08006674   0x00000056   Code   RO         4635    x$fpl$f2d           fz_ws.l(f2d.o)
    0x080066ca   0x080066ca   0x00000002   PAD
    0x080066cc   0x080066cc   0x000000c4   Code   RO         4637    x$fpl$fadd          fz_ws.l(faddsub_clz.o)
    0x08006790   0x08006790   0x00000018   Code   RO         4802    x$fpl$fcmpinf       fz_ws.l(fcmpi.o)
    0x080067a8   0x080067a8   0x00000184   Code   RO         4644    x$fpl$fdiv          fz_ws.l(fdiv.o)
    0x0800692c   0x0800692c   0x00000036   Code   RO         4647    x$fpl$ffix          fz_ws.l(ffix.o)
    0x08006962   0x08006962   0x00000002   PAD
    0x08006964   0x08006964   0x0000003e   Code   RO         4651    x$fpl$ffixu         fz_ws.l(ffixu.o)
    0x080069a2   0x080069a2   0x00000002   PAD
    0x080069a4   0x080069a4   0x00000030   Code   RO         4656    x$fpl$fflt          fz_ws.l(fflt_clz.o)
    0x080069d4   0x080069d4   0x00000068   Code   RO         4661    x$fpl$fleqf         fz_ws.l(fleqf.o)
    0x08006a3c   0x08006a3c   0x00000102   Code   RO         4663    x$fpl$fmul          fz_ws.l(fmul.o)
    0x08006b3e   0x08006b3e   0x0000008c   Code   RO         4804    x$fpl$fnaninf       fz_ws.l(fnaninf.o)
    0x08006bca   0x08006bca   0x0000000a   Code   RO         4806    x$fpl$fretinf       fz_ws.l(fretinf.o)
    0x08006bd4   0x08006bd4   0x00000062   Code   RO         4665    x$fpl$frleqf        fz_ws.l(frleqf.o)
    0x08006c36   0x08006c36   0x00000014   Code   RO         4638    x$fpl$frsb          fz_ws.l(faddsub_clz.o)
    0x08006c4a   0x08006c4a   0x00000002   PAD
    0x08006c4c   0x08006c4c   0x000000ea   Code   RO         4639    x$fpl$fsub          fz_ws.l(faddsub_clz.o)
    0x08006d36   0x08006d36   0x00000004   Code   RO         4808    x$fpl$printf1       fz_ws.l(printf1.o)
    0x08006d3a   0x08006d3a   0x00000004   Code   RO         4810    x$fpl$printf2       fz_ws.l(printf2.o)
    0x08006d3e   0x08006d3e   0x00000064   Code   RO         5066    x$fpl$retnan        fz_ws.l(retnan.o)
    0x08006da2   0x08006da2   0x0000005c   Code   RO         4951    x$fpl$scalbn        fz_ws.l(scalbn.o)
    0x08006dfe   0x08006dfe   0x00000030   Code   RO         5079    x$fpl$trapveneer    fz_ws.l(trapv.o)
    0x08006e2e   0x08006e2e   0x00000000   Code   RO         4816    x$fpl$usenofp       fz_ws.l(usenofp.o)
    0x08006e2e   0x08006e2e   0x00000002   Data   RO         4053    .constdata          pstwo.o
    0x08006e30   0x08006e30   0x00000006   Data   RO         4146    .constdata          usart.o
    0x08006e36   0x08006e36   0x00000a64   Data   RO         4379    .constdata          debug.o
    0x0800789a   0x0800789a   0x00000002   PAD
    0x0800789c   0x0800789c   0x00000008   Data   RO         4722    .constdata          c_w.l(_printf_wctomb.o)
    0x080078a4   0x080078a4   0x00000028   Data   RO         4751    .constdata          c_w.l(_printf_hex_int_ll_ptr.o)
    0x080078cc   0x080078cc   0x00000011   Data   RO         4771    .constdata          c_w.l(__printf_flags_ss_wp.o)
    0x080078dd   0x080078dd   0x00000003   PAD
    0x080078e0   0x080078e0   0x000000c8   Data   RO         4833    .constdata          m_ws.l(rred.o)
    0x080079a8   0x080079a8   0x00000060   Data   RO         4837    .constdata          m_ws.l(tan_i.o)
    0x08007a08   0x08007a08   0x00000026   Data   RO         4882    .constdata          c_w.l(_printf_fp_hex.o)
    0x08007a2e   0x08007a2e   0x00000002   PAD
    0x08007a30   0x08007a30   0x00000094   Data   RO         4979    .constdata          c_w.l(bigflt0.o)
    0x08007ac4   0x08007ac4   0x00000020   Data   RO         5100    Region$$Table       anon$$obj.o
    0x08007ae4   0x08007ae4   0x0000001c   Data   RO         5003    locale$$data        c_w.l(lc_numeric_c.o)
    0x08007b00   0x08007b00   0x00000110   Data   RO         5037    locale$$data        c_w.l(lc_ctype_c.o)


    Execution Region RW_IRAM1 (Exec base: 0x20000000, Load base: 0x08007c10, Size: 0x000006e8, Max: 0x0000c000, ABSOLUTE)

    Exec Addr    Load Addr    Size         Type   Attr      Idx    E Section Name        Object

    0x20000000   0x08007c10   0x00000014   Data   RW           18    .data               system_stm32f10x.o
    0x20000014   0x08007c24   0x00000014   Data   RW         2009    .data               stm32f10x_rcc.o
    0x20000028   0x08007c38   0x00000001   Data   RW         3778    .data               imu.o
    0x20000029   0x08007c39   0x00000001   Data   RW         3896    .data               encoder.o
    0x2000002a   0x08007c3a   0x00000002   Data   RW         3938    .data               key.o
    0x2000002c   0x08007c3c   0x00000001   Data   RW         3983    .data               motor.o
    0x2000002d   0x08007c3d   0x00000001   PAD
    0x2000002e   0x08007c3e   0x00000004   Data   RW         4054    .data               pstwo.o
    0x20000032   0x08007c42   0x00000002   PAD
    0x20000034   0x08007c44   0x00000013   Data   RW         4147    .data               usart.o
    0x20000047   0x08007c57   0x00000001   Data   RW         4200    .data               timer.o
    0x20000048   0x08007c58   0x00000004   Data   RW         4239    .data               delay.o
    0x2000004c   0x08007c5c   0x00000002   Data   RW         4380    .data               debug.o
    0x2000004e   0x08007c5e   0x00000002   PAD
    0x20000050   0x08007c60   0x00000038   Data   RW         4497    .data               control.o
    0x20000088        -       0x00000060   Zero   RW         4843    .bss                c_w.l(libspace.o)
    0x200000e8        -       0x00000200   Zero   RW            2    HEAP                startup_stm32f10x_hd.o
    0x200002e8        -       0x00000400   Zero   RW            1    STACK               startup_stm32f10x_hd.o


==============================================================================

Image component sizes


      Code (inc. data)   RO Data    RW Data    ZI Data      Debug   Object Name

      2276        178          0         56          0       6352   control.o
      1436         98       2660          2          0      10628   debug.o
       220         26          0          4          0       1835   delay.o
       522         66          0          1          0       3256   encoder.o
      1070         84          0          1          0       4708   imu.o
       104         18          0          2          0       2016   key.o
      1328         90          0          0          0      11347   main.o
       172         22          0          0          0       2369   misc.o
       656         80          0          1          0       3600   motor.o
      1084        122          2          4          0       8100   pstwo.o
       692        106          0          0          0       4390   sim-iic.o
        64         26        304          0       1536        872   startup_stm32f10x_hd.o
        12          6          0          0          0        575   stm32f10x_bkp.o
       422          6          0          0          0       3046   stm32f10x_gpio.o
        26          0          0          0          0       4090   stm32f10x_it.o
        12          6          0          0          0        582   stm32f10x_pwr.o
       328         38          0         20          0       5382   stm32f10x_rcc.o
      1896        200          0          0          0      19555   stm32f10x_tim.o
       462          6          0          0          0       6859   stm32f10x_usart.o
       328         28          0         20          0     255497   system_stm32f10x.o
       324         80          0          1          0       2192   timer.o
       700        110          6         19          0       4636   usart.o

    ----------------------------------------------------------------------
     14164       1396       3006        136       1536     361887   Object Totals
         0          0         32          0          0          0   (incl. Generated)
        30          0          2          5          0          0   (incl. Padding)

    ----------------------------------------------------------------------

      Code (inc. data)   RO Data    RW Data    ZI Data      Debug   Library Member Name

         8          0          0          0          0         68   __main.o
       392          4         17          0          0         92   __printf_flags_ss_wp.o
        14          0          0          0          0         68   __printf_wp.o
         0          0          0          0          0          0   __rtentry.o
        12          0          0          0          0          0   __rtentry2.o
         6          0          0          0          0          0   __rtentry4.o
        52          8          0          0          0          0   __scatter.o
        26          0          0          0          0          0   __scatter_copy.o
        28          0          0          0          0          0   __scatter_zi.o
         6          0          0          0          0          0   _printf_a.o
         6          0          0          0          0          0   _printf_c.o
        44          0          0          0          0        108   _printf_char.o
        48          6          0          0          0         96   _printf_char_common.o
        40          0          0          0          0         68   _printf_charcount.o
         6          0          0          0          0          0   _printf_d.o
       120         16          0          0          0         92   _printf_dec.o
         6          0          0          0          0          0   _printf_e.o
         6          0          0          0          0          0   _printf_f.o
      1054          0          0          0          0        216   _printf_fp_dec.o
       764          8         38          0          0        100   _printf_fp_hex.o
       128         16          0          0          0         84   _printf_fp_infnan.o
         6          0          0          0          0          0   _printf_g.o
       148          4         40          0          0        160   _printf_hex_int_ll_ptr.o
         6          0          0          0          0          0   _printf_i.o
       178          0          0          0          0         88   _printf_intcommon.o
        10          0          0          0          0          0   _printf_l.o
         6          0          0          0          0          0   _printf_lc.o
        10          0          0          0          0          0   _printf_ll.o
         6          0          0          0          0          0   _printf_lld.o
         6          0          0          0          0          0   _printf_lli.o
         6          0          0          0          0          0   _printf_llo.o
         6          0          0          0          0          0   _printf_llu.o
         6          0          0          0          0          0   _printf_llx.o
       124         16          0          0          0         92   _printf_longlong_dec.o
         6          0          0          0          0          0   _printf_ls.o
         6          0          0          0          0          0   _printf_n.o
         6          0          0          0          0          0   _printf_o.o
       112         10          0          0          0        124   _printf_oct_int_ll.o
         6          0          0          0          0          0   _printf_p.o
        78          0          0          0          0        108   _printf_pad.o
         0          0          0          0          0          0   _printf_percent.o
         4          0          0          0          0          0   _printf_percent_end.o
         6          0          0          0          0          0   _printf_s.o
        82          0          0          0          0         80   _printf_str.o
        36          0          0          0          0         84   _printf_truncate.o
         6          0          0          0          0          0   _printf_u.o
        44          0          0          0          0        108   _printf_wchar.o
       188          6          8          0          0         92   _printf_wctomb.o
         6          0          0          0          0          0   _printf_x.o
        22          0          0          0          0        100   _rserrno.o
        16          0          0          0          0         68   _snputc.o
        10          0          0          0          0         68   _sputc.o
        64          0          0          0          0         92   _wcrtomb.o
        54          0          0          0          0         92   asprintf.o
       228          4        148          0          0         96   bigflt0.o
      1936        128          0          0          0        672   btod.o
        10          0          0          0          0         68   defsig_exit.o
        50          0          0          0          0         88   defsig_general.o
        80         58          0          0          0         76   defsig_rtmem_inner.o
        14          0          0          0          0         80   defsig_rtmem_outer.o
        18          0          0          0          0         80   exit.o
        94          0          0          0          0         80   h1_alloc.o
        52          0          0          0          0         68   h1_extend.o
        78          0          0          0          0         80   h1_free.o
        14          0          0          0          0         84   h1_init.o
         6          0          0          0          0        152   heapauxi.o
         4          0          0          0          0        136   hguard.o
         0          0          0          0          0          0   indicate_semi.o
       138          0          0          0          0        168   init_alloc.o
        44         10        272          0          0         76   lc_ctype_c.o
        44         10         28          0          0         76   lc_numeric_c.o
         2          0          0          0          0          0   libinit.o
        38          0          0          0          0          0   libinit2.o
         2          0          0          0          0          0   libshutdown.o
         2          0          0          0          0          0   libshutdown2.o
         8          4          0          0         96         68   libspace.o
       138          0          0          0          0         80   lludiv10.o
         0          0          0          0          0          0   maybetermalloc1.o
        16          4          0          0          0         76   rt_ctype_table.o
         8          4          0          0          0         68   rt_errno_addr_intlibspace.o
         8          4          0          0          0         68   rt_heap_descriptor_intlibspace.o
         8          4          0          0          0         68   rt_locale_intlibspace.o
        78          0          0          0          0         80   rt_memclr_w.o
         2          0          0          0          0          0   rtexit.o
        10          0          0          0          0          0   rtexit2.o
       128          0          0          0          0         68   strcmpv7m.o
        12          4          0          0          0         68   sys_exit.o
        74          0          0          0          0         80   sys_stackheap_outer.o
        14          0          0          0          0         76   sys_wrch.o
         2          0          0          0          0         68   use_no_semi.o
        52          4          0          0          0         80   vsnprintf.o
        98          4          0          0          0         92   d2f.o
       826         16          0          0          0        348   daddsub_clz.o
        16          4          0          0          0         68   dcheck1.o
       688        140          0          0          0        208   ddiv.o
        94          4          0          0          0         92   dfix.o
        90          4          0          0          0         92   dfixu.o
        84          0          0          0          0        136   dflt_clz.o
       340         12          0          0          0        104   dmul.o
       156          4          0          0          0         92   dnaninf.o
        12          0          0          0          0         68   dretinf.o
        86          4          0          0          0         84   f2d.o
       450          8          0          0          0        236   faddsub_clz.o
        24          0          0          0          0         68   fcmpi.o
       388         76          0          0          0         96   fdiv.o
        54          4          0          0          0         84   ffix.o
        62          4          0          0          0         84   ffixu.o
        48          0          0          0          0         68   fflt_clz.o
       104          4          0          0          0         84   fleqf.o
       258          4          0          0          0         84   fmul.o
       140          4          0          0          0         84   fnaninf.o
        10          0          0          0          0         68   fretinf.o
        98          0          0          0          0         68   frleqf.o
         4          0          0          0          0         68   printf1.o
         4          0          0          0          0         68   printf2.o
       100          0          0          0          0         68   retnan.o
        92          0          0          0          0         68   scalbn.o
        48          0          0          0          0         68   trapv.o
         0          0          0          0          0          0   usenofp.o
        34          6          0          0          0        204   dunder.o
        40          0          0          0          0         68   fpclassify.o
       170          0          0          0          0         96   poly.o
       904         76        200          0          0        140   rred.o
       100         10          0          0          0         96   tan.o
       636         50         96          0          0        168   tan_i.o

    ----------------------------------------------------------------------
     13738        770        852          0         96       8896   Library Totals
        32          0          5          0          0          0   (incl. Padding)

    ----------------------------------------------------------------------

      Code (inc. data)   RO Data    RW Data    ZI Data      Debug   Library Name

      7448        332        551          0         96       5376   c_w.l
      4374        296          0          0          0       2748   fz_ws.l
      1884        142        296          0          0        772   m_ws.l

    ----------------------------------------------------------------------
     13738        770        852          0         96       8896   Library Totals

    ----------------------------------------------------------------------

==============================================================================


      Code (inc. data)   RO Data    RW Data    ZI Data      Debug   

     27902       2166       3858        136       1632     358923   Grand Totals
     27902       2166       3858        136       1632     358923   ELF Image Totals
     27902       2166       3858        136          0          0   ROM Totals

==============================================================================

    Total RO  Size (Code + RO Data)                31760 (  31.02kB)
    Total RW  Size (RW Data + ZI Data)              1768 (   1.73kB)
    Total ROM Size (Code + RO Data + RW Data)      31896 (  31.15kB)

==============================================================================

