Component: ARM Compiler 5.06 update 6 (build 750) Tool: armlink [4d35ed]

==============================================================================

Section Cross References

    startup_stm32f10x_hd.o(STACK) refers (Special) to heapauxi.o(.text) for __use_two_region_memory
    startup_stm32f10x_hd.o(HEAP) refers (Special) to heapauxi.o(.text) for __use_two_region_memory
    startup_stm32f10x_hd.o(RESET) refers (Special) to heapauxi.o(.text) for __use_two_region_memory
    startup_stm32f10x_hd.o(RESET) refers to startup_stm32f10x_hd.o(STACK) for __initial_sp
    startup_stm32f10x_hd.o(RESET) refers to startup_stm32f10x_hd.o(.text) for Reset_Handler
    startup_stm32f10x_hd.o(RESET) refers to stm32f10x_it.o(i.NMI_Handler) for NMI_Handler
    startup_stm32f10x_hd.o(RESET) refers to stm32f10x_it.o(i.HardFault_Handler) for HardFault_Handler
    startup_stm32f10x_hd.o(RESET) refers to stm32f10x_it.o(i.MemManage_Handler) for MemManage_Handler
    startup_stm32f10x_hd.o(RESET) refers to stm32f10x_it.o(i.BusFault_Handler) for BusFault_Handler
    startup_stm32f10x_hd.o(RESET) refers to stm32f10x_it.o(i.UsageFault_Handler) for UsageFault_Handler
    startup_stm32f10x_hd.o(RESET) refers to stm32f10x_it.o(i.SVC_Handler) for SVC_Handler
    startup_stm32f10x_hd.o(RESET) refers to stm32f10x_it.o(i.DebugMon_Handler) for DebugMon_Handler
    startup_stm32f10x_hd.o(RESET) refers to stm32f10x_it.o(i.PendSV_Handler) for PendSV_Handler
    startup_stm32f10x_hd.o(RESET) refers to stm32f10x_it.o(i.SysTick_Handler) for SysTick_Handler
    startup_stm32f10x_hd.o(.text) refers (Special) to heapauxi.o(.text) for __use_two_region_memory
    startup_stm32f10x_hd.o(.text) refers to system_stm32f10x.o(i.SystemInit) for SystemInit
    startup_stm32f10x_hd.o(.text) refers to __main.o(!!!main) for __main
    startup_stm32f10x_hd.o(.text) refers to startup_stm32f10x_hd.o(HEAP) for Heap_Mem
    startup_stm32f10x_hd.o(.text) refers to startup_stm32f10x_hd.o(STACK) for Stack_Mem
    system_stm32f10x.o(i.SetSysClock) refers to system_stm32f10x.o(i.SetSysClockTo72) for SetSysClockTo72
    system_stm32f10x.o(i.SystemCoreClockUpdate) refers to system_stm32f10x.o(.data) for SystemCoreClock
    system_stm32f10x.o(i.SystemInit) refers to system_stm32f10x.o(i.SetSysClock) for SetSysClock
    stm32f10x_adc.o(i.ADC_DeInit) refers to stm32f10x_rcc.o(i.RCC_APB2PeriphResetCmd) for RCC_APB2PeriphResetCmd
    stm32f10x_bkp.o(i.BKP_DeInit) refers to stm32f10x_rcc.o(i.RCC_BackupResetCmd) for RCC_BackupResetCmd
    stm32f10x_can.o(i.CAN_DeInit) refers to stm32f10x_rcc.o(i.RCC_APB1PeriphResetCmd) for RCC_APB1PeriphResetCmd
    stm32f10x_can.o(i.CAN_GetITStatus) refers to stm32f10x_can.o(i.CheckITStatus) for CheckITStatus
    stm32f10x_cec.o(i.CEC_DeInit) refers to stm32f10x_rcc.o(i.RCC_APB1PeriphResetCmd) for RCC_APB1PeriphResetCmd
    stm32f10x_dac.o(i.DAC_DeInit) refers to stm32f10x_rcc.o(i.RCC_APB1PeriphResetCmd) for RCC_APB1PeriphResetCmd
    stm32f10x_flash.o(i.FLASH_EnableWriteProtection) refers to stm32f10x_flash.o(i.FLASH_WaitForLastOperation) for FLASH_WaitForLastOperation
    stm32f10x_flash.o(i.FLASH_EraseAllBank1Pages) refers to stm32f10x_flash.o(i.FLASH_WaitForLastBank1Operation) for FLASH_WaitForLastBank1Operation
    stm32f10x_flash.o(i.FLASH_EraseAllPages) refers to stm32f10x_flash.o(i.FLASH_WaitForLastOperation) for FLASH_WaitForLastOperation
    stm32f10x_flash.o(i.FLASH_EraseOptionBytes) refers to stm32f10x_flash.o(i.FLASH_GetReadOutProtectionStatus) for FLASH_GetReadOutProtectionStatus
    stm32f10x_flash.o(i.FLASH_EraseOptionBytes) refers to stm32f10x_flash.o(i.FLASH_WaitForLastOperation) for FLASH_WaitForLastOperation
    stm32f10x_flash.o(i.FLASH_ErasePage) refers to stm32f10x_flash.o(i.FLASH_WaitForLastOperation) for FLASH_WaitForLastOperation
    stm32f10x_flash.o(i.FLASH_ProgramHalfWord) refers to stm32f10x_flash.o(i.FLASH_WaitForLastOperation) for FLASH_WaitForLastOperation
    stm32f10x_flash.o(i.FLASH_ProgramOptionByteData) refers to stm32f10x_flash.o(i.FLASH_WaitForLastOperation) for FLASH_WaitForLastOperation
    stm32f10x_flash.o(i.FLASH_ProgramWord) refers to stm32f10x_flash.o(i.FLASH_WaitForLastOperation) for FLASH_WaitForLastOperation
    stm32f10x_flash.o(i.FLASH_ReadOutProtection) refers to stm32f10x_flash.o(i.FLASH_WaitForLastOperation) for FLASH_WaitForLastOperation
    stm32f10x_flash.o(i.FLASH_UserOptionByteConfig) refers to stm32f10x_flash.o(i.FLASH_WaitForLastOperation) for FLASH_WaitForLastOperation
    stm32f10x_flash.o(i.FLASH_WaitForLastBank1Operation) refers to stm32f10x_flash.o(i.FLASH_GetBank1Status) for FLASH_GetBank1Status
    stm32f10x_flash.o(i.FLASH_WaitForLastOperation) refers to stm32f10x_flash.o(i.FLASH_GetBank1Status) for FLASH_GetBank1Status
    stm32f10x_gpio.o(i.GPIO_AFIODeInit) refers to stm32f10x_rcc.o(i.RCC_APB2PeriphResetCmd) for RCC_APB2PeriphResetCmd
    stm32f10x_gpio.o(i.GPIO_DeInit) refers to stm32f10x_rcc.o(i.RCC_APB2PeriphResetCmd) for RCC_APB2PeriphResetCmd
[...]
    _printf_d                                0x080001d9   Thumb Code     0  _printf_d.o(.ARM.Collect$$_printf_percent$$00000009)
    _printf_u                                0x080001df   Thumb Code     0  _printf_u.o(.ARM.Collect$$_printf_percent$$0000000A)
    _printf_o                                0x080001e5   Thumb Code     0  _printf_o.o(.ARM.Collect$$_printf_percent$$0000000B)
    _printf_x                                0x080001eb   Thumb Code     0  _printf_x.o(.ARM.Collect$$_printf_percent$$0000000C)
    _printf_lli                              0x080001f1   Thumb Code     0  _printf_lli.o(.ARM.Collect$$_printf_percent$$0000000D)
    _printf_lld                              0x080001f7   Thumb Code     0  _printf_lld.o(.ARM.Collect$$_printf_percent$$0000000E)
    _printf_llu                              0x080001fd   Thumb Code     0  _printf_llu.o(.ARM.Collect$$_printf_percent$$0000000F)
    _printf_llo                              0x08000203   Thumb Code     0  _printf_llo.o(.ARM.Collect$$_printf_percent$$00000010)
    _printf_llx                              0x08000209   Thumb Code     0  _printf_llx.o(.ARM.Collect$$_printf_percent$$00000011)
    _printf_l                                0x0800020f   Thumb Code     0  _printf_l.o(.ARM.Collect$$_printf_percent$$00000012)
    _printf_c                                0x08000219   Thumb Code     0  _printf_c.o(.ARM.Collect$$_printf_percent$$00000013)
    _printf_s                                0x0800021f   Thumb Code     0  _printf_s.o(.ARM.Collect$$_printf_percent$$00000014)
    _printf_lc                               0x08000225   Thumb Code     0  _printf_lc.o(.ARM.Collect$$_printf_percent$$00000015)
    _printf_ls                               0x0800022b   Thumb Code     0  _printf_ls.o(.ARM.Collect$$_printf_percent$$00000016)
    _printf_percent_end                      0x08000231   Thumb Code     0  _printf_percent_end.o(.ARM.Collect$$_printf_percent$$00000017)
    __rt_lib_init                            0x08000235   Thumb Code     0  libinit.o(.ARM.Collect$$libinit$$00000000)
    __rt_lib_init_fp_1                       0x08000237   Thumb Code     0  libinit2.o(.ARM.Collect$$libinit$$00000002)
    __rt_lib_init_heap_2                     0x08000237   Thumb Code     0  libinit2.o(.ARM.Collect$$libinit$$00000005)
    __rt_lib_init_preinit_1                  0x08000237   Thumb Code     0  libinit2.o(.ARM.Collect$$libinit$$00000004)
    __rt_lib_init_heap_1                     0x0800023f   Thumb Code     0  libinit2.o(.ARM.Collect$$libinit$$0000000A)
    __rt_lib_init_lc_common                  0x0800023f   Thumb Code     0  libinit2.o(.ARM.Collect$$libinit$$0000000F)
    __rt_lib_init_rand_1                     0x0800023f   Thumb Code     0  libinit2.o(.ARM.Collect$$libinit$$0000000E)
    __rt_lib_init_user_alloc_1               0x0800023f   Thumb Code     0  libinit2.o(.ARM.Collect$$libinit$$0000000C)
    __rt_lib_init_lc_collate_1               0x08000245   Thumb Code     0  libinit2.o(.ARM.Collect$$libinit$$00000011)
    __rt_lib_init_lc_ctype_2                 0x08000245   Thumb Code     0  libinit2.o(.ARM.Collect$$libinit$$00000012)
    __rt_lib_init_lc_ctype_1                 0x08000251   Thumb Code     0  libinit2.o(.ARM.Collect$$libinit$$00000013)
    __rt_lib_init_lc_monetary_1              0x08000251   Thumb Code     0  libinit2.o(.ARM.Collect$$libinit$$00000015)
    __rt_lib_init_lc_numeric_2               0x08000251   Thumb Code     0  libinit2.o(.ARM.Collect$$libinit$$00000016)
    __rt_lib_init_alloca_1                   0x0800025b   Thumb Code     0  libinit2.o(.ARM.Collect$$libinit$$0000002E)
    __rt_lib_init_argv_1                     0x0800025b   Thumb Code     0  libinit2.o(.ARM.Collect$$libinit$$0000002C)
    __rt_lib_init_atexit_1                   0x0800025b   Thumb Code     0  libinit2.o(.ARM.Collect$$libinit$$0000001B)
    __rt_lib_init_clock_1                    0x0800025b   Thumb Code     0  libinit2.o(.ARM.Collect$$libinit$$00000021)
    __rt_lib_init_cpp_1                      0x0800025b   Thumb Code     0  libinit2.o(.ARM.Collect$$libinit$$00000032)
    __rt_lib_init_exceptions_1               0x0800025b   Thumb Code     0  libinit2.o(.ARM.Collect$$libinit$$00000030)
    __rt_lib_init_fp_trap_1                  0x0800025b   Thumb Code     0  libinit2.o(.ARM.Collect$$libinit$$0000001F)
    __rt_lib_init_getenv_1                   0x0800025b   Thumb Code     0  libinit2.o(.ARM.Collect$$libinit$$00000023)
    __rt_lib_init_lc_numeric_1               0x0800025b   Thumb Code     0  libinit2.o(.ARM.Collect$$libinit$$00000017)
    __rt_lib_init_lc_time_1                  0x0800025b   Thumb Code     0  libinit2.o(.ARM.Collect$$libinit$$00000019)
    __rt_lib_init_return                     0x0800025b   Thumb Code     0  libinit2.o(.ARM.Collect$$libinit$$00000033)
    __rt_lib_init_signal_1                   0x0800025b   Thumb Code     0  libinit2.o(.ARM.Collect$$libinit$$0000001D)
    __rt_lib_init_stdio_1                    0x0800025b   Thumb Code     0  libinit2.o(.ARM.Collect$$libinit$$00000025)
    __rt_lib_shutdown                        0x0800025d   Thumb Code     0  libshutdown.o(.ARM.Collect$$libshutdown$$00000000)
    __rt_lib_shutdown_cpp_1                  0x0800025f   Thumb Code     0  libshutdown2.o(.ARM.Collect$$libshutdown$$00000002)
    __rt_lib_shutdown_fp_trap_1              0x0800025f   Thumb Code     0  libshutdown2.o(.ARM.Collect$$libshutdown$$00000007)
    __rt_lib_shutdown_heap_1                 0x0800025f   Thumb Code     0  libshutdown2.o(.ARM.Collect$$libshutdown$$0000000F)
    __rt_lib_shutdown_return                 0x0800025f   Thumb Code     0  libshutdown2.o(.ARM.Collect$$libshutdown$$00000010)
    __rt_lib_shutdown_signal_1               0x0800025f   Thumb Code     0  libshutdown2.o(.ARM.Collect$$libshutdown$$0000000A)
    __rt_lib_shutdown_stdio_1                0x0800025f   Thumb Code     0  libshutdown2.o(.ARM.Collect$$libshutdown$$00000004)
    __rt_lib_shutdown_user_alloc_1           0x0800025f   Thumb Code     0  libshutdown2.o(.ARM.Collect$$libshutdown$$0000000C)
    __rt_entry                               0x08000261   Thumb Code     0  __rtentry.o(.ARM.Collect$$rtentry$$00000000)
    __rt_entry_presh_1                       0x08000261   Thumb Code     0  __rtentry2.o(.ARM.Collect$$rtentry$$00000002)
    __rt_entry_sh                            0x08000261   Thumb Code     0  __rtentry4.o(.ARM.Collect$$rtentry$$00000004)
    __rt_entry_li                            0x08000267   Thumb Code     0  __rtentry2.o(.ARM.Collect$$rtentry$$0000000A)
    __rt_entry_postsh_1                      0x08000267   Thumb Code     0  __rtentry2.o(.ARM.Collect$$rtentry$$00000009)
    __rt_entry_main                          0x0800026b   Thumb Code     0  __rtentry2.o(.ARM.Collect$$rtentry$$0000000D)
    __rt_entry_postli_1                      0x0800026b   Thumb Code     0  __rtentry2.o(.ARM.Collect$$rtentry$$0000000C)
    __rt_exit                                0x08000273   Thumb Code     0  rtexit.o(.ARM.Collect$$rtexit$$00000000)
    __rt_exit_ls                             0x08000275   Thumb Code     0  rtexit2.o(.ARM.Collect$$rtexit$$00000003)
    __rt_exit_prels_1                        0x08000275   Thumb Code     0  rtexit2.o(.ARM.Collect$$rtexit$$00000002)
    __rt_exit_exit                           0x08000279   Thumb Code     0  rtexit2.o(.ARM.Collect$$rtexit$$00000004)
    Reset_Handler                            0x08000281   Thumb Code     8  startup_stm32f10x_hd.o(.text)
    _maybe_terminate_alloc                   0x08000281   Thumb Code     0  maybetermalloc1.o(.emb_text)
    ADC1_2_IRQHandler                        0x0800029b   Thumb Code     0  startup_stm32f10x_hd.o(.text)
    ADC3_IRQHandler                          0x0800029b   Thumb Code     0  startup_stm32f10x_hd.o(.text)
    CAN1_RX1_IRQHandler                      0x0800029b   Thumb Code     0  startup_stm32f10x_hd.o(.text)
    CAN1_SCE_IRQHandler                      0x0800029b   Thumb Code     0  startup_stm32f10x_hd.o(.text)
    DMA1_Channel1_IRQHandler                 0x0800029b   Thumb Code     0  startup_stm32f10x_hd.o(.text)
    DMA1_Channel2_IRQHandler                 0x0800029b   Thumb Code     0  startup_stm32f10x_hd.o(.text)
    DMA1_Channel3_IRQHandler                 0x0800029b   Thumb Code     0  startup_stm32f10x_hd.o(.text)
    DMA1_Channel4_IRQHandler                 0x0800029b   Thumb Code     0  startup_stm32f10x_hd.o(.text)
    DMA1_Channel5_IRQHandler                 0x0800029b   Thumb Code     0  startup_stm32f10x_hd.o(.text)
    DMA1_Channel6_IRQHandler                 0x0800029b   Thumb Code     0  startup_stm32f10x_hd.o(.text)
    DMA1_Channel7_IRQHandler                 0x0800029b   Thumb Code     0  startup_stm32f10x_hd.o(.text)
    DMA2_Channel1_IRQHandler                 0x0800029b   Thumb Code     0  startup_stm32f10x_hd.o(.text)
    DMA2_Channel2_IRQHandler                 0x0800029b   Thumb Code     0  startup_stm32f10x_hd.o(.text)
    DMA2_Channel3_IRQHandler                 0x0800029b   Thumb Code     0  startup_stm32f10x_hd.o(.text)
    DMA2_Channel4_5_IRQHandler               0x0800029b   Thumb Code     0  startup_stm32f10x_hd.o(.text)
    EXTI0_IRQHandler                         0x0800029b   Thumb Code     0  startup_stm32f10x_hd.o(.text)
    EXTI15_10_IRQHandler                     0x0800029b   Thumb Code     0  startup_stm32f10x_hd.o(.text)
    EXTI1_IRQHandler                         0x0800029b   Thumb Code     0  startup_stm32f10x_hd.o(.text)
    EXTI2_IRQHandler                         0x0800029b   Thumb Code     0  startup_stm32f10x_hd.o(.text)
    EXTI3_IRQHandler                         0x0800029b   Thumb Code     0  startup_stm32f10x_hd.o(.text)
    EXTI4_IRQHandler                         0x0800029b   Thumb Code     0  startup_stm32f10x_hd.o(.text)
    EXTI9_5_IRQHandler                       0x0800029b   Thumb Code     0  startup_stm32f10x_hd.o(.text)
    FLASH_IRQHandler                         0x0800029b   Thumb Code     0  startup_stm32f10x_hd.o(.text)
    FSMC_IRQHandler                          0x0800029b   Thumb Code     0  startup_stm32f10x_hd.o(.text)
    I2C1_ER_IRQHandler                       0x0800029b   Thumb Code     0  startup_stm32f10x_hd.o(.text)
    I2C1_EV_IRQHandler                       0x0800029b   Thumb Code     0  startup_stm32f10x_hd.o(.text)
    I2C2_ER_IRQHandler                       0x0800029b   Thumb Code     0  startup_stm32f10x_hd.o(.text)
    I2C2_EV_IRQHandler                       0x0800029b   Thumb Code     0  startup_stm32f10x_hd.o(.text)
    PVD_IRQHandler                           0x0800029b   Thumb Code     0  startup_stm32f10x_hd.o(.text)
    RCC_IRQHandler                           0x0800029b   Thumb Code     0  startup_stm32f10x_hd.o(.text)
    RTCAlarm_IRQHandler                      0x0800029b   Thumb Code     0  startup_stm32f10x_hd.o(.text)
    RTC_IRQHandler                           0x0800029b   Thumb Code     0  startup_stm32f10x_hd.o(.text)
    SDIO_IRQHandler                          0x0800029b   Thumb Code     0  startup_stm32f10x_hd.o(.text)
    SPI1_IRQHandler                          0x0800029b   Thumb Code     0  startup_stm32f10x_hd.o(.text)
    SPI2_IRQHandler                          0x0800029b   Thumb Code     0  startup_stm32f10x_hd.o(.text)
    SPI3_IRQHandler                          0x0800029b   Thumb Code     0  startup_stm32f10x_hd.o(.text)
    TAMPER_IRQHandler                        0x0800029b   Thumb Code     0  startup_stm32f10x_hd.o(.text)
    TIM1_BRK_IRQHandler                      0x0800029b   Thumb Code     0  startup_stm32f10x_hd.o(.text)
    TIM1_CC_IRQHandler                       0x0800029b   Thumb Code     0  startup_stm32f10x_hd.o(.text)
    TIM1_TRG_COM_IRQHandler                  0x0800029b   Thumb Code     0  startup_stm32f10x_hd.o(.text)
    TIM1_UP_IRQHandler                       0x0800029b   Thumb Code     0  startup_stm32f10x_hd.o(.text)
    TIM2_IRQHandler                          0x0800029b   Thumb Code     0  startup_stm32f10x_hd.o(.text)
    TIM3_IRQHandler                          0x0800029b   Thumb Code     0  startup_stm32f10x_hd.o(.text)
    TIM4_IRQHandler                          0x0800029b   Thumb Code     0  startup_stm32f10x_hd.o(.text)
    TIM5_IRQHandler                          0x0800029b   Thumb Code     0  startup_stm32f10x_hd.o(.text)
    TIM6_IRQHandler                          0x0800029b   Thumb Code     0  startup_stm32f10x_hd.o(.text)
    TIM7_IRQHandler                          0x0800029b   Thumb Code     0  startup_stm32f10x_hd.o(.text)
    TIM8_BRK_IRQHandler                      0x0800029b   Thumb Code     0  startup_stm32f10x_hd.o(.text)
    TIM8_CC_IRQHandler                       0x0800029b   Thumb Code     0  startup_stm32f10x_hd.o(.text)
    TIM8_TRG_COM_IRQHandler                  0x0800029b   Thumb Code     0  startup_stm32f10x_hd.o(.text)
    TIM8_UP_IRQHandler                       0x0800029b   Thumb Code     0  startup_stm32f10x_hd.o(.text)
    UART4_IRQHandler                         0x0800029b   Thumb Code     0  startup_stm32f10x_hd.o(.text)
    UART5_IRQHandler                         0x0800029b   Thumb Code     0  startup_stm32f10x_hd.o(.text)
    USART1_IRQHandler                        0x0800029b   Thumb Code     0  startup_stm32f10x_hd.o(.text)
    USART2_IRQHandler                        0x0800029b   Thumb Code     0  startup_stm32f10x_hd.o(.text)
    USART3_IRQHandler                        0x0800029b   Thumb Code     0  startup_stm32f10x_hd.o(.text)
    USBWakeUp_IRQHandler                     0x0800029b   Thumb Code     0  startup_stm32f10x_hd.o(.text)
    USB_HP_CAN1_TX_IRQHandler                0x0800029b   Thumb Code     0  startup_stm32f10x_hd.o(.text)
    USB_LP_CAN1_RX0_IRQHandler               0x0800029b   Thumb Code     0  startup_stm32f10x_hd.o(.text)
    WWDG_IRQHandler                          0x0800029b   Thumb Code     0  startup_stm32f10x_hd.o(.text)
    __user_initial_stackheap                 0x0800029d   Thumb Code     0  startup_stm32f10x_hd.o(.text)
    free                                     0x080002c1   Thumb Code    78  h1_free.o(.text)
    asprintf                                 0x0800030f   Thumb Code    54  asprintf.o(.text)
    __use_two_region_memory                  0x08000345   Thumb Code     2  heapauxi.o(.text)
    __rt_heap_escrow                         0x08000347   Thumb Code     2  heapauxi.o(.text)
    __rt_heap_expand                         0x08000349   Thumb Code     2  heapauxi.o(.text)
    __rt_heap_descriptor                     0x0800034d   Thumb Code     8  rt_heap_descriptor_intlibspace.o(.text)
    __use_no_heap                            0x08000355   Thumb Code     2  hguard.o(.text)
    __heap$guard                             0x08000357   Thumb Code     2  hguard.o(.text)
    _terminate_user_alloc                    0x08000359   Thumb Code     2  init_alloc.o(.text)
    _init_user_alloc                         0x0800035b   Thumb Code     2  init_alloc.o(.text)
    __Heap_Full                              0x0800035d   Thumb Code    34  init_alloc.o(.text)
    __Heap_Broken                            0x0800037f   Thumb Code     6  init_alloc.o(.text)
    _init_alloc                              0x08000385   Thumb Code    94  init_alloc.o(.text)
    malloc                                   0x080003e3   Thumb Code    94  h1_alloc.o(.text)
    __read_errno                             0x08000441   Thumb Code    10  _rserrno.o(.text)
    __set_errno                              0x0800044b   Thumb Code    12  _rserrno.o(.text)
    vsnprintf                                0x08000459   Thumb Code    48  vsnprintf.o(.text)
    _printf_pre_padding                      0x0800048d   Thumb Code    44  _printf_pad.o(.text)
    _printf_post_padding                     0x080004b9   Thumb Code    34  _printf_pad.o(.text)
    _printf_truncate_signed                  0x080004db   Thumb Code    18  _printf_truncate.o(.text)
    _printf_truncate_unsigned                0x080004ed   Thumb Code    18  _printf_truncate.o(.text)
    _printf_str                              0x080004ff   Thumb Code    82  _printf_str.o(.text)
    _printf_int_dec                          0x08000551   Thumb Code   104  _printf_dec.o(.text)
    _printf_charcount                        0x080005c9   Thumb Code    40  _printf_charcount.o(.text)
    _printf_wctomb                           0x080005f1   Thumb Code   182  _printf_wctomb.o(.text)
    _printf_longlong_dec                     0x080006ad   Thumb Code   108  _printf_longlong_dec.o(.text)
    _printf_longlong_oct                     0x08000729   Thumb Code    66  _printf_oct_int_ll.o(.text)
    _printf_int_oct                          0x0800076b   Thumb Code    24  _printf_oct_int_ll.o(.text)
    _printf_ll_oct                           0x08000783   Thumb Code    12  _printf_oct_int_ll.o(.text)
    _printf_longlong_hex                     0x08000799   Thumb Code    86  _printf_hex_int_ll_ptr.o(.text)
    _printf_int_hex                          0x080007ef   Thumb Code    28  _printf_hex_int_ll_ptr.o(.text)
    _printf_ll_hex                           0x0800080b   Thumb Code    12  _printf_hex_int_ll_ptr.o(.text)
    _printf_hex_ptr                          0x08000817   Thumb Code    18  _printf_hex_int_ll_ptr.o(.text)
    __printf                                 0x0800082d   Thumb Code   388  __printf_flags_ss_wp.o(.text)
    __user_libspace                          0x080009b5   Thumb Code     8  libspace.o(.text)
    __user_perproc_libspace                  0x080009b5   Thumb Code     0  libspace.o(.text)
    __user_perthread_libspace                0x080009b5   Thumb Code     0  libspace.o(.text)
    __aeabi_errno_addr                       0x080009bd   Thumb Code     8  rt_errno_addr_intlibspace.o(.text)
    __errno$intlibspace                      0x080009bd   Thumb Code     0  rt_errno_addr_intlibspace.o(.text)
    __rt_errno_addr$intlibspace              0x080009bd   Thumb Code     0  rt_errno_addr_intlibspace.o(.text)
    __Heap_Initialize                        0x080009c5   Thumb Code    10  h1_init.o(.text)
    __Heap_DescSize                          0x080009cf   Thumb Code     4  h1_init.o(.text)
    __Heap_ProvideMemory                     0x080009d3   Thumb Code    52  h1_extend.o(.text)
    _ll_udiv10                               0x08000a07   Thumb Code   138  lludiv10.o(.text)
    _printf_int_common                       0x08000a91   Thumb Code   178  _printf_intcommon.o(.text)
    __lib_sel_fp_printf                      0x08000b43   Thumb Code     2  _printf_fp_dec.o(.text)
    _printf_fp_dec_real                      0x08000cf5   Thumb Code   620  _printf_fp_dec.o(.text)
    _printf_fp_hex_real                      0x08000f61   Thumb Code   756  _printf_fp_hex.o(.text)
    _printf_char_common                      0x08001267   Thumb Code    32  _printf_char_common.o(.text)
    _sputc                                   0x0800128d   Thumb Code    10  _sputc.o(.text)
    _snputc                                  0x08001297   Thumb Code    16  _snputc.o(.text)
    _printf_cs_common                        0x080012a7   Thumb Code    20  _printf_char.o(.text)
    _printf_char                             0x080012bb   Thumb Code    16  _printf_char.o(.text)
    _printf_string                           0x080012cb   Thumb Code     8  _printf_char.o(.text)
    _printf_lcs_common                       0x080012d3   Thumb Code    20  _printf_wchar.o(.text)
    _printf_wchar                            0x080012e7   Thumb Code    16  _printf_wchar.o(.text)
    _printf_wstring                          0x080012f7   Thumb Code     8  _printf_wchar.o(.text)
    _wcrtomb                                 0x080012ff   Thumb Code    64  _wcrtomb.o(.text)
    __rt_SIGRTMEM                            0x0800133f   Thumb Code    14  defsig_rtmem_outer.o(.text)
    __user_setup_stackheap                   0x0800134d   Thumb Code    74  sys_stackheap_outer.o(.text)
    __rt_ctype_table                         0x08001399   Thumb Code    16  rt_ctype_table.o(.text)
    __rt_locale                              0x080013a9   Thumb Code     8  rt_locale_intlibspace.o(.text)
    _printf_fp_infnan                        0x080013b1   Thumb Code   112  _printf_fp_infnan.o(.text)
    _btod_etento                             0x08001431   Thumb Code   224  bigflt0.o(.text)
    exit                                     0x08001515   Thumb Code    18  exit.o(.text)
    __sig_exit                               0x08001527   Thumb Code    10  defsig_exit.o(.text)
    __rt_SIGRTMEM_inner                      0x08001531   Thumb Code    22  defsig_rtmem_inner.o(.text)
    _sys_exit                                0x08001581   Thumb Code     8  sys_exit.o(.text)
    __I$use$semihosting                      0x0800158d   Thumb Code     0  use_no_semi.o(.text)
    __use_no_semihosting_swi                 0x0800158d   Thumb Code     2  use_no_semi.o(.text)
    __default_signal_display                 0x0800158f   Thumb Code    50  defsig_general.o(.text)
    __semihosting_library_function           0x0800158f   Thumb Code     0  indicate_semi.o(.text)
    strcmp                                   0x080015c1   Thumb Code   128  strcmpv7m.o(.text)
    _ttywrch                                 0x08001641   Thumb Code    14  sys_wrch.o(.text)
    _btod_d2e                                0x0800164f   Thumb Code    62  btod.o(CL$$btod_d2e)
    _d2e_denorm_low                          0x0800168d   Thumb Code    70  btod.o(CL$$btod_d2e_denorm_low)
    _d2e_norm_op1                            0x080016d3   Thumb Code    96  btod.o(CL$$btod_d2e_norm_op1)
    __btod_div_common                        0x08001733   Thumb Code   696  btod.o(CL$$btod_div_common)
    _e2e                                     0x08001a6b   Thumb Code   220  btod.o(CL$$btod_e2e)
    _btod_ediv                               0x08001b47   Thumb Code    42  btod.o(CL$$btod_ediv)
    _btod_emul                               0x08001b71   Thumb Code    42  btod.o(CL$$btod_emul)
    __btod_mult_common                       0x08001b9b   Thumb Code   580  btod.o(CL$$btod_mult_common)
    BKP_TamperPinCmd                         0x08001de1   Thumb Code     6  stm32f10x_bkp.o(i.BKP_TamperPinCmd)
    BusFault_Handler                         0x08001ded   Thumb Code     4  stm32f10x_it.o(i.BusFault_Handler)
    DebugMon_Handler                         0x08001df1   Thumb Code     2  stm32f10x_it.o(i.DebugMon_Handler)
    GPIO_Init                                0x08001df3   Thumb Code   278  stm32f10x_gpio.o(i.GPIO_Init)
    GPIO_PinRemapConfig                      0x08001f09   Thumb Code   138  stm32f10x_gpio.o(i.GPIO_PinRemapConfig)
    HardFault_Handler                        0x08001f99   Thumb Code     4  stm32f10x_it.o(i.HardFault_Handler)
    IIC_Ack                                  0x08001f9d   Thumb Code    66  sim-iic.o(i.IIC_Ack)
    IIC_Init                                 0x08001fed   Thumb Code    52  sim-iic.o(i.IIC_Init)
    IIC_NAck                                 0x0800202d   Thumb Code    66  sim-iic.o(i.IIC_NAck)
    IIC_Read_Byte                            0x0800207d   Thumb Code    98  sim-iic.o(i.IIC_Read_Byte)
    IIC_Send_Byte                            0x080020ed   Thumb Code    90  sim-iic.o(i.IIC_Send_Byte)
    IIC_Start                                0x08002155   Thumb Code    64  sim-iic.o(i.IIC_Start)
    IIC_Stop                                 0x080021a1   Thumb Code    64  sim-iic.o(i.IIC_Stop)
    IIC_Wait_Ack                             0x080021ed   Thumb Code    86  sim-iic.o(i.IIC_Wait_Ack)
    MemManage_Handler                        0x08002251   Thumb Code     4  stm32f10x_it.o(i.MemManage_Handler)
    NMI_Handler                              0x08002255   Thumb Code     2  stm32f10x_it.o(i.NMI_Handler)
    NVIC_Init                                0x08002259   Thumb Code   100  misc.o(i.NVIC_Init)
    PWR_BackupAccessCmd                      0x080022c9   Thumb Code     6  stm32f10x_pwr.o(i.PWR_BackupAccessCmd)
    PendSV_Handler                           0x080022d5   Thumb Code     2  stm32f10x_it.o(i.PendSV_Handler)
    RCC_APB1PeriphClockCmd                   0x080022d9   Thumb Code    26  stm32f10x_rcc.o(i.RCC_APB1PeriphClockCmd)
    RCC_APB2PeriphClockCmd                   0x080022f9   Thumb Code    26  stm32f10x_rcc.o(i.RCC_APB2PeriphClockCmd)
    RCC_GetClocksFreq                        0x08002319   Thumb Code   192  stm32f10x_rcc.o(i.RCC_GetClocksFreq)
    RCC_LSEConfig                            0x080023ed   Thumb Code    46  stm32f10x_rcc.o(i.RCC_LSEConfig)
    SVC_Handler                              0x08002421   Thumb Code     2  stm32f10x_it.o(i.SVC_Handler)
    SysTick_CLKSourceConfig                  0x0800250d   Thumb Code    40  misc.o(i.SysTick_CLKSourceConfig)
    SysTick_Handler                          0x08002535   Thumb Code     2  stm32f10x_it.o(i.SysTick_Handler)
    SystemInit                               0x08002539   Thumb Code    78  system_stm32f10x.o(i.SystemInit)
    TIM_ARRPreloadConfig                     0x080027d9   Thumb Code    24  stm32f10x_tim.o(i.TIM_ARRPreloadConfig)
    TIM_ClearFlag                            0x080027f1   Thumb Code     6  stm32f10x_tim.o(i.TIM_ClearFlag)
    TIM_Cmd                                  0x080027f7   Thumb Code    24  stm32f10x_tim.o(i.TIM_Cmd)
    TIM_CtrlPWMOutputs                       0x0800280f   Thumb Code    30  stm32f10x_tim.o(i.TIM_CtrlPWMOutputs)
    TIM_EncoderInterfaceConfig               0x0800282d   Thumb Code    66  stm32f10x_tim.o(i.TIM_EncoderInterfaceConfig)
    TIM_ICInit                               0x08002871   Thumb Code   150  stm32f10x_tim.o(i.TIM_ICInit)
    TIM_ICStructInit                         0x0800291d   Thumb Code    18  stm32f10x_tim.o(i.TIM_ICStructInit)
    TIM_ITConfig                             0x0800292f   Thumb Code    18  stm32f10x_tim.o(i.TIM_ITConfig)
    TIM_OC1Init                              0x08002941   Thumb Code   132  stm32f10x_tim.o(i.TIM_OC1Init)
    TIM_OC1PreloadConfig                     0x080029d9   Thumb Code    18  stm32f10x_tim.o(i.TIM_OC1PreloadConfig)
    TIM_OC2Init                              0x080029ed   Thumb Code   154  stm32f10x_tim.o(i.TIM_OC2Init)
    TIM_OC2PreloadConfig                     0x08002a91   Thumb Code    26  stm32f10x_tim.o(i.TIM_OC2PreloadConfig)
    TIM_OC3Init                              0x08002aad   Thumb Code   150  stm32f10x_tim.o(i.TIM_OC3Init)
    TIM_OC3PreloadConfig                     0x08002b4d   Thumb Code    18  stm32f10x_tim.o(i.TIM_OC3PreloadConfig)
    TIM_OC4Init                              0x08002b61   Thumb Code   114  stm32f10x_tim.o(i.TIM_OC4Init)
    TIM_OC4PreloadConfig                     0x08002bdd   Thumb Code    26  stm32f10x_tim.o(i.TIM_OC4PreloadConfig)
    TIM_SetCounter                           0x08002bf7   Thumb Code     4  stm32f10x_tim.o(i.TIM_SetCounter)
    TIM_SetIC1Prescaler                      0x08002bfb   Thumb Code    18  stm32f10x_tim.o(i.TIM_SetIC1Prescaler)
    TIM_SetIC2Prescaler                      0x08002c0d   Thumb Code    26  stm32f10x_tim.o(i.TIM_SetIC2Prescaler)
    TIM_SetIC3Prescaler                      0x08002c27   Thumb Code    18  stm32f10x_tim.o(i.TIM_SetIC3Prescaler)
    TIM_SetIC4Prescaler                      0x08002c39   Thumb Code    26  stm32f10x_tim.o(i.TIM_SetIC4Prescaler)
    TIM_TimeBaseInit                         0x08002c55   Thumb Code   122  stm32f10x_tim.o(i.TIM_TimeBaseInit)
    TIM_TimeBaseStructInit                   0x08002cf9   Thumb Code    18  stm32f10x_tim.o(i.TIM_TimeBaseStructInit)
    USART_Cmd                                0x08002d0b   Thumb Code    24  stm32f10x_usart.o(i.USART_Cmd)
    USART_ITConfig                           0x08002d23   Thumb Code    74  stm32f10x_usart.o(i.USART_ITConfig)
    USART_Init                               0x08002d6d   Thumb Code   210  stm32f10x_usart.o(i.USART_Init)
    UsageFault_Handler                       0x08002e45   Thumb Code     4  stm32f10x_it.o(i.UsageFault_Handler)
    CImu::MPU9250_Read_Reg(unsigned char, unsigned char) 0x080031ff   Thumb Code    82  imu.o(i._ZN4CImu16MPU9250_Read_RegEhh)
    CImu::MPU9250_Write_Reg(unsigned char, unsigned char, unsigned char) 0x08003251   Thumb Code    58  imu.o(i._ZN4CImu17MPU9250_Write_RegEhhh)
    CImu::CImu(CDebug*)                      0x0800328d   Thumb Code   172  imu.o(i._ZN4CImuC1EP6CDebug)
    CImu::CImu__sub_object(CDebug*)          0x0800328d   Thumb Code     0  imu.o(i._ZN4CImuC1EP6CDebug)
    CKey::KEY_Long_Press_Support()           0x08003371   Thumb Code    20  key.o(i._ZN4CKey22KEY_Long_Press_SupportEv)
    CKey::KEY_Click()                        0x08003389   Thumb Code    34  key.o(i._ZN4CKey9KEY_ClickEv)
    CKey::CKey()                             0x080033b5   Thumb Code    52  key.o(i._ZN4CKeyC1Ev)
    CKey::CKey__sub_object()                 0x080033b5   Thumb Code     0  key.o(i._ZN4CKeyC1Ev)
    CPS2::PS2_SetInit()                      0x080033f1   Thumb Code    42  pstwo.o(i._ZN4CPS211PS2_SetInitEv)
    CPS2::PS2_ReadData()                     0x0800341d   Thumb Code   186  pstwo.o(i._ZN4CPS212PS2_ReadDataEv)
    CPS2::PS2_ClearData()                    0x080034ed   Thumb Code    22  pstwo.o(i._ZN4CPS213PS2_ClearDataEv)
    CPS2::PS2_ShortPoll()                    0x08003505   Thumb Code    72  pstwo.o(i._ZN4CPS213PS2_ShortPollEv)
    CPS2::PS2_AnologData(unsigned char)      0x08003555   Thumb Code     8  pstwo.o(i._ZN4CPS214PS2_AnologDataEh)
    CPS2::PS2_ExitConfing()                  0x0800355d   Thumb Code   104  pstwo.o(i._ZN4CPS215PS2_ExitConfingEv)
    CPS2::PS2_GPIO_Config()                  0x080035cd   Thumb Code    84  pstwo.o(i._ZN4CPS215PS2_GPIO_ConfigEv)
    CPS2::PS2_EnterConfing()                 0x08003629   Thumb Code   104  pstwo.o(i._ZN4CPS216PS2_EnterConfingEv)
    CPS2::PS2_TurnOnAnalogMode()             0x08003699   Thumb Code    98  pstwo.o(i._ZN4CPS220PS2_TurnOnAnalogModeEv)
    CPS2::PS2_Cmd(unsigned char)             0x08003705   Thumb Code   122  pstwo.o(i._ZN4CPS27PS2_CmdEh)
    CPS2::CPS2(CDebug*)                      0x08003791   Thumb Code    48  pstwo.o(i._ZN4CPS2C1EP6CDebug)
    CPS2::CPS2__sub_object(CDebug*)          0x08003791   Thumb Code     0  pstwo.o(i._ZN4CPS2C1EP6CDebug)
    CTim::WaitForTime(CTim::CNT_STATE, unsigned char) 0x080037e5   Thumb Code   112  timer.o(i._ZN4CTim11WaitForTimeENS_9CNT_STATEEh)
    CTim::CTim(CDebug*)                      0x08003875   Thumb Code    50  timer.o(i._ZN4CTimC1EP6CDebug)
    CTim::CTim__sub_object(CDebug*)          0x08003875   Thumb Code     0  timer.o(i._ZN4CTimC1EP6CDebug)
    CDebug::InfoHandle(const char*, const char*) 0x080038d1   Thumb Code    90  debug.o(i._ZN6CDebug10InfoHandleEPKcS1_)
    CDebug::OLED_Clear()                     0x08003945   Thumb Code    44  debug.o(i._ZN6CDebug10OLED_ClearEv)
    CDebug::ErrorHandle(const char*, const char*) 0x08003971   Thumb Code    66  debug.o(i._ZN6CDebug11ErrorHandleEPKcS1_)
    CDebug::LED_Control(CDebug::LED_STATE, unsigned char) 0x080039bd   Thumb Code    24  debug.o(i._ZN6CDebug11LED_ControlENS_9LED_STATEEh)
    CDebug::OLED_WR_Byte(unsigned char, unsigned char) 0x080039d9   Thumb Code    82  debug.o(i._ZN6CDebug12OLED_WR_ByteEhh)
    CDebug::OLED_ShowChar(unsigned char, unsigned char, unsigned char, unsigned char, unsigned char) 0x08003a31   Thumb Code   170  debug.o(i._ZN6CDebug13OLED_ShowCharEhhhhh)
    CDebug::OLED_DrawPoint(unsigned char, unsigned char, unsigned char) 0x08003ae5   Thumb Code   110  debug.o(i._ZN6CDebug14OLED_DrawPointEhhh)
    CDebug::OLED_ShowNumber(unsigned char, unsigned char, unsigned, unsigned char, unsigned char) 0x08003b53   Thumb Code   152  debug.o(i._ZN6CDebug15OLED_ShowNumberEhhjhh)
    CDebug::OLED_ShowString(unsigned char, unsigned char, const char*) 0x08003beb   Thumb Code    76  debug.o(i._ZN6CDebug15OLED_ShowStringEhhPKc)
    CDebug::LED_Flash_Support()              0x08003c39   Thumb Code    52  debug.o(i._ZN6CDebug17LED_Flash_SupportEv)
    CDebug::OLED_Refresh_Gram()              0x08003c75   Thumb Code    78  debug.o(i._ZN6CDebug17OLED_Refresh_GramEv)
    CDebug::OLED_Init()                      0x08003cc5   Thumb Code   306  debug.o(i._ZN6CDebug9OLED_InitEv)
    CDebug::CDebug(CKey*)                    0x08003e01   Thumb Code    68  debug.o(i._ZN6CDebugC1EP4CKey)
    CDebug::CDebug__sub_object(CKey*)        0x08003e01   Thumb Code     0  debug.o(i._ZN6CDebugC1EP4CKey)
    CMotor::MotorSpeedSet(short, short)      0x08003e6d   Thumb Code   126  motor.o(i._ZN6CMotor13MotorSpeedSetEss)
    CMotor::ServoCompareSet(float)           0x08003ef5   Thumb Code    66  motor.o(i._ZN6CMotor15ServoCompareSetEf)
    CMotor::CMotor(CDebug*)                  0x08003f4d   Thumb Code    70  motor.o(i._ZN6CMotorC1EP6CDebug)
    CMotor::CMotor__sub_object(CDebug*)      0x08003f4d   Thumb Code     0  motor.o(i._ZN6CMotorC1EP6CDebug)
    CUSART::CUSART(CDebug*)                  0x08003fbd   Thumb Code   188  usart.o(i._ZN6CUSARTC1EP6CDebug)
    CUSART::CUSART__sub_object(CDebug*)      0x08003fbd   Thumb Code     0  usart.o(i._ZN6CUSARTC1EP6CDebug)
    CControl::AnglePretreat(unsigned char)   0x080040a9   Thumb Code    46  control.o(i._ZN8CControl13AnglePretreatEh)
    CControl::SpeedPretreat(unsigned char)   0x080040dd   Thumb Code    16  control.o(i._ZN8CControl13SpeedPretreatEh)
    CControl::Kinematic_Analysis(float, float) 0x080040ed   Thumb Code  1204  control.o(i._ZN8CControl18Kinematic_AnalysisEff)
    CControl::Incremental_PI_Left(int, int)  0x080045a1   Thumb Code   156  control.o(i._ZN8CControl19Incremental_PI_LeftEii)
    CControl::Incremental_PI_Right(int, int) 0x08004649   Thumb Code   170  control.o(i._ZN8CControl20Incremental_PI_RightEii)
    CControl::CControl(CDebug*, CEncoder*, CMotor*) 0x08004705   Thumb Code    70  control.o(i._ZN8CControlC1EP6CDebugP8CEncoderP6CMotor)
    CControl::CControl__sub_object(CDebug*, CEncoder*, CMotor*) 0x08004705   Thumb Code     0  control.o(i._ZN8CControlC1EP6CDebugP8CEncoderP6CMotor)
    CEncoder::Read_LEncoder()                0x08004759   Thumb Code    32  encoder.o(i._ZN8CEncoder13Read_LEncoderEv)
    CEncoder::Read_REncoder()                0x08004779   Thumb Code    30  encoder.o(i._ZN8CEncoder13Read_REncoderEv)
    CEncoder::CEncoder(CDebug*)              0x0800479d   Thumb Code    44  encoder.o(i._ZN8CEncoderC1EP6CDebug)
    CEncoder::CEncoder__sub_object(CDebug*)  0x0800479d   Thumb Code     0  encoder.o(i._ZN8CEncoderC1EP6CDebug)
    __ARM_fpclassify                         0x080047f1   Thumb Code    40  fpclassify.o(i.__ARM_fpclassify)
    __ieee754_rem_pio2                       0x08004819   Thumb Code   828  rred.o(i.__ieee754_rem_pio2)
    __kernel_poly                            0x08004ba1   Thumb Code   170  poly.o(i.__kernel_poly)
    __kernel_tan                             0x08004c4d   Thumb Code   586  tan_i.o(i.__kernel_tan)
    __mathlib_dbl_infnan                     0x08004ec9   Thumb Code     6  dunder.o(i.__mathlib_dbl_infnan)
    __mathlib_dbl_invalid                    0x08004ecf   Thumb Code    12  dunder.o(i.__mathlib_dbl_invalid)
    __mathlib_dbl_underflow                  0x08004edd   Thumb Code    10  dunder.o(i.__mathlib_dbl_underflow)
    _is_digit                                0x08004eed   Thumb Code    14  __printf_wp.o(i._is_digit)
    delay_init                               0x08004efd   Thumb Code    50  delay.o(i.delay_init)
    delay_ms                                 0x08004f41   Thumb Code    72  delay.o(i.delay_ms)
    delay_us                                 0x08004f8d   Thumb Code    72  delay.o(i.delay_us)
    main                                     0x08004fd9   Thumb Code   320  main.o(i.main)
    tan                                      0x08005135   Thumb Code    90  tan.o(i.tan)
    _get_lc_numeric                          0x08005199   Thumb Code    44  lc_numeric_c.o(locale$$code)
    _get_lc_ctype                            0x080051c5   Thumb Code    44  lc_ctype_c.o(locale$$code)
    __aeabi_dadd                             0x080051f1   Thumb Code     0  daddsub_clz.o(x$fpl$dadd)
    _dadd                                    0x080051f1   Thumb Code   332  daddsub_clz.o(x$fpl$dadd)
    __fpl_dcheck_NaN1                        0x08005341   Thumb Code    10  dcheck1.o(x$fpl$dcheck1)
    __aeabi_ddiv                             0x08005351   Thumb Code     0  ddiv.o(x$fpl$ddiv)
    _ddiv                                    0x08005351   Thumb Code   552  ddiv.o(x$fpl$ddiv)
    __aeabi_d2iz                             0x08005601   Thumb Code     0  dfix.o(x$fpl$dfix)
    _dfix                                    0x08005601   Thumb Code    94  dfix.o(x$fpl$dfix)
    __aeabi_d2uiz                            0x08005661   Thumb Code     0  dfixu.o(x$fpl$dfixu)
    _dfixu                                   0x08005661   Thumb Code    90  dfixu.o(x$fpl$dfixu)
    __aeabi_i2d                              0x080056bb   Thumb Code     0  dflt_clz.o(x$fpl$dflt)
    _dflt                                    0x080056bb   Thumb Code    46  dflt_clz.o(x$fpl$dflt)
    __aeabi_ui2d                             0x080056e9   Thumb Code     0  dflt_clz.o(x$fpl$dfltu)
    _dfltu                                   0x080056e9   Thumb Code    38  dflt_clz.o(x$fpl$dfltu)
    __aeabi_dmul                             0x08005711   Thumb Code     0  dmul.o(x$fpl$dmul)
    _dmul                                    0x08005711   Thumb Code   332  dmul.o(x$fpl$dmul)
    __fpl_dnaninf                            0x08005865   Thumb Code   156  dnaninf.o(x$fpl$dnaninf)
    __fpl_dretinf                            0x08005901   Thumb Code    12  dretinf.o(x$fpl$dretinf)
    __aeabi_drsub                            0x0800590d   Thumb Code     0  daddsub_clz.o(x$fpl$drsb)
    _drsb                                    0x0800590d   Thumb Code    22  daddsub_clz.o(x$fpl$drsb)
    __aeabi_dsub                             0x08005925   Thumb Code     0  daddsub_clz.o(x$fpl$dsub)
    _dsub                                    0x08005925   Thumb Code   464  daddsub_clz.o(x$fpl$dsub)
    __aeabi_f2d                              0x08005af9   Thumb Code     0  f2d.o(x$fpl$f2d)
    _f2d                                     0x08005af9   Thumb Code    86  f2d.o(x$fpl$f2d)
    __aeabi_fadd                             0x08005b51   Thumb Code     0  faddsub_clz.o(x$fpl$fadd)
    _fadd                                    0x08005b51   Thumb Code   196  faddsub_clz.o(x$fpl$fadd)
    __fpl_fcmp_Inf                           0x08005c15   Thumb Code    24  fcmpi.o(x$fpl$fcmpinf)
    __aeabi_fdiv                             0x08005c2d   Thumb Code     0  fdiv.o(x$fpl$fdiv)
    _fdiv                                    0x08005c2d   Thumb Code   384  fdiv.o(x$fpl$fdiv)
    __aeabi_f2iz                             0x08005db1   Thumb Code     0  ffix.o(x$fpl$ffix)
    _ffix                                    0x08005db1   Thumb Code    54  ffix.o(x$fpl$ffix)
    __aeabi_f2uiz                            0x08005de9   Thumb Code     0  ffixu.o(x$fpl$ffixu)
    _ffixu                                   0x08005de9   Thumb Code    62  ffixu.o(x$fpl$ffixu)
    __aeabi_i2f                              0x08005e29   Thumb Code     0  fflt_clz.o(x$fpl$fflt)
    _fflt                                    0x08005e29   Thumb Code    48  fflt_clz.o(x$fpl$fflt)
    __aeabi_cfcmple                          0x08005e59   Thumb Code     0  fleqf.o(x$fpl$fleqf)
    _fcmple                                  0x08005e59   Thumb Code   104  fleqf.o(x$fpl$fleqf)
    __fpl_fcmple_InfNaN                      0x08005eab   Thumb Code     0  fleqf.o(x$fpl$fleqf)
    __aeabi_fmul                             0x08005ec1   Thumb Code     0  fmul.o(x$fpl$fmul)
    _fmul                                    0x08005ec1   Thumb Code   258  fmul.o(x$fpl$fmul)
    __fpl_fnaninf                            0x08005fc3   Thumb Code   140  fnaninf.o(x$fpl$fnaninf)
    __fpl_fretinf                            0x0800604f   Thumb Code    10  fretinf.o(x$fpl$fretinf)
    __aeabi_cfrcmple                         0x08006059   Thumb Code     0  frleqf.o(x$fpl$frleqf)
    _frcmple                                 0x08006059   Thumb Code    98  frleqf.o(x$fpl$frleqf)
    __aeabi_frsub                            0x080060bb   Thumb Code     0  faddsub_clz.o(x$fpl$frsb)
    _frsb                                    0x080060bb   Thumb Code    20  faddsub_clz.o(x$fpl$frsb)
    __aeabi_fsub                             0x080060d1   Thumb Code     0  faddsub_clz.o(x$fpl$fsub)
    _fsub                                    0x080060d1   Thumb Code   234  faddsub_clz.o(x$fpl$fsub)
    _printf_fp_dec                           0x080061bb   Thumb Code     4  printf1.o(x$fpl$printf1)
    _printf_fp_hex                           0x080061bf   Thumb Code     4  printf2.o(x$fpl$printf2)
    __fpl_return_NaN                         0x080061c3   Thumb Code   100  retnan.o(x$fpl$retnan)
    __ARM_scalbn                             0x08006227   Thumb Code    92  scalbn.o(x$fpl$scalbn)
    __fpl_cmpreturn                          0x08006283   Thumb Code    48  trapv.o(x$fpl$trapveneer)
    CPS2::MASK                               0x080062b2   Data          32  pstwo.o(.constdata)
    __I$use$fp                               0x080062b2   Number         0  usenofp.o(x$fpl$usenofp)
    CPS2::Comd                               0x080062d2   Data           2  pstwo.o(.constdata)
    Region$$Table$$Base                      0x08006f64   Number         0  anon$$obj.o(Region$$Table)
    Region$$Table$$Limit                     0x08006f84   Number         0  anon$$obj.o(Region$$Table)
    __ctype                                  0x08006fad   Data           0  lc_ctype_c.o(locale$$data)
    SystemCoreClock                          0x20000000   Data           4  system_stm32f10x.o(.data)
    AHBPrescTable                            0x20000004   Data          16  system_stm32f10x.o(.data)
    CImu::is_unique                          0x20000028   Data           1  imu.o(.data)
    CEncoder::is_unique                      0x20000029   Data           1  encoder.o(.data)
    CKey::is_unique                          0x2000002a   Data           1  key.o(.data)
    CMotor::is_unique                        0x2000002c   Data           1  motor.o(.data)
    CPS2::is_unique                          0x2000002d   Data           1  pstwo.o(.data)
    CUSART::is_unique                        0x20000032   Data           1  usart.o(.data)
    CTim::is_unique                          0x2000003c   Data           1  timer.o(.data)
    CDebug::is_unique                        0x20000042   Data           1  debug.o(.data)
    CControl::is_unique                      0x20000044   Data           1  control.o(.data)
    __libspace_start                         0x2000005c   Data          96  libspace.o(.bss)
    __temporary_stack_top$libspace           0x200000bc   Data           0  libspace.o(.bss)



==============================================================================

Memory Map of the image

  Image Entry point : 0x08000131

  Load Region LR_IROM1 (Base: 0x08000000, Size: 0x0000710c, Max: 0x00040000, ABSOLUTE)

    Execution Region ER_IROM1 (Exec base: 0x08000000, Load base: 0x08000000, Size: 0x000070b0, Max: 0x00040000, ABSOLUTE)

    Exec Addr    Load Addr    Size         Type   Attr      Idx    E Section Name        Object

    0x08000000   0x08000000   0x00000130   Data   RO            3    RESET               startup_stm32f10x_hd.o
    0x08000130   0x08000130   0x00000008   Code   RO         4195  * !!!main             c_w.l(__main.o)
    0x08000138   0x08000138   0x00000034   Code   RO         4690    !!!scatter          c_w.l(__scatter.o)
    0x0800016c   0x0800016c   0x0000001a   Code   RO         4692    !!handler_copy      c_w.l(__scatter_copy.o)
    0x08000186   0x08000186   0x00000002   PAD
    0x08000188   0x08000188   0x0000001c   Code   RO         4694    !!handler_zi        c_w.l(__scatter_zi.o)
    0x080001a4   0x080001a4   0x00000000   Code   RO         4368    .ARM.Collect$$_printf_percent$$00000000  c_w.l(_printf_percent.o)
    0x080001a4   0x080001a4   0x00000006   Code   RO         4357    .ARM.Collect$$_printf_percent$$00000001  c_w.l(_printf_n.o)
    0x080001aa   0x080001aa   0x00000006   Code   RO         4359    .ARM.Collect$$_printf_percent$$00000002  c_w.l(_printf_p.o)
    0x080001b0   0x080001b0   0x00000006   Code   RO         4364    .ARM.Collect$$_printf_percent$$00000003  c_w.l(_printf_f.o)
    0x080001b6   0x080001b6   0x00000006   Code   RO         4365    .ARM.Collect$$_printf_percent$$00000004  c_w.l(_printf_e.o)
    0x080001bc   0x080001bc   0x00000006   Code   RO         4366    .ARM.Collect$$_printf_percent$$00000005  c_w.l(_printf_g.o)
    0x080001c2   0x080001c2   0x00000006   Code   RO         4367    .ARM.Collect$$_printf_percent$$00000006  c_w.l(_printf_a.o)
    0x080001c8   0x080001c8   0x0000000a   Code   RO         4372    .ARM.Collect$$_printf_percent$$00000007  c_w.l(_printf_ll.o)
    0x080001d2   0x080001d2   0x00000006   Code   RO         4361    .ARM.Collect$$_printf_percent$$00000008  c_w.l(_printf_i.o)
    0x080001d8   0x080001d8   0x00000006   Code   RO         4362    .ARM.Collect$$_printf_percent$$00000009  c_w.l(_printf_d.o)
    0x080001de   0x080001de   0x00000006   Code   RO         4363    .ARM.Collect$$_printf_percent$$0000000A  c_w.l(_printf_u.o)
    0x080001e4   0x080001e4   0x00000006   Code   RO         4360    .ARM.Collect$$_printf_percent$$0000000B  c_w.l(_printf_o.o)
    0x080001ea   0x080001ea   0x00000006   Code   RO         4358    .ARM.Collect$$_printf_percent$$0000000C  c_w.l(_printf_x.o)
    0x080001f0   0x080001f0   0x00000006   Code   RO         4369    .ARM.Collect$$_printf_percent$$0000000D  c_w.l(_printf_lli.o)
    0x080001f6   0x080001f6   0x00000006   Code   RO         4370    .ARM.Collect$$_printf_percent$$0000000E  c_w.l(_printf_lld.o)
    0x080001fc   0x080001fc   0x00000006   Code   RO         4371    .ARM.Collect$$_printf_percent$$0000000F  c_w.l(_printf_llu.o)
    0x08000202   0x08000202   0x00000006   Code   RO         4376    .ARM.Collect$$_printf_percent$$00000010  c_w.l(_printf_llo.o)
    0x08000208   0x08000208   0x00000006   Code   RO         4377    .ARM.Collect$$_printf_percent$$00000011  c_w.l(_printf_llx.o)
    0x0800020e   0x0800020e   0x0000000a   Code   RO         4373    .ARM.Collect$$_printf_percent$$00000012  c_w.l(_printf_l.o)
    0x08000218   0x08000218   0x00000006   Code   RO         4355    .ARM.Collect$$_printf_percent$$00000013  c_w.l(_printf_c.o)
    0x0800021e   0x0800021e   0x00000006   Code   RO         4356    .ARM.Collect$$_printf_percent$$00000014  c_w.l(_printf_s.o)
    0x08000224   0x08000224   0x00000006   Code   RO         4374    .ARM.Collect$$_printf_percent$$00000015  c_w.l(_printf_lc.o)
    0x0800022a   0x0800022a   0x00000006   Code   RO         4375    .ARM.Collect$$_printf_percent$$00000016  c_w.l(_printf_ls.o)
    0x08000230   0x08000230   0x00000004   Code   RO         4476    .ARM.Collect$$_printf_percent$$00000017  c_w.l(_printf_percent_end.o)
    0x08000234   0x08000234   0x00000002   Code   RO         4607    .ARM.Collect$$libinit$$00000000  c_w.l(libinit.o)
    0x08000236   0x08000236   0x00000000   Code   RO         4489    .ARM.Collect$$libinit$$00000002  c_w.l(libinit2.o)
    0x08000236   0x08000236   0x00000000   Code   RO         4491    .ARM.Collect$$libinit$$00000004  c_w.l(libinit2.o)
    0x08000236   0x08000236   0x00000008   Code   RO         4492    .ARM.Collect$$libinit$$00000005  c_w.l(libinit2.o)
    0x0800023e   0x0800023e   0x00000000   Code   RO         4494    .ARM.Collect$$libinit$$0000000A  c_w.l(libinit2.o)
    0x0800023e   0x0800023e   0x00000000   Code   RO         4496    .ARM.Collect$$libinit$$0000000C  c_w.l(libinit2.o)
    0x0800023e   0x0800023e   0x00000000   Code   RO         4498    .ARM.Collect$$libinit$$0000000E  c_w.l(libinit2.o)
    0x0800023e   0x0800023e   0x00000006   Code   RO         4499    .ARM.Collect$$libinit$$0000000F  c_w.l(libinit2.o)
    0x08000244   0x08000244   0x00000000   Code   RO         4501    .ARM.Collect$$libinit$$00000011  c_w.l(libinit2.o)
    0x08000244   0x08000244   0x0000000c   Code   RO         4502    .ARM.Collect$$libinit$$00000012  c_w.l(libinit2.o)
    0x08000250   0x08000250   0x00000000   Code   RO         4503    .ARM.Collect$$libinit$$00000013  c_w.l(libinit2.o)
    0x08000250   0x08000250   0x00000000   Code   RO         4505    .ARM.Collect$$libinit$$00000015  c_w.l(libinit2.o)
    0x08000250   0x08000250   0x0000000a   Code   RO         4506    .ARM.Collect$$libinit$$00000016  c_w.l(libinit2.o)
    0x0800025a   0x0800025a   0x00000000   Code   RO         4507    .ARM.Collect$$libinit$$00000017  c_w.l(libinit2.o)
    0x0800025a   0x0800025a   0x00000000   Code   RO         4509    .ARM.Collect$$libinit$$00000019  c_w.l(libinit2.o)
    0x0800025a   0x0800025a   0x00000000   Code   RO         4511    .ARM.Collect$$libinit$$0000001B  c_w.l(libinit2.o)
    0x0800025a   0x0800025a   0x00000000   Code   RO         4513    .ARM.Collect$$libinit$$0000001D  c_w.l(libinit2.o)
    0x0800025a   0x0800025a   0x00000000   Code   RO         4515    .ARM.Collect$$libinit$$0000001F  c_w.l(libinit2.o)
    0x0800025a   0x0800025a   0x00000000   Code   RO         4517    .ARM.Collect$$libinit$$00000021  c_w.l(libinit2.o)
    0x0800025a   0x0800025a   0x00000000   Code   RO         4519    .ARM.Collect$$libinit$$00000023  c_w.l(libinit2.o)
    0x0800025a   0x0800025a   0x00000000   Code   RO         4521    .ARM.Collect$$libinit$$00000025  c_w.l(libinit2.o)
    0x0800025a   0x0800025a   0x00000000   Code   RO         4525    .ARM.Collect$$libinit$$0000002C  c_w.l(libinit2.o)
    0x0800025a   0x0800025a   0x00000000   Code   RO         4527    .ARM.Collect$$libinit$$0000002E  c_w.l(libinit2.o)
    0x0800025a   0x0800025a   0x00000000   Code   RO         4529    .ARM.Collect$$libinit$$00000030  c_w.l(libinit2.o)
    0x0800025a   0x0800025a   0x00000000   Code   RO         4531    .ARM.Collect$$libinit$$00000032  c_w.l(libinit2.o)
    0x0800025a   0x0800025a   0x00000002   Code   RO         4532    .ARM.Collect$$libinit$$00000033  c_w.l(libinit2.o)
    0x0800025c   0x0800025c   0x00000002   Code   RO         4687    .ARM.Collect$$libshutdown$$00000000  c_w.l(libshutdown.o)
    0x0800025e   0x0800025e   0x00000000   Code   RO         4639    .ARM.Collect$$libshutdown$$00000002  c_w.l(libshutdown2.o)
    0x0800025e   0x0800025e   0x00000000   Code   RO         4641    .ARM.Collect$$libshutdown$$00000004  c_w.l(libshutdown2.o)
    0x0800025e   0x0800025e   0x00000000   Code   RO         4644    .ARM.Collect$$libshutdown$$00000007  c_w.l(libshutdown2.o)
    0x0800025e   0x0800025e   0x00000000   Code   RO         4647    .ARM.Collect$$libshutdown$$0000000A  c_w.l(libshutdown2.o)
    0x0800025e   0x0800025e   0x00000000   Code   RO         4649    .ARM.Collect$$libshutdown$$0000000C  c_w.l(libshutdown2.o)
    0x0800025e   0x0800025e   0x00000000   Code   RO         4652    .ARM.Collect$$libshutdown$$0000000F  c_w.l(libshutdown2.o)
    0x0800025e   0x0800025e   0x00000002   Code   RO         4653    .ARM.Collect$$libshutdown$$00000010  c_w.l(libshutdown2.o)
    0x08000260   0x08000260   0x00000000   Code   RO         4259    .ARM.Collect$$rtentry$$00000000  c_w.l(__rtentry.o)
    0x08000260   0x08000260   0x00000000   Code   RO         4428    .ARM.Collect$$rtentry$$00000002  c_w.l(__rtentry2.o)
    0x08000260   0x08000260   0x00000006   Code   RO         4440    .ARM.Collect$$rtentry$$00000004  c_w.l(__rtentry4.o)
    0x08000266   0x08000266   0x00000000   Code   RO         4430    .ARM.Collect$$rtentry$$00000009  c_w.l(__rtentry2.o)
    0x08000266   0x08000266   0x00000004   Code   RO         4431    .ARM.Collect$$rtentry$$0000000A  c_w.l(__rtentry2.o)
    0x0800026a   0x0800026a   0x00000000   Code   RO         4433    .ARM.Collect$$rtentry$$0000000C  c_w.l(__rtentry2.o)
    0x0800026a   0x0800026a   0x00000008   Code   RO         4434    .ARM.Collect$$rtentry$$0000000D  c_w.l(__rtentry2.o)
    0x08000272   0x08000272   0x00000002   Code   RO         4619    .ARM.Collect$$rtexit$$00000000  c_w.l(rtexit.o)
    0x08000274   0x08000274   0x00000000   Code   RO         4659    .ARM.Collect$$rtexit$$00000002  c_w.l(rtexit2.o)
    0x08000274   0x08000274   0x00000004   Code   RO         4660    .ARM.Collect$$rtexit$$00000003  c_w.l(rtexit2.o)
    0x08000278   0x08000278   0x00000006   Code   RO         4661    .ARM.Collect$$rtexit$$00000004  c_w.l(rtexit2.o)
    0x0800027e   0x0800027e   0x00000002   PAD
    0x08000280   0x08000280   0x00000000   Code   RO         4447    .emb_text           c_w.l(maybetermalloc1.o)
    0x08000280   0x08000280   0x00000040   Code   RO            4    .text               startup_stm32f10x_hd.o
    0x080002c0   0x080002c0   0x0000004e   Code   RO         4137    .text               c_w.l(h1_free.o)
    0x0800030e   0x0800030e   0x00000036   Code   RO         4191    .text               c_w.l(asprintf.o)
    0x08000344   0x08000344   0x00000006   Code   RO         4193    .text               c_w.l(heapauxi.o)
    0x0800034a   0x0800034a   0x00000002   PAD
    0x0800034c   0x0800034c   0x00000008   Code   RO         4263    .text               c_w.l(rt_heap_descriptor_intlibspace.o)
    0x08000354   0x08000354   0x00000004   Code   RO         4265    .text               c_w.l(hguard.o)
    0x08000358   0x08000358   0x0000008a   Code   RO         4267    .text               c_w.l(init_alloc.o)
    0x080003e2   0x080003e2   0x0000005e   Code   RO         4273    .text               c_w.l(h1_alloc.o)
    0x08000440   0x08000440   0x00000016   Code   RO         4287    .text               c_w.l(_rserrno.o)
    0x08000456   0x08000456   0x00000002   PAD
    0x08000458   0x08000458   0x00000034   Code   RO         4289    .text               c_w.l(vsnprintf.o)
    0x0800048c   0x0800048c   0x0000004e   Code   RO         4293    .text               c_w.l(_printf_pad.o)
    0x080004da   0x080004da   0x00000024   Code   RO         4295    .text               c_w.l(_printf_truncate.o)
    0x080004fe   0x080004fe   0x00000052   Code   RO         4297    .text               c_w.l(_printf_str.o)
    0x08000550   0x08000550   0x00000078   Code   RO         4299    .text               c_w.l(_printf_dec.o)
    0x080005c8   0x080005c8   0x00000028   Code   RO         4301    .text               c_w.l(_printf_charcount.o)
    0x080005f0   0x080005f0   0x000000bc   Code   RO         4303    .text               c_w.l(_printf_wctomb.o)
    0x080006ac   0x080006ac   0x0000007c   Code   RO         4306    .text               c_w.l(_printf_longlong_dec.o)
    0x08000728   0x08000728   0x00000070   Code   RO         4312    .text               c_w.l(_printf_oct_int_ll.o)
    0x08000798   0x08000798   0x00000094   Code   RO         4332    .text               c_w.l(_printf_hex_int_ll_ptr.o)
    0x0800082c   0x0800082c   0x00000188   Code   RO         4352    .text               c_w.l(__printf_flags_ss_wp.o)
    0x080009b4   0x080009b4   0x00000008   Code   RO         4424    .text               c_w.l(libspace.o)
    0x080009bc   0x080009bc   0x00000008   Code   RO         4445    .text               c_w.l(rt_errno_addr_intlibspace.o)
    0x080009c4   0x080009c4   0x0000000e   Code   RO         4449    .text               c_w.l(h1_init.o)
    0x080009d2   0x080009d2   0x00000034   Code   RO         4451    .text               c_w.l(h1_extend.o)
    0x08000a06   0x08000a06   0x0000008a   Code   RO         4457    .text               c_w.l(lludiv10.o)
    0x08000a90   0x08000a90   0x000000b2   Code   RO         4459    .text               c_w.l(_printf_intcommon.o)
    0x08000b42   0x08000b42   0x0000041e   Code   RO         4461    .text               c_w.l(_printf_fp_dec.o)
    0x08000f60   0x08000f60   0x000002fc   Code   RO         4463    .text               c_w.l(_printf_fp_hex.o)
    0x0800125c   0x0800125c   0x00000030   Code   RO         4466    .text               c_w.l(_printf_char_common.o)
    0x0800128c   0x0800128c   0x0000000a   Code   RO         4468    .text               c_w.l(_sputc.o)
    0x08001296   0x08001296   0x00000010   Code   RO         4470    .text               c_w.l(_snputc.o)
    0x080012a6   0x080012a6   0x0000002c   Code   RO         4472    .text               c_w.l(_printf_char.o)
    0x080012d2   0x080012d2   0x0000002c   Code   RO         4474    .text               c_w.l(_printf_wchar.o)
    0x080012fe   0x080012fe   0x00000040   Code   RO         4477    .text               c_w.l(_wcrtomb.o)
    0x0800133e   0x0800133e   0x0000000e   Code   RO         4479    .text               c_w.l(defsig_rtmem_outer.o)
    0x0800134c   0x0800134c   0x0000004a   Code   RO         4547    .text               c_w.l(sys_stackheap_outer.o)
    0x08001396   0x08001396   0x00000002   PAD
    0x08001398   0x08001398   0x00000010   Code   RO         4549    .text               c_w.l(rt_ctype_table.o)
    0x080013a8   0x080013a8   0x00000008   Code   RO         4556    .text               c_w.l(rt_locale_intlibspace.o)
    0x080013b0   0x080013b0   0x00000080   Code   RO         4562    .text               c_w.l(_printf_fp_infnan.o)
    0x08001430   0x08001430   0x000000e4   Code   RO         4566    .text               c_w.l(bigflt0.o)
    0x08001514   0x08001514   0x00000012   Code   RO         4594    .text               c_w.l(exit.o)
    0x08001526   0x08001526   0x0000000a   Code   RO         4596    .text               c_w.l(defsig_exit.o)
    0x08001530   0x08001530   0x00000050   Code   RO         4598    .text               c_w.l(defsig_rtmem_inner.o)
    0x08001580   0x08001580   0x0000000c   Code   RO         4614    .text               c_w.l(sys_exit.o)
    0x0800158c   0x0800158c   0x00000002   Code   RO         4616    .text               c_w.l(use_no_semi.o)
    0x0800158e   0x0800158e   0x00000000   Code   RO         4618    .text               c_w.l(indicate_semi.o)
    0x0800158e   0x0800158e   0x00000032   Code   RO         4630    .text               c_w.l(defsig_general.o)
    0x080015c0   0x080015c0   0x00000080   Code   RO         4632    .text               c_w.l(strcmpv7m.o)
    0x08001640   0x08001640   0x0000000e   Code   RO         4656    .text               c_w.l(sys_wrch.o)
    0x0800164e   0x0800164e   0x0000003e   Code   RO         4569    CL$$btod_d2e        c_w.l(btod.o)
    0x0800168c   0x0800168c   0x00000046   Code   RO         4571    CL$$btod_d2e_denorm_low  c_w.l(btod.o)
    0x080016d2   0x080016d2   0x00000060   Code   RO         4570    CL$$btod_d2e_norm_op1  c_w.l(btod.o)
    0x08001732   0x08001732   0x00000338   Code   RO         4579    CL$$btod_div_common  c_w.l(btod.o)
    0x08001a6a   0x08001a6a   0x000000dc   Code   RO         4576    CL$$btod_e2e        c_w.l(btod.o)
    0x08001b46   0x08001b46   0x0000002a   Code   RO         4573    CL$$btod_ediv       c_w.l(btod.o)
    0x08001b70   0x08001b70   0x0000002a   Code   RO         4572    CL$$btod_emul       c_w.l(btod.o)
    0x08001b9a   0x08001b9a   0x00000244   Code   RO         4578    CL$$btod_mult_common  c_w.l(btod.o)
    0x08001dde   0x08001dde   0x00000002   PAD
    0x08001de0   0x08001de0   0x0000000c   Code   RO          398    i.BKP_TamperPinCmd  stm32f10x_bkp.o
    0x08001dec   0x08001dec   0x00000004   Code   RO         3098    i.BusFault_Handler  stm32f10x_it.o
    0x08001df0   0x08001df0   0x00000002   Code   RO         3099    i.DebugMon_Handler  stm32f10x_it.o
    0x08001df2   0x08001df2   0x00000116   Code   RO         1282    i.GPIO_Init         stm32f10x_gpio.o
    0x08001f08   0x08001f08   0x00000090   Code   RO         1284    i.GPIO_PinRemapConfig  stm32f10x_gpio.o
    0x08001f98   0x08001f98   0x00000004   Code   RO         3100    i.HardFault_Handler  stm32f10x_it.o
    0x08001f9c   0x08001f9c   0x00000050   Code   RO         3462    i.IIC_Ack           sim-iic.o
    0x08001fec   0x08001fec   0x00000040   Code   RO         3463    i.IIC_Init          sim-iic.o
    0x0800202c   0x0800202c   0x00000050   Code   RO         3464    i.IIC_NAck          sim-iic.o
    0x0800207c   0x0800207c   0x00000070   Code   RO         3465    i.IIC_Read_Byte     sim-iic.o
    0x080020ec   0x080020ec   0x00000068   Code   RO         3466    i.IIC_Send_Byte     sim-iic.o
    0x08002154   0x08002154   0x0000004c   Code   RO         3467    i.IIC_Start         sim-iic.o
    0x080021a0   0x080021a0   0x0000004c   Code   RO         3468    i.IIC_Stop          sim-iic.o
    0x080021ec   0x080021ec   0x00000064   Code   RO         3469    i.IIC_Wait_Ack      sim-iic.o
    0x08002250   0x08002250   0x00000004   Code   RO         3101    i.MemManage_Handler  stm32f10x_it.o
    0x08002254   0x08002254   0x00000002   Code   RO         3102    i.NMI_Handler       stm32f10x_it.o
    0x08002256   0x08002256   0x00000002   PAD
    0x08002258   0x08002258   0x00000070   Code   RO          127    i.NVIC_Init         misc.o
    0x080022c8   0x080022c8   0x0000000c   Code   RO         1636    i.PWR_BackupAccessCmd  stm32f10x_pwr.o
    0x080022d4   0x080022d4   0x00000002   Code   RO         3103    i.PendSV_Handler    stm32f10x_it.o
    0x080022d6   0x080022d6   0x00000002   PAD
    0x080022d8   0x080022d8   0x00000020   Code   RO         1698    i.RCC_APB1PeriphClockCmd  stm32f10x_rcc.o
    0x080022f8   0x080022f8   0x00000020   Code   RO         1700    i.RCC_APB2PeriphClockCmd  stm32f10x_rcc.o
    0x08002318   0x08002318   0x000000d4   Code   RO         1708    i.RCC_GetClocksFreq  stm32f10x_rcc.o
    0x080023ec   0x080023ec   0x00000034   Code   RO         1716    i.RCC_LSEConfig     stm32f10x_rcc.o
    0x08002420   0x08002420   0x00000002   Code   RO         3104    i.SVC_Handler       stm32f10x_it.o
    0x08002422   0x08002422   0x00000008   Code   RO           10    i.SetSysClock       system_stm32f10x.o
    0x0800242a   0x0800242a   0x00000002   PAD
    0x0800242c   0x0800242c   0x000000e0   Code   RO           11    i.SetSysClockTo72   system_stm32f10x.o
    0x0800250c   0x0800250c   0x00000028   Code   RO          131    i.SysTick_CLKSourceConfig  misc.o
    0x08002534   0x08002534   0x00000002   Code   RO         3105    i.SysTick_Handler   stm32f10x_it.o
    0x08002536   0x08002536   0x00000002   PAD
    0x08002538   0x08002538   0x00000060   Code   RO           13    i.SystemInit        system_stm32f10x.o
    0x08002598   0x08002598   0x00000080   Code   RO         2316    i.TI1_Config        stm32f10x_tim.o
    0x08002618   0x08002618   0x00000098   Code   RO         2317    i.TI2_Config        stm32f10x_tim.o
    0x080026b0   0x080026b0   0x00000090   Code   RO         2318    i.TI3_Config        stm32f10x_tim.o
    0x08002740   0x08002740   0x00000098   Code   RO         2319    i.TI4_Config        stm32f10x_tim.o
    0x080027d8   0x080027d8   0x00000018   Code   RO         2320    i.TIM_ARRPreloadConfig  stm32f10x_tim.o
    0x080027f0   0x080027f0   0x00000006   Code   RO         2326    i.TIM_ClearFlag     stm32f10x_tim.o
    0x080027f6   0x080027f6   0x00000018   Code   RO         2332    i.TIM_Cmd           stm32f10x_tim.o
    0x0800280e   0x0800280e   0x0000001e   Code   RO         2334    i.TIM_CtrlPWMOutputs  stm32f10x_tim.o
    0x0800282c   0x0800282c   0x00000042   Code   RO         2341    i.TIM_EncoderInterfaceConfig  stm32f10x_tim.o
    0x0800286e   0x0800286e   0x00000002   PAD
    0x08002870   0x08002870   0x000000ac   Code   RO         2355    i.TIM_ICInit        stm32f10x_tim.o
    0x0800291c   0x0800291c   0x00000012   Code   RO         2356    i.TIM_ICStructInit  stm32f10x_tim.o
    0x0800292e   0x0800292e   0x00000012   Code   RO         2357    i.TIM_ITConfig      stm32f10x_tim.o
    0x08002940   0x08002940   0x00000098   Code   RO         2361    i.TIM_OC1Init       stm32f10x_tim.o
    0x080029d8   0x080029d8   0x00000012   Code   RO         2364    i.TIM_OC1PreloadConfig  stm32f10x_tim.o
    0x080029ea   0x080029ea   0x00000002   PAD
    0x080029ec   0x080029ec   0x000000a4   Code   RO         2366    i.TIM_OC2Init       stm32f10x_tim.o
    0x08002a90   0x08002a90   0x0000001a   Code   RO         2369    i.TIM_OC2PreloadConfig  stm32f10x_tim.o
    0x08002aaa   0x08002aaa   0x00000002   PAD
    0x08002aac   0x08002aac   0x000000a0   Code   RO         2371    i.TIM_OC3Init       stm32f10x_tim.o
    0x08002b4c   0x08002b4c   0x00000012   Code   RO         2374    i.TIM_OC3PreloadConfig  stm32f10x_tim.o
    0x08002b5e   0x08002b5e   0x00000002   PAD
    0x08002b60   0x08002b60   0x0000007c   Code   RO         2376    i.TIM_OC4Init       stm32f10x_tim.o
    0x08002bdc   0x08002bdc   0x0000001a   Code   RO         2378    i.TIM_OC4PreloadConfig  stm32f10x_tim.o
    0x08002bf6   0x08002bf6   0x00000004   Code   RO         2397    i.TIM_SetCounter    stm32f10x_tim.o
    0x08002bfa   0x08002bfa   0x00000012   Code   RO         2398    i.TIM_SetIC1Prescaler  stm32f10x_tim.o
    0x08002c0c   0x08002c0c   0x0000001a   Code   RO         2399    i.TIM_SetIC2Prescaler  stm32f10x_tim.o
    0x08002c26   0x08002c26   0x00000012   Code   RO         2400    i.TIM_SetIC3Prescaler  stm32f10x_tim.o
    0x08002c38   0x08002c38   0x0000001a   Code   RO         2401    i.TIM_SetIC4Prescaler  stm32f10x_tim.o
    0x08002c52   0x08002c52   0x00000002   PAD
    0x08002c54   0x08002c54   0x000000a4   Code   RO         2403    i.TIM_TimeBaseInit  stm32f10x_tim.o
    0x08002cf8   0x08002cf8   0x00000012   Code   RO         2404    i.TIM_TimeBaseStructInit  stm32f10x_tim.o
    0x08002d0a   0x08002d0a   0x00000018   Code   RO         2868    i.USART_Cmd         stm32f10x_usart.o
    0x08002d22   0x08002d22   0x0000004a   Code   RO         2874    i.USART_ITConfig    stm32f10x_usart.o
    0x08002d6c   0x08002d6c   0x000000d8   Code   RO         2875    i.USART_Init        stm32f10x_usart.o
    0x08002e44   0x08002e44   0x00000004   Code   RO         3106    i.UsageFault_Handler  stm32f10x_it.o
    0x08002e48   0x08002e48   0x00000034   Code   RO         3161    i._Z11System_initv  main.o
    0x08002e7c   0x08002e7c   0x0000002c   Code   RO         3945    i._Z13LED_GPIO_Initv  debug.o
    0x08002ea8   0x08002ea8   0x00000038   Code   RO         3810    i._Z13TIM6_Int_Inittt  timer.o
    0x08002ee0   0x08002ee0   0x000000c8   Code   RO         3604    i._Z14Motor_PWM_Inittt  motor.o
    0x08002fa8   0x08002fa8   0x00000034   Code   RO         3946    i._Z14OLED_GPIO_Initv  debug.o
    0x08002fdc   0x08002fdc   0x0000009c   Code   RO         3605    i._Z14Servo_PWM_Inittt  motor.o
    0x08003078   0x08003078   0x000000d4   Code   RO         3519    i._Z17Encoder_Init_TIM2v  encoder.o
    0x0800314c   0x0800314c   0x0000009c   Code   RO         3520    i._Z17Encoder_Init_TIM3v  encoder.o
    0x080031e8   0x080031e8   0x00000016   Code   RO         3947    i._Z8oled_powhh     debug.o
    0x080031fe   0x080031fe   0x00000052   Code   RO         3384    i._ZN4CImu16MPU9250_Read_RegEhh  imu.o
    0x08003250   0x08003250   0x0000003a   Code   RO         3386    i._ZN4CImu17MPU9250_Write_RegEhhh  imu.o
    0x0800328a   0x0800328a   0x00000002   PAD
    0x0800328c   0x0800328c   0x000000e4   Code   RO         3392    i._ZN4CImuC1EP6CDebug  imu.o
    0x08003370   0x08003370   0x00000018   Code   RO         3564    i._ZN4CKey22KEY_Long_Press_SupportEv  key.o
    0x08003388   0x08003388   0x0000002c   Code   RO         3565    i._ZN4CKey9KEY_ClickEv  key.o
    0x080033b4   0x080033b4   0x0000003c   Code   RO         3566    i._ZN4CKeyC1Ev      key.o
    0x080033f0   0x080033f0   0x0000002a   Code   RO         3654    i._ZN4CPS211PS2_SetInitEv  pstwo.o
    0x0800341a   0x0800341a   0x00000002   PAD
    0x0800341c   0x0800341c   0x000000d0   Code   RO         3655    i._ZN4CPS212PS2_ReadDataEv  pstwo.o
    0x080034ec   0x080034ec   0x00000016   Code   RO         3657    i._ZN4CPS213PS2_ClearDataEv  pstwo.o
    0x08003502   0x08003502   0x00000002   PAD
    0x08003504   0x08003504   0x00000050   Code   RO         3658    i._ZN4CPS213PS2_ShortPollEv  pstwo.o
    0x08003554   0x08003554   0x00000008   Code   RO         3660    i._ZN4CPS214PS2_AnologDataEh  pstwo.o
    0x0800355c   0x0800355c   0x00000070   Code   RO         3661    i._ZN4CPS215PS2_ExitConfingEv  pstwo.o
    0x080035cc   0x080035cc   0x0000005c   Code   RO         3662    i._ZN4CPS215PS2_GPIO_ConfigEv  pstwo.o
    0x08003628   0x08003628   0x00000070   Code   RO         3663    i._ZN4CPS216PS2_EnterConfingEv  pstwo.o
    0x08003698   0x08003698   0x0000006c   Code   RO         3666    i._ZN4CPS220PS2_TurnOnAnalogModeEv  pstwo.o
    0x08003704   0x08003704   0x0000008c   Code   RO         3667    i._ZN4CPS27PS2_CmdEh  pstwo.o
    0x08003790   0x08003790   0x00000054   Code   RO         3668    i._ZN4CPS2C1EP6CDebug  pstwo.o
    0x080037e4   0x080037e4   0x00000090   Code   RO         3812    i._ZN4CTim11WaitForTimeENS_9CNT_STATEEh  timer.o
    0x08003874   0x08003874   0x0000005c   Code   RO         3814    i._ZN4CTimC1EP6CDebug  timer.o
    0x080038d0   0x080038d0   0x00000074   Code   RO         3948    i._ZN6CDebug10InfoHandleEPKcS1_  debug.o
    0x08003944   0x08003944   0x0000002c   Code   RO         3949    i._ZN6CDebug10OLED_ClearEv  debug.o
    0x08003970   0x08003970   0x0000004c   Code   RO         3950    i._ZN6CDebug11ErrorHandleEPKcS1_  debug.o
    0x080039bc   0x080039bc   0x0000001c   Code   RO         3951    i._ZN6CDebug11LED_ControlENS_9LED_STATEEh  debug.o
    0x080039d8   0x080039d8   0x00000058   Code   RO         3952    i._ZN6CDebug12OLED_WR_ByteEhh  debug.o
    0x08003a30   0x08003a30   0x000000b4   Code   RO         3953    i._ZN6CDebug13OLED_ShowCharEhhhhh  debug.o
    0x08003ae4   0x08003ae4   0x0000006e   Code   RO         3954    i._ZN6CDebug14OLED_DrawPointEhhh  debug.o
    0x08003b52   0x08003b52   0x00000098   Code   RO         3957    i._ZN6CDebug15OLED_ShowNumberEhhjhh  debug.o
    0x08003bea   0x08003bea   0x0000004c   Code   RO         3958    i._ZN6CDebug15OLED_ShowStringEhhPKc  debug.o
    0x08003c36   0x08003c36   0x00000002   PAD
    0x08003c38   0x08003c38   0x0000003c   Code   RO         3961    i._ZN6CDebug17LED_Flash_SupportEv  debug.o
    0x08003c74   0x08003c74   0x0000004e   Code   RO         3962    i._ZN6CDebug17OLED_Refresh_GramEv  debug.o
    0x08003cc2   0x08003cc2   0x00000002   PAD
    0x08003cc4   0x08003cc4   0x0000013c   Code   RO         3963    i._ZN6CDebug9OLED_InitEv  debug.o
    0x08003e00   0x08003e00   0x0000006c   Code   RO         3964    i._ZN6CDebugC1EP4CKey  debug.o
    0x08003e6c   0x08003e6c   0x00000088   Code   RO         3607    i._ZN6CMotor13MotorSpeedSetEss  motor.o
    0x08003ef4   0x08003ef4   0x00000058   Code   RO         3608    i._ZN6CMotor15ServoCompareSetEf  motor.o
    0x08003f4c   0x08003f4c   0x00000070   Code   RO         3609    i._ZN6CMotorC1EP6CDebug  motor.o
    0x08003fbc   0x08003fbc   0x000000ec   Code   RO         3764    i._ZN6CUSARTC1EP6CDebug  usart.o
    0x080040a8   0x080040a8   0x00000034   Code   RO         4083    i._ZN8CControl13AnglePretreatEh  control.o
    0x080040dc   0x080040dc   0x00000010   Code   RO         4084    i._ZN8CControl13SpeedPretreatEh  control.o
    0x080040ec   0x080040ec   0x000004b4   Code   RO         4085    i._ZN8CControl18Kinematic_AnalysisEff  control.o
    0x080045a0   0x080045a0   0x000000a8   Code   RO         4086    i._ZN8CControl19Incremental_PI_LeftEii  control.o
    0x08004648   0x08004648   0x000000bc   Code   RO         4087    i._ZN8CControl20Incremental_PI_RightEii  control.o
    0x08004704   0x08004704   0x00000054   Code   RO         4088    i._ZN8CControlC1EP6CDebugP8CEncoderP6CMotor  control.o
    0x08004758   0x08004758   0x00000020   Code   RO         3521    i._ZN8CEncoder13Read_LEncoderEv  encoder.o
    0x08004778   0x08004778   0x00000024   Code   RO         3522    i._ZN8CEncoder13Read_REncoderEv  encoder.o
    0x0800479c   0x0800479c   0x00000054   Code   RO         3523    i._ZN8CEncoderC1EP6CDebug  encoder.o
    0x080047f0   0x080047f0   0x00000028   Code   RO         4541    i.__ARM_fpclassify  m_ws.l(fpclassify.o)
    0x08004818   0x08004818   0x00000388   Code   RO         4413    i.__ieee754_rem_pio2  m_ws.l(rred.o)
    0x08004ba0   0x08004ba0   0x000000aa   Code   RO         4543    i.__kernel_poly     m_ws.l(poly.o)
    0x08004c4a   0x08004c4a   0x00000002   PAD
    0x08004c4c   0x08004c4c   0x0000027c   Code   RO         4418    i.__kernel_tan      m_ws.l(tan_i.o)
    0x08004ec8   0x08004ec8   0x00000006   Code   RO         4400    i.__mathlib_dbl_infnan  m_ws.l(dunder.o)
    0x08004ece   0x08004ece   0x0000000c   Code   RO         4402    i.__mathlib_dbl_invalid  m_ws.l(dunder.o)
    0x08004eda   0x08004eda   0x00000002   PAD
    0x08004edc   0x08004edc   0x00000010   Code   RO         4405    i.__mathlib_dbl_underflow  m_ws.l(dunder.o)
    0x08004eec   0x08004eec   0x0000000e   Code   RO         4345    i._is_digit         c_w.l(__printf_wp.o)
    0x08004efa   0x08004efa   0x00000002   PAD
    0x08004efc   0x08004efc   0x00000044   Code   RO         3855    i.delay_init        delay.o
    0x08004f40   0x08004f40   0x0000004c   Code   RO         3856    i.delay_ms          delay.o
    0x08004f8c   0x08004f8c   0x0000004c   Code   RO         3857    i.delay_us          delay.o
    0x08004fd8   0x08004fd8   0x0000015c   Code   RO         3162    i.main              main.o
    0x08005134   0x08005134   0x00000064   Code   RO         4250    i.tan               m_ws.l(tan.o)
    0x08005198   0x08005198   0x0000002c   Code   RO         4592    locale$$code        c_w.l(lc_numeric_c.o)
    0x080051c4   0x080051c4   0x0000002c   Code   RO         4626    locale$$code        c_w.l(lc_ctype_c.o)
    0x080051f0   0x080051f0   0x00000150   Code   RO         4197    x$fpl$dadd          fz_ws.l(daddsub_clz.o)
    0x08005340   0x08005340   0x00000010   Code   RO         4608    x$fpl$dcheck1       fz_ws.l(dcheck1.o)
    0x08005350   0x08005350   0x000002b0   Code   RO         4204    x$fpl$ddiv          fz_ws.l(ddiv.o)
    0x08005600   0x08005600   0x0000005e   Code   RO         4207    x$fpl$dfix          fz_ws.l(dfix.o)
    0x0800565e   0x0800565e   0x00000002   PAD
    0x08005660   0x08005660   0x0000005a   Code   RO         4211    x$fpl$dfixu         fz_ws.l(dfixu.o)
    0x080056ba   0x080056ba   0x0000002e   Code   RO         4534    x$fpl$dflt          fz_ws.l(dflt_clz.o)
    0x080056e8   0x080056e8   0x00000026   Code   RO         4533    x$fpl$dfltu         fz_ws.l(dflt_clz.o)
    0x0800570e   0x0800570e   0x00000002   PAD
    0x08005710   0x08005710   0x00000154   Code   RO         4215    x$fpl$dmul          fz_ws.l(dmul.o)
    0x08005864   0x08005864   0x0000009c   Code   RO         4380    x$fpl$dnaninf       fz_ws.l(dnaninf.o)
    0x08005900   0x08005900   0x0000000c   Code   RO         4382    x$fpl$dretinf       fz_ws.l(dretinf.o)
    0x0800590c   0x0800590c   0x00000016   Code   RO         4198    x$fpl$drsb          fz_ws.l(daddsub_clz.o)
    0x08005922   0x08005922   0x00000002   PAD
    0x08005924   0x08005924   0x000001d4   Code   RO         4199    x$fpl$dsub          fz_ws.l(daddsub_clz.o)
    0x08005af8   0x08005af8   0x00000056   Code   RO         4217    x$fpl$f2d           fz_ws.l(f2d.o)
    0x08005b4e   0x08005b4e   0x00000002   PAD
    0x08005b50   0x08005b50   0x000000c4   Code   RO         4219    x$fpl$fadd          fz_ws.l(faddsub_clz.o)
    0x08005c14   0x08005c14   0x00000018   Code   RO         4384    x$fpl$fcmpinf       fz_ws.l(fcmpi.o)
    0x08005c2c   0x08005c2c   0x00000184   Code   RO         4226    x$fpl$fdiv          fz_ws.l(fdiv.o)
    0x08005db0   0x08005db0   0x00000036   Code   RO         4229    x$fpl$ffix          fz_ws.l(ffix.o)
    0x08005de6   0x08005de6   0x00000002   PAD
    0x08005de8   0x08005de8   0x0000003e   Code   RO         4233    x$fpl$ffixu         fz_ws.l(ffixu.o)
    0x08005e26   0x08005e26   0x00000002   PAD
    0x08005e28   0x08005e28   0x00000030   Code   RO         4238    x$fpl$fflt          fz_ws.l(fflt_clz.o)
    0x08005e58   0x08005e58   0x00000068   Code   RO         4243    x$fpl$fleqf         fz_ws.l(fleqf.o)
    0x08005ec0   0x08005ec0   0x00000102   Code   RO         4245    x$fpl$fmul          fz_ws.l(fmul.o)
    0x08005fc2   0x08005fc2   0x0000008c   Code   RO         4386    x$fpl$fnaninf       fz_ws.l(fnaninf.o)
    0x0800604e   0x0800604e   0x0000000a   Code   RO         4388    x$fpl$fretinf       fz_ws.l(fretinf.o)
    0x08006058   0x08006058   0x00000062   Code   RO         4247    x$fpl$frleqf        fz_ws.l(frleqf.o)
    0x080060ba   0x080060ba   0x00000014   Code   RO         4220    x$fpl$frsb          fz_ws.l(faddsub_clz.o)
    0x080060ce   0x080060ce   0x00000002   PAD
    0x080060d0   0x080060d0   0x000000ea   Code   RO         4221    x$fpl$fsub          fz_ws.l(faddsub_clz.o)
    0x080061ba   0x080061ba   0x00000004   Code   RO         4390    x$fpl$printf1       fz_ws.l(printf1.o)
    0x080061be   0x080061be   0x00000004   Code   RO         4392    x$fpl$printf2       fz_ws.l(printf2.o)
    0x080061c2   0x080061c2   0x00000064   Code   RO         4654    x$fpl$retnan        fz_ws.l(retnan.o)
    0x08006226   0x08006226   0x0000005c   Code   RO         4539    x$fpl$scalbn        fz_ws.l(scalbn.o)
    0x08006282   0x08006282   0x00000030   Code   RO         4667    x$fpl$trapveneer    fz_ws.l(trapv.o)
    0x080062b2   0x080062b2   0x00000000   Code   RO         4398    x$fpl$usenofp       fz_ws.l(usenofp.o)
    0x080062b2   0x080062b2   0x00000022   Data   RO         3686    .constdata          pstwo.o
    0x080062d4   0x080062d4   0x00000a64   Data   RO         3987    .constdata          debug.o
    0x08006d38   0x08006d38   0x00000008   Data   RO         4304    .constdata          c_w.l(_printf_wctomb.o)
    0x08006d40   0x08006d40   0x00000028   Data   RO         4333    .constdata          c_w.l(_printf_hex_int_ll_ptr.o)
    0x08006d68   0x08006d68   0x00000011   Data   RO         4353    .constdata          c_w.l(__printf_flags_ss_wp.o)
    0x08006d79   0x08006d79   0x00000007   PAD
    0x08006d80   0x08006d80   0x000000c8   Data   RO         4415    .constdata          m_ws.l(rred.o)
    0x08006e48   0x08006e48   0x00000060   Data   RO         4419    .constdata          m_ws.l(tan_i.o)
    0x08006ea8   0x08006ea8   0x00000026   Data   RO         4464    .constdata          c_w.l(_printf_fp_hex.o)
    0x08006ece   0x08006ece   0x00000002   PAD
    0x08006ed0   0x08006ed0   0x00000094   Data   RO         4567    .constdata          c_w.l(bigflt0.o)
    0x08006f64   0x08006f64   0x00000020   Data   RO         4688    Region$$Table       anon$$obj.o
    0x08006f84   0x08006f84   0x0000001c   Data   RO         4591    locale$$data        c_w.l(lc_numeric_c.o)
    0x08006fa0   0x08006fa0   0x00000110   Data   RO         4625    locale$$data        c_w.l(lc_ctype_c.o)


    Execution Region RW_IRAM1 (Exec base: 0x20000000, Load base: 0x080070b0, Size: 0x000006c0, Max: 0x0000c000, ABSOLUTE)

    Exec Addr    Load Addr    Size         Type   Attr      Idx    E Section Name        Object

    0x20000000   0x080070b0   0x00000014   Data   RW           14    .data               system_stm32f10x.o
    0x20000014   0x080070c4   0x00000014   Data   RW         1728    .data               stm32f10x_rcc.o
    0x20000028   0x080070d8   0x00000001   Data   RW         3406    .data               imu.o
    0x20000029   0x080070d9   0x00000001   Data   RW         3531    .data               encoder.o
    0x2000002a   0x080070da   0x00000002   Data   RW         3573    .data               key.o
    0x2000002c   0x080070dc   0x00000001   Data   RW         3618    .data               motor.o
    0x2000002d   0x080070dd   0x00000001   Data   RW         3687    .data               pstwo.o
    0x2000002e   0x080070de   0x00000002   PAD
    0x20000030   0x080070e0   0x0000000c   Data   RW         3773    .data               usart.o
    0x2000003c   0x080070ec   0x00000001   Data   RW         3822    .data               timer.o
    0x2000003d   0x080070ed   0x00000001   PAD
    0x2000003e   0x080070ee   0x00000004   Data   RW         3858    .data               delay.o
    0x20000042   0x080070f2   0x00000002   Data   RW         3988    .data               debug.o
    0x20000044   0x080070f4   0x00000018   Data   RW         4097    .data               control.o
    0x2000005c        -       0x00000060   Zero   RW         4425    .bss                c_w.l(libspace.o)
    0x200000bc   0x0800710c   0x00000004   PAD
    0x200000c0        -       0x00000200   Zero   RW            2    HEAP                startup_stm32f10x_hd.o
    0x200002c0        -       0x00000400   Zero   RW            1    STACK               startup_stm32f10x_hd.o


==============================================================================

Image component sizes


      Code (inc. data)   RO Data    RW Data    ZI Data      Debug   Object Name

      1712         90          0         24          0       4620   control.o
      1550        122       2660          2          0      10624   debug.o
       220         26          0          4          0       1807   delay.o
       520         66          0          1          0       3208   encoder.o
       368         56          0          1          0       2316   imu.o
       128         22          0          2          0       2452   key.o
       400         38          0          0          0     254607   main.o
       152         12          0          0          0       1746   misc.o
       692         90          0          1          0       3576   motor.o
      1008        118         34          1          0       6788   pstwo.o
       692        106          0          0          0       4338   sim-iic.o
        64         26        304          0       1536        864   startup_stm32f10x_hd.o
        12          6          0          0          0        571   stm32f10x_bkp.o
       422          6          0          0          0       3002   stm32f10x_gpio.o
        26          0          0          0          0       4034   stm32f10x_it.o
        12          6          0          0          0        574   stm32f10x_pwr.o
       328         38          0         20          0       5318   stm32f10x_rcc.o
      1896        200          0          0          0      19315   stm32f10x_tim.o
       314          6          0          0          0       3954   stm32f10x_usart.o
       328         28          0         20          0     255625   system_stm32f10x.o
       292         80          0          1          0       2132   timer.o
       236         48          0         12          0       2000   usart.o

    ----------------------------------------------------------------------
     11400       1190       3030         92       1536     593471   Object Totals
         0          0         32          0          0          0   (incl. Generated)
        28          0          0          3          0          0   (incl. Padding)

    ----------------------------------------------------------------------

      Code (inc. data)   RO Data    RW Data    ZI Data      Debug   Library Member Name

         8          0          0          0          0         68   __main.o
       392          4         17          0          0         92   __printf_flags_ss_wp.o
        14          0          0          0          0         68   __printf_wp.o
         0          0          0          0          0          0   __rtentry.o
        12          0          0          0          0          0   __rtentry2.o
         6          0          0          0          0          0   __rtentry4.o
        52          8          0          0          0          0   __scatter.o
        26          0          0          0          0          0   __scatter_copy.o
        28          0          0          0          0          0   __scatter_zi.o
         6          0          0          0          0          0   _printf_a.o
         6          0          0          0          0          0   _printf_c.o
        44          0          0          0          0        108   _printf_char.o
        48          6          0          0          0         96   _printf_char_common.o
        40          0          0          0          0         68   _printf_charcount.o
         6          0          0          0          0          0   _printf_d.o
       120         16          0          0          0         92   _printf_dec.o
         6          0          0          0          0          0   _printf_e.o
         6          0          0          0          0          0   _printf_f.o
      1054          0          0          0          0        216   _printf_fp_dec.o
       764          8         38          0          0        100   _printf_fp_hex.o
       128         16          0          0          0         84   _printf_fp_infnan.o
         6          0          0          0          0          0   _printf_g.o
       148          4         40          0          0        160   _printf_hex_int_ll_ptr.o
         6          0          0          0          0          0   _printf_i.o
       178          0          0          0          0         88   _printf_intcommon.o
        10          0          0          0          0          0   _printf_l.o
         6          0          0          0          0          0   _printf_lc.o
        10          0          0          0          0          0   _printf_ll.o
         6          0          0          0          0          0   _printf_lld.o
         6          0          0          0          0          0   _printf_lli.o
         6          0          0          0          0          0   _printf_llo.o
         6          0          0          0          0          0   _printf_llu.o
         6          0          0          0          0          0   _printf_llx.o
       124         16          0          0          0         92   _printf_longlong_dec.o
         6          0          0          0          0          0   _printf_ls.o
         6          0          0          0          0          0   _printf_n.o
         6          0          0          0          0          0   _printf_o.o
       112         10          0          0          0        124   _printf_oct_int_ll.o
         6          0          0          0          0          0   _printf_p.o
        78          0          0          0          0        108   _printf_pad.o
         0          0          0          0          0          0   _printf_percent.o
         4          0          0          0          0          0   _printf_percent_end.o
         6          0          0          0          0          0   _printf_s.o
        82          0          0          0          0         80   _printf_str.o
        36          0          0          0          0         84   _printf_truncate.o
         6          0          0          0          0          0   _printf_u.o
        44          0          0          0          0        108   _printf_wchar.o
       188          6          8          0          0         92   _printf_wctomb.o
         6          0          0          0          0          0   _printf_x.o
        22          0          0          0          0        100   _rserrno.o
        16          0          0          0          0         68   _snputc.o
        10          0          0          0          0         68   _sputc.o
        64          0          0          0          0         92   _wcrtomb.o
        54          0          0          0          0         92   asprintf.o
       228          4        148          0          0         96   bigflt0.o
      1936        128          0          0          0        672   btod.o
        10          0          0          0          0         68   defsig_exit.o
        50          0          0          0          0         88   defsig_general.o
        80         58          0          0          0         76   defsig_rtmem_inner.o
        14          0          0          0          0         80   defsig_rtmem_outer.o
        18          0          0          0          0         80   exit.o
        94          0          0          0          0         80   h1_alloc.o
        52          0          0          0          0         68   h1_extend.o
        78          0          0          0          0         80   h1_free.o
        14          0          0          0          0         84   h1_init.o
         6          0          0          0          0        152   heapauxi.o
         4          0          0          0          0        136   hguard.o
         0          0          0          0          0          0   indicate_semi.o
       138          0          0          0          0        168   init_alloc.o
        44         10        272          0          0         76   lc_ctype_c.o
        44         10         28          0          0         76   lc_numeric_c.o
         2          0          0          0          0          0   libinit.o
        38          0          0          0          0          0   libinit2.o
         2          0          0          0          0          0   libshutdown.o
         2          0          0          0          0          0   libshutdown2.o
         8          4          0          0         96         68   libspace.o
       138          0          0          0          0         80   lludiv10.o
         0          0          0          0          0          0   maybetermalloc1.o
        16          4          0          0          0         76   rt_ctype_table.o
         8          4          0          0          0         68   rt_errno_addr_intlibspace.o
         8          4          0          0          0         68   rt_heap_descriptor_intlibspace.o
         8          4          0          0          0         68   rt_locale_intlibspace.o
         2          0          0          0          0          0   rtexit.o
        10          0          0          0          0          0   rtexit2.o
       128          0          0          0          0         68   strcmpv7m.o
        12          4          0          0          0         68   sys_exit.o
        74          0          0          0          0         80   sys_stackheap_outer.o
        14          0          0          0          0         76   sys_wrch.o
         2          0          0          0          0         68   use_no_semi.o
        52          4          0          0          0         80   vsnprintf.o
       826         16          0          0          0        348   daddsub_clz.o
        16          4          0          0          0         68   dcheck1.o
       688        140          0          0          0        208   ddiv.o
        94          4          0          0          0         92   dfix.o
        90          4          0          0          0         92   dfixu.o
        84          0          0          0          0        136   dflt_clz.o
       340         12          0          0          0        104   dmul.o
       156          4          0          0          0         92   dnaninf.o
        12          0          0          0          0         68   dretinf.o
        86          4          0          0          0         84   f2d.o
       450          8          0          0          0        236   faddsub_clz.o
        24          0          0          0          0         68   fcmpi.o
       388         76          0          0          0         96   fdiv.o
        54          4          0          0          0         84   ffix.o
        62          4          0          0          0         84   ffixu.o
        48          0          0          0          0         68   fflt_clz.o
       104          4          0          0          0         84   fleqf.o
       258          4          0          0          0         84   fmul.o
       140          4          0          0          0         84   fnaninf.o
        10          0          0          0          0         68   fretinf.o
        98          0          0          0          0         68   frleqf.o
         4          0          0          0          0         68   printf1.o
         4          0          0          0          0         68   printf2.o
       100          0          0          0          0         68   retnan.o
        92          0          0          0          0         68   scalbn.o
        48          0          0          0          0         68   trapv.o
         0          0          0          0          0          0   usenofp.o
        34          6          0          0          0        204   dunder.o
        40          0          0          0          0         68   fpclassify.o
       170          0          0          0          0         96   poly.o
       904         76        200          0          0        140   rred.o
       100         10          0          0          0         96   tan.o
       636         50         96          0          0        168   tan_i.o

    ----------------------------------------------------------------------
     13562        766        856          0        100       8724   Library Totals
        32          0          9          0          4          0   (incl. Padding)

    ----------------------------------------------------------------------

      Code (inc. data)   RO Data    RW Data    ZI Data      Debug   Library Name

      7370        332        551          0         96       5296   c_w.l
      4276        292          0          0          0       2656   fz_ws.l
      1884        142        296          0          0        772   m_ws.l

    ----------------------------------------------------------------------
     13562        766        856          0        100       8724   Library Totals

    ----------------------------------------------------------------------

==============================================================================


      Code (inc. data)   RO Data    RW Data    ZI Data      Debug   

     24962       1956       3886         92       1636     591271   Grand Totals
     24962       1956       3886         92       1636     591271   ELF Image Totals
     24962       1956       3886         92          0          0   ROM Totals

==============================================================================

    Total RO  Size (Code + RO Data)                28848 (  28.17kB)
    Total RW  Size (RW Data + ZI Data)              1728 (   1.69kB)
    Total ROM Size (Code + RO Data + RW Data)      28940 (  28.26kB)

==============================================================================

